Archive member included to satisfy reference by file (symbol)

/home/james/Downloads/gcc-arm-none-eabi-5_4-2016q3/bin/../lib/gcc/arm-none-eabi/5.4.1/armv6-m/libgcc.a(_thumb1_case_uqi.o)
                              build/tasks.o (__gnu_thumb1_case_uqi)
/home/james/Downloads/gcc-arm-none-eabi-5_4-2016q3/bin/../lib/gcc/arm-none-eabi/5.4.1/armv6-m/libgcc.a(_udivsi3.o)
                              build/system_MKL46Z4.o (__aeabi_uidiv)
/home/james/Downloads/gcc-arm-none-eabi-5_4-2016q3/bin/../lib/gcc/arm-none-eabi/5.4.1/armv6-m/libgcc.a(_dvmd_tls.o)
                              /home/james/Downloads/gcc-arm-none-eabi-5_4-2016q3/bin/../lib/gcc/arm-none-eabi/5.4.1/armv6-m/libgcc.a(_udivsi3.o) (__aeabi_idiv0)
/home/james/Downloads/gcc-arm-none-eabi-5_4-2016q3/bin/../lib/gcc/arm-none-eabi/5.4.1/../../../../arm-none-eabi/lib/armv6-m/libc_nano.a(lib_a-exit.o)
                              /home/james/Downloads/gcc-arm-none-eabi-5_4-2016q3/bin/../lib/gcc/arm-none-eabi/5.4.1/../../../../arm-none-eabi/lib/armv6-m/crt0.o (exit)
/home/james/Downloads/gcc-arm-none-eabi-5_4-2016q3/bin/../lib/gcc/arm-none-eabi/5.4.1/../../../../arm-none-eabi/lib/armv6-m/libc_nano.a(lib_a-impure.o)
                              /home/james/Downloads/gcc-arm-none-eabi-5_4-2016q3/bin/../lib/gcc/arm-none-eabi/5.4.1/../../../../arm-none-eabi/lib/armv6-m/libc_nano.a(lib_a-exit.o) (_global_impure_ptr)
/home/james/Downloads/gcc-arm-none-eabi-5_4-2016q3/bin/../lib/gcc/arm-none-eabi/5.4.1/../../../../arm-none-eabi/lib/armv6-m/libc_nano.a(lib_a-init.o)
                              /home/james/Downloads/gcc-arm-none-eabi-5_4-2016q3/bin/../lib/gcc/arm-none-eabi/5.4.1/../../../../arm-none-eabi/lib/armv6-m/crt0.o (__libc_init_array)
/home/james/Downloads/gcc-arm-none-eabi-5_4-2016q3/bin/../lib/gcc/arm-none-eabi/5.4.1/../../../../arm-none-eabi/lib/armv6-m/libc_nano.a(lib_a-malloc.o)
                              build/heap_3.o (malloc)
/home/james/Downloads/gcc-arm-none-eabi-5_4-2016q3/bin/../lib/gcc/arm-none-eabi/5.4.1/../../../../arm-none-eabi/lib/armv6-m/libc_nano.a(lib_a-memcpy-stub.o)
                              build/queue.o (memcpy)
/home/james/Downloads/gcc-arm-none-eabi-5_4-2016q3/bin/../lib/gcc/arm-none-eabi/5.4.1/../../../../arm-none-eabi/lib/armv6-m/libc_nano.a(lib_a-memset.o)
                              /home/james/Downloads/gcc-arm-none-eabi-5_4-2016q3/bin/../lib/gcc/arm-none-eabi/5.4.1/../../../../arm-none-eabi/lib/armv6-m/crt0.o (memset)
/home/james/Downloads/gcc-arm-none-eabi-5_4-2016q3/bin/../lib/gcc/arm-none-eabi/5.4.1/../../../../arm-none-eabi/lib/armv6-m/libc_nano.a(lib_a-nano-freer.o)
                              /home/james/Downloads/gcc-arm-none-eabi-5_4-2016q3/bin/../lib/gcc/arm-none-eabi/5.4.1/../../../../arm-none-eabi/lib/armv6-m/libc_nano.a(lib_a-malloc.o) (_free_r)
/home/james/Downloads/gcc-arm-none-eabi-5_4-2016q3/bin/../lib/gcc/arm-none-eabi/5.4.1/../../../../arm-none-eabi/lib/armv6-m/libc_nano.a(lib_a-nano-mallocr.o)
                              /home/james/Downloads/gcc-arm-none-eabi-5_4-2016q3/bin/../lib/gcc/arm-none-eabi/5.4.1/../../../../arm-none-eabi/lib/armv6-m/libc_nano.a(lib_a-malloc.o) (_malloc_r)
/home/james/Downloads/gcc-arm-none-eabi-5_4-2016q3/bin/../lib/gcc/arm-none-eabi/5.4.1/../../../../arm-none-eabi/lib/armv6-m/libc_nano.a(lib_a-sbrkr.o)
                              /home/james/Downloads/gcc-arm-none-eabi-5_4-2016q3/bin/../lib/gcc/arm-none-eabi/5.4.1/../../../../arm-none-eabi/lib/armv6-m/libc_nano.a(lib_a-nano-mallocr.o) (_sbrk_r)
/home/james/Downloads/gcc-arm-none-eabi-5_4-2016q3/bin/../lib/gcc/arm-none-eabi/5.4.1/../../../../arm-none-eabi/lib/armv6-m/libc_nano.a(lib_a-setjmp.o)
                              build/port.o (setjmp)
/home/james/Downloads/gcc-arm-none-eabi-5_4-2016q3/bin/../lib/gcc/arm-none-eabi/5.4.1/../../../../arm-none-eabi/lib/armv6-m/libc_nano.a(lib_a-mlock.o)
                              /home/james/Downloads/gcc-arm-none-eabi-5_4-2016q3/bin/../lib/gcc/arm-none-eabi/5.4.1/../../../../arm-none-eabi/lib/armv6-m/libc_nano.a(lib_a-nano-freer.o) (__malloc_lock)
/home/james/Downloads/gcc-arm-none-eabi-5_4-2016q3/bin/../lib/gcc/arm-none-eabi/5.4.1/../../../../arm-none-eabi/lib/armv6-m/libc_nano.a(lib_a-reent.o)
                              /home/james/Downloads/gcc-arm-none-eabi-5_4-2016q3/bin/../lib/gcc/arm-none-eabi/5.4.1/../../../../arm-none-eabi/lib/armv6-m/libc_nano.a(lib_a-sbrkr.o) (errno)
/home/james/Downloads/gcc-arm-none-eabi-5_4-2016q3/bin/../lib/gcc/arm-none-eabi/5.4.1/../../../../arm-none-eabi/lib/armv6-m/libnosys.a(sbrk.o)
                              /home/james/Downloads/gcc-arm-none-eabi-5_4-2016q3/bin/../lib/gcc/arm-none-eabi/5.4.1/../../../../arm-none-eabi/lib/armv6-m/libc_nano.a(lib_a-sbrkr.o) (_sbrk)
/home/james/Downloads/gcc-arm-none-eabi-5_4-2016q3/bin/../lib/gcc/arm-none-eabi/5.4.1/../../../../arm-none-eabi/lib/armv6-m/libnosys.a(_exit.o)
                              /home/james/Downloads/gcc-arm-none-eabi-5_4-2016q3/bin/../lib/gcc/arm-none-eabi/5.4.1/../../../../arm-none-eabi/lib/armv6-m/libc_nano.a(lib_a-exit.o) (_exit)

Allocating common symbols
Common symbol       size              file

errno               0x4               /home/james/Downloads/gcc-arm-none-eabi-5_4-2016q3/bin/../lib/gcc/arm-none-eabi/5.4.1/../../../../arm-none-eabi/lib/armv6-m/libc_nano.a(lib_a-reent.o)

Discarded input sections

 .text          0x00000000        0x0 /home/james/Downloads/gcc-arm-none-eabi-5_4-2016q3/bin/../lib/gcc/arm-none-eabi/5.4.1/armv6-m/crti.o
 .data          0x00000000        0x0 /home/james/Downloads/gcc-arm-none-eabi-5_4-2016q3/bin/../lib/gcc/arm-none-eabi/5.4.1/armv6-m/crti.o
 .bss           0x00000000        0x0 /home/james/Downloads/gcc-arm-none-eabi-5_4-2016q3/bin/../lib/gcc/arm-none-eabi/5.4.1/armv6-m/crti.o
 .data          0x00000000        0x4 /home/james/Downloads/gcc-arm-none-eabi-5_4-2016q3/bin/../lib/gcc/arm-none-eabi/5.4.1/armv6-m/crtbegin.o
 .data          0x00000000        0x0 /home/james/Downloads/gcc-arm-none-eabi-5_4-2016q3/bin/../lib/gcc/arm-none-eabi/5.4.1/../../../../arm-none-eabi/lib/armv6-m/crt0.o
 .bss           0x00000000        0x0 /home/james/Downloads/gcc-arm-none-eabi-5_4-2016q3/bin/../lib/gcc/arm-none-eabi/5.4.1/../../../../arm-none-eabi/lib/armv6-m/crt0.o
 .ARM.extab     0x00000000        0x0 /home/james/Downloads/gcc-arm-none-eabi-5_4-2016q3/bin/../lib/gcc/arm-none-eabi/5.4.1/../../../../arm-none-eabi/lib/armv6-m/crt0.o
 .text          0x00000000        0x0 build/system_MKL46Z4.o
 .data          0x00000000        0x0 build/system_MKL46Z4.o
 .bss           0x00000000        0x0 build/system_MKL46Z4.o
 .text.SystemCoreClockUpdate
                0x00000000      0x10c build/system_MKL46Z4.o
 .text          0x00000000        0x0 build/main.o
 .data          0x00000000        0x0 build/main.o
 .bss           0x00000000        0x0 build/main.o
 .text          0x00000000        0x0 build/heap_2.o
 .data          0x00000000        0x0 build/heap_2.o
 .bss           0x00000000        0x0 build/heap_2.o
 .debug_line    0x00000000        0x0 build/heap_2.o
 .debug_str     0x00000000      0x154 build/heap_2.o
 .comment       0x00000000       0x6f build/heap_2.o
 .ARM.attributes
                0x00000000       0x32 build/heap_2.o
 .text          0x00000000        0x0 build/heap_3.o
 .data          0x00000000        0x0 build/heap_3.o
 .bss           0x00000000        0x0 build/heap_3.o
 .text          0x00000000        0x0 build/heap_4.o
 .data          0x00000000        0x0 build/heap_4.o
 .bss           0x00000000        0x0 build/heap_4.o
 .debug_line    0x00000000        0x0 build/heap_4.o
 .debug_str     0x00000000      0x154 build/heap_4.o
 .comment       0x00000000       0x6f build/heap_4.o
 .ARM.attributes
                0x00000000       0x32 build/heap_4.o
 .text          0x00000000        0x0 build/heap_5.o
 .data          0x00000000        0x0 build/heap_5.o
 .bss           0x00000000        0x0 build/heap_5.o
 .debug_line    0x00000000        0x0 build/heap_5.o
 .debug_str     0x00000000      0x154 build/heap_5.o
 .comment       0x00000000       0x6f build/heap_5.o
 .ARM.attributes
                0x00000000       0x32 build/heap_5.o
 .text          0x00000000        0x0 build/queue.o
 .data          0x00000000        0x0 build/queue.o
 .bss           0x00000000        0x0 build/queue.o
 .text.xQueueGetMutexHolder
                0x00000000       0x1a build/queue.o
 .text.xQueueCreateCountingSemaphore
                0x00000000       0x2e build/queue.o
 .text.xQueueCreateMutex
                0x00000000       0x48 build/queue.o
 .text.xQueueGiveMutexRecursive
                0x00000000       0x32 build/queue.o
 .text.xQueueGiveFromISR
                0x00000000       0x64 build/queue.o
 .text.xQueueTakeMutexRecursive
                0x00000000       0x3c build/queue.o
 .text.xQueueReceiveFromISR
                0x00000000       0x74 build/queue.o
 .text.xQueuePeekFromISR
                0x00000000       0x52 build/queue.o
 .text.uxQueueMessagesWaiting
                0x00000000       0x1a build/queue.o
 .text.uxQueueSpacesAvailable
                0x00000000       0x1e build/queue.o
 .text.uxQueueMessagesWaitingFromISR
                0x00000000       0x10 build/queue.o
 .text.vQueueDelete
                0x00000000       0x12 build/queue.o
 .text.xQueueIsQueueEmptyFromISR
                0x00000000       0x14 build/queue.o
 .text.xQueueIsQueueFullFromISR
                0x00000000       0x18 build/queue.o
 .text          0x00000000        0x0 build/croutine.o
 .data          0x00000000        0x0 build/croutine.o
 .bss           0x00000000        0x0 build/croutine.o
 .text.xCoRoutineCreate
                0x00000000       0xc0 build/croutine.o
 .text.vCoRoutineAddToDelayedList
                0x00000000       0x4c build/croutine.o
 .text.vCoRoutineSchedule
                0x00000000      0x14c build/croutine.o
 .text.xCoRoutineRemoveFromEventList
                0x00000000       0x30 build/croutine.o
 .bss.xDelayedCoRoutineList1
                0x00000000       0x14 build/croutine.o
 .bss.xPassedTicks
                0x00000000        0x4 build/croutine.o
 .bss.xPendingReadyCoRoutineList
                0x00000000       0x14 build/croutine.o
 .bss.pxCurrentCoRoutine
                0x00000000        0x4 build/croutine.o
 .bss.xDelayedCoRoutineList2
                0x00000000       0x14 build/croutine.o
 .bss.xCoRoutineTickCount
                0x00000000        0x4 build/croutine.o
 .bss.xLastTickCount
                0x00000000        0x4 build/croutine.o
 .bss.pxDelayedCoRoutineList
                0x00000000        0x4 build/croutine.o
 .bss.pxReadyCoRoutineLists
                0x00000000       0x28 build/croutine.o
 .bss.uxTopCoRoutineReadyPriority
                0x00000000        0x4 build/croutine.o
 .bss.pxOverflowDelayedCoRoutineList
                0x00000000        0x4 build/croutine.o
 .debug_info    0x00000000      0x730 build/croutine.o
 .debug_abbrev  0x00000000      0x23f build/croutine.o
 .debug_loc     0x00000000      0x237 build/croutine.o
 .debug_aranges
                0x00000000       0x38 build/croutine.o
 .debug_ranges  0x00000000       0x78 build/croutine.o
 .debug_line    0x00000000      0x26d build/croutine.o
 .debug_str     0x00000000      0x600 build/croutine.o
 .comment       0x00000000       0x6f build/croutine.o
 .debug_frame   0x00000000       0x90 build/croutine.o
 .ARM.attributes
                0x00000000       0x32 build/croutine.o
 .text          0x00000000        0x0 build/list.o
 .data          0x00000000        0x0 build/list.o
 .bss           0x00000000        0x0 build/list.o
 .text          0x00000000        0x0 build/heap_1.o
 .data          0x00000000        0x0 build/heap_1.o
 .bss           0x00000000        0x0 build/heap_1.o
 .debug_line    0x00000000        0x0 build/heap_1.o
 .debug_str     0x00000000      0x154 build/heap_1.o
 .comment       0x00000000       0x6f build/heap_1.o
 .ARM.attributes
                0x00000000       0x32 build/heap_1.o
 .text          0x00000000        0x0 build/event_groups.o
 .data          0x00000000        0x0 build/event_groups.o
 .bss           0x00000000        0x0 build/event_groups.o
 .text.xEventGroupCreate
                0x00000000       0x18 build/event_groups.o
 .text.xEventGroupWaitBits
                0x00000000       0xde build/event_groups.o
 .text.xEventGroupClearBits
                0x00000000       0x2e build/event_groups.o
 .text.xEventGroupGetBitsFromISR
                0x00000000       0x12 build/event_groups.o
 .text.xEventGroupSetBits
                0x00000000       0x7a build/event_groups.o
 .text.xEventGroupSync
                0x00000000       0xaa build/event_groups.o
 .text.vEventGroupDelete
                0x00000000       0x34 build/event_groups.o
 .text.vEventGroupSetBitsCallback
                0x00000000        0x8 build/event_groups.o
 .text.vEventGroupClearBitsCallback
                0x00000000        0x8 build/event_groups.o
 .debug_info    0x00000000      0x955 build/event_groups.o
 .debug_abbrev  0x00000000      0x1bc build/event_groups.o
 .debug_loc     0x00000000      0xaa4 build/event_groups.o
 .debug_aranges
                0x00000000       0x60 build/event_groups.o
 .debug_ranges  0x00000000       0x68 build/event_groups.o
 .debug_line    0x00000000      0x32e build/event_groups.o
 .debug_str     0x00000000      0x676 build/event_groups.o
 .comment       0x00000000       0x6f build/event_groups.o
 .debug_frame   0x00000000      0x110 build/event_groups.o
 .ARM.attributes
                0x00000000       0x32 build/event_groups.o
 .text          0x00000000        0x0 build/tasks.o
 .data          0x00000000        0x0 build/tasks.o
 .bss           0x00000000        0x0 build/tasks.o
 .text.prvTaskIsTaskSuspended
                0x00000000       0x30 build/tasks.o
 .text.vTaskDelete
                0x00000000       0x8c build/tasks.o
 .text.uxTaskPriorityGet
                0x00000000       0x20 build/tasks.o
 .text.uxTaskPriorityGetFromISR
                0x00000000       0x20 build/tasks.o
 .text.vTaskPrioritySet
                0x00000000       0xa4 build/tasks.o
 .text.vTaskResume
                0x00000000       0x64 build/tasks.o
 .text.xTaskResumeFromISR
                0x00000000       0x7c build/tasks.o
 .text.vTaskEndScheduler
                0x00000000       0x18 build/tasks.o
 .text.xTaskGetTickCountFromISR
                0x00000000       0x18 build/tasks.o
 .text.uxTaskGetNumberOfTasks
                0x00000000        0xc build/tasks.o
 .text.vTaskDelayUntil
                0x00000000       0x7c build/tasks.o
 .text.vTaskSuspend
                0x00000000       0x90 build/tasks.o
 .text.vTaskPlaceOnUnorderedEventList
                0x00000000       0x64 build/tasks.o
 .text.xTaskRemoveFromUnorderedEventList
                0x00000000       0x74 build/tasks.o
 .text.uxTaskGetStackHighWaterMark
                0x00000000       0x24 build/tasks.o
 .text.xTaskGetCurrentTaskHandle
                0x00000000        0xc build/tasks.o
 .text.uxTaskResetEventItemValue
                0x00000000       0x18 build/tasks.o
 .text.ulTaskNotifyTake
                0x00000000       0x88 build/tasks.o
 .text.xTaskNotifyWait
                0x00000000       0x9c build/tasks.o
 .text.xTaskNotify
                0x00000000       0xa0 build/tasks.o
 .text.xTaskNotifyFromISR
                0x00000000       0xc8 build/tasks.o
 .text.vTaskNotifyGiveFromISR
                0x00000000       0x98 build/tasks.o
 .text          0x00000000        0x0 build/timers.o
 .data          0x00000000        0x0 build/timers.o
 .bss           0x00000000        0x0 build/timers.o
 .text.xTimerCreate
                0x00000000       0x3c build/timers.o
 .text.pcTimerGetTimerName
                0x00000000        0x4 build/timers.o
 .text.xTimerIsTimerActive
                0x00000000       0x16 build/timers.o
 .text.pvTimerGetTimerID
                0x00000000        0x4 build/timers.o
 .text.xTimerPendFunctionCallFromISR
                0x00000000       0x28 build/timers.o
 .text.xTimerPendFunctionCall
                0x00000000       0x34 build/timers.o
 .text          0x00000000        0x0 build/port.o
 .data          0x00000000        0x0 build/port.o
 .bss           0x00000000        0x0 build/port.o
 .text.vPortStartTickTimer
                0x00000000        0xc build/port.o
 .text.vPortStopTickTimer
                0x00000000        0xc build/port.o
 .text.vPortEndScheduler
                0x00000000       0x18 build/port.o
 .text.uxGetTickCounterValue
                0x00000000        0xc build/port.o
 .data          0x00000000        0x0 build/startup_MKL46Z4.o
 .bss           0x00000000        0x0 build/startup_MKL46Z4.o
 .text          0x00000000       0x14 /home/james/Downloads/gcc-arm-none-eabi-5_4-2016q3/bin/../lib/gcc/arm-none-eabi/5.4.1/armv6-m/libgcc.a(_thumb1_case_uqi.o)
 .data          0x00000000        0x0 /home/james/Downloads/gcc-arm-none-eabi-5_4-2016q3/bin/../lib/gcc/arm-none-eabi/5.4.1/armv6-m/libgcc.a(_thumb1_case_uqi.o)
 .bss           0x00000000        0x0 /home/james/Downloads/gcc-arm-none-eabi-5_4-2016q3/bin/../lib/gcc/arm-none-eabi/5.4.1/armv6-m/libgcc.a(_thumb1_case_uqi.o)
 .ARM.attributes
                0x00000000       0x1e /home/james/Downloads/gcc-arm-none-eabi-5_4-2016q3/bin/../lib/gcc/arm-none-eabi/5.4.1/armv6-m/libgcc.a(_thumb1_case_uqi.o)
 .data          0x00000000        0x0 /home/james/Downloads/gcc-arm-none-eabi-5_4-2016q3/bin/../lib/gcc/arm-none-eabi/5.4.1/armv6-m/libgcc.a(_udivsi3.o)
 .bss           0x00000000        0x0 /home/james/Downloads/gcc-arm-none-eabi-5_4-2016q3/bin/../lib/gcc/arm-none-eabi/5.4.1/armv6-m/libgcc.a(_udivsi3.o)
 .data          0x00000000        0x0 /home/james/Downloads/gcc-arm-none-eabi-5_4-2016q3/bin/../lib/gcc/arm-none-eabi/5.4.1/armv6-m/libgcc.a(_dvmd_tls.o)
 .bss           0x00000000        0x0 /home/james/Downloads/gcc-arm-none-eabi-5_4-2016q3/bin/../lib/gcc/arm-none-eabi/5.4.1/armv6-m/libgcc.a(_dvmd_tls.o)
 .text          0x00000000        0x0 /home/james/Downloads/gcc-arm-none-eabi-5_4-2016q3/bin/../lib/gcc/arm-none-eabi/5.4.1/../../../../arm-none-eabi/lib/armv6-m/libc_nano.a(lib_a-exit.o)
 .data          0x00000000        0x0 /home/james/Downloads/gcc-arm-none-eabi-5_4-2016q3/bin/../lib/gcc/arm-none-eabi/5.4.1/../../../../arm-none-eabi/lib/armv6-m/libc_nano.a(lib_a-exit.o)
 .bss           0x00000000        0x0 /home/james/Downloads/gcc-arm-none-eabi-5_4-2016q3/bin/../lib/gcc/arm-none-eabi/5.4.1/../../../../arm-none-eabi/lib/armv6-m/libc_nano.a(lib_a-exit.o)
 .text          0x00000000        0x0 /home/james/Downloads/gcc-arm-none-eabi-5_4-2016q3/bin/../lib/gcc/arm-none-eabi/5.4.1/../../../../arm-none-eabi/lib/armv6-m/libc_nano.a(lib_a-impure.o)
 .data          0x00000000        0x0 /home/james/Downloads/gcc-arm-none-eabi-5_4-2016q3/bin/../lib/gcc/arm-none-eabi/5.4.1/../../../../arm-none-eabi/lib/armv6-m/libc_nano.a(lib_a-impure.o)
 .bss           0x00000000        0x0 /home/james/Downloads/gcc-arm-none-eabi-5_4-2016q3/bin/../lib/gcc/arm-none-eabi/5.4.1/../../../../arm-none-eabi/lib/armv6-m/libc_nano.a(lib_a-impure.o)
 .text          0x00000000        0x0 /home/james/Downloads/gcc-arm-none-eabi-5_4-2016q3/bin/../lib/gcc/arm-none-eabi/5.4.1/../../../../arm-none-eabi/lib/armv6-m/libc_nano.a(lib_a-init.o)
 .data          0x00000000        0x0 /home/james/Downloads/gcc-arm-none-eabi-5_4-2016q3/bin/../lib/gcc/arm-none-eabi/5.4.1/../../../../arm-none-eabi/lib/armv6-m/libc_nano.a(lib_a-init.o)
 .bss           0x00000000        0x0 /home/james/Downloads/gcc-arm-none-eabi-5_4-2016q3/bin/../lib/gcc/arm-none-eabi/5.4.1/../../../../arm-none-eabi/lib/armv6-m/libc_nano.a(lib_a-init.o)
 .text          0x00000000        0x0 /home/james/Downloads/gcc-arm-none-eabi-5_4-2016q3/bin/../lib/gcc/arm-none-eabi/5.4.1/../../../../arm-none-eabi/lib/armv6-m/libc_nano.a(lib_a-malloc.o)
 .data          0x00000000        0x0 /home/james/Downloads/gcc-arm-none-eabi-5_4-2016q3/bin/../lib/gcc/arm-none-eabi/5.4.1/../../../../arm-none-eabi/lib/armv6-m/libc_nano.a(lib_a-malloc.o)
 .bss           0x00000000        0x0 /home/james/Downloads/gcc-arm-none-eabi-5_4-2016q3/bin/../lib/gcc/arm-none-eabi/5.4.1/../../../../arm-none-eabi/lib/armv6-m/libc_nano.a(lib_a-malloc.o)
 .text          0x00000000        0x0 /home/james/Downloads/gcc-arm-none-eabi-5_4-2016q3/bin/../lib/gcc/arm-none-eabi/5.4.1/../../../../arm-none-eabi/lib/armv6-m/libc_nano.a(lib_a-memcpy-stub.o)
 .data          0x00000000        0x0 /home/james/Downloads/gcc-arm-none-eabi-5_4-2016q3/bin/../lib/gcc/arm-none-eabi/5.4.1/../../../../arm-none-eabi/lib/armv6-m/libc_nano.a(lib_a-memcpy-stub.o)
 .bss           0x00000000        0x0 /home/james/Downloads/gcc-arm-none-eabi-5_4-2016q3/bin/../lib/gcc/arm-none-eabi/5.4.1/../../../../arm-none-eabi/lib/armv6-m/libc_nano.a(lib_a-memcpy-stub.o)
 .text          0x00000000        0x0 /home/james/Downloads/gcc-arm-none-eabi-5_4-2016q3/bin/../lib/gcc/arm-none-eabi/5.4.1/../../../../arm-none-eabi/lib/armv6-m/libc_nano.a(lib_a-memset.o)
 .data          0x00000000        0x0 /home/james/Downloads/gcc-arm-none-eabi-5_4-2016q3/bin/../lib/gcc/arm-none-eabi/5.4.1/../../../../arm-none-eabi/lib/armv6-m/libc_nano.a(lib_a-memset.o)
 .bss           0x00000000        0x0 /home/james/Downloads/gcc-arm-none-eabi-5_4-2016q3/bin/../lib/gcc/arm-none-eabi/5.4.1/../../../../arm-none-eabi/lib/armv6-m/libc_nano.a(lib_a-memset.o)
 .text          0x00000000        0x0 /home/james/Downloads/gcc-arm-none-eabi-5_4-2016q3/bin/../lib/gcc/arm-none-eabi/5.4.1/../../../../arm-none-eabi/lib/armv6-m/libc_nano.a(lib_a-nano-freer.o)
 .data          0x00000000        0x0 /home/james/Downloads/gcc-arm-none-eabi-5_4-2016q3/bin/../lib/gcc/arm-none-eabi/5.4.1/../../../../arm-none-eabi/lib/armv6-m/libc_nano.a(lib_a-nano-freer.o)
 .bss           0x00000000        0x0 /home/james/Downloads/gcc-arm-none-eabi-5_4-2016q3/bin/../lib/gcc/arm-none-eabi/5.4.1/../../../../arm-none-eabi/lib/armv6-m/libc_nano.a(lib_a-nano-freer.o)
 .text          0x00000000        0x0 /home/james/Downloads/gcc-arm-none-eabi-5_4-2016q3/bin/../lib/gcc/arm-none-eabi/5.4.1/../../../../arm-none-eabi/lib/armv6-m/libc_nano.a(lib_a-nano-mallocr.o)
 .data          0x00000000        0x0 /home/james/Downloads/gcc-arm-none-eabi-5_4-2016q3/bin/../lib/gcc/arm-none-eabi/5.4.1/../../../../arm-none-eabi/lib/armv6-m/libc_nano.a(lib_a-nano-mallocr.o)
 .bss           0x00000000        0x0 /home/james/Downloads/gcc-arm-none-eabi-5_4-2016q3/bin/../lib/gcc/arm-none-eabi/5.4.1/../../../../arm-none-eabi/lib/armv6-m/libc_nano.a(lib_a-nano-mallocr.o)
 .text          0x00000000        0x0 /home/james/Downloads/gcc-arm-none-eabi-5_4-2016q3/bin/../lib/gcc/arm-none-eabi/5.4.1/../../../../arm-none-eabi/lib/armv6-m/libc_nano.a(lib_a-sbrkr.o)
 .data          0x00000000        0x0 /home/james/Downloads/gcc-arm-none-eabi-5_4-2016q3/bin/../lib/gcc/arm-none-eabi/5.4.1/../../../../arm-none-eabi/lib/armv6-m/libc_nano.a(lib_a-sbrkr.o)
 .bss           0x00000000        0x0 /home/james/Downloads/gcc-arm-none-eabi-5_4-2016q3/bin/../lib/gcc/arm-none-eabi/5.4.1/../../../../arm-none-eabi/lib/armv6-m/libc_nano.a(lib_a-sbrkr.o)
 .data          0x00000000        0x0 /home/james/Downloads/gcc-arm-none-eabi-5_4-2016q3/bin/../lib/gcc/arm-none-eabi/5.4.1/../../../../arm-none-eabi/lib/armv6-m/libc_nano.a(lib_a-setjmp.o)
 .bss           0x00000000        0x0 /home/james/Downloads/gcc-arm-none-eabi-5_4-2016q3/bin/../lib/gcc/arm-none-eabi/5.4.1/../../../../arm-none-eabi/lib/armv6-m/libc_nano.a(lib_a-setjmp.o)
 .text          0x00000000        0x0 /home/james/Downloads/gcc-arm-none-eabi-5_4-2016q3/bin/../lib/gcc/arm-none-eabi/5.4.1/../../../../arm-none-eabi/lib/armv6-m/libc_nano.a(lib_a-mlock.o)
 .data          0x00000000        0x0 /home/james/Downloads/gcc-arm-none-eabi-5_4-2016q3/bin/../lib/gcc/arm-none-eabi/5.4.1/../../../../arm-none-eabi/lib/armv6-m/libc_nano.a(lib_a-mlock.o)
 .bss           0x00000000        0x0 /home/james/Downloads/gcc-arm-none-eabi-5_4-2016q3/bin/../lib/gcc/arm-none-eabi/5.4.1/../../../../arm-none-eabi/lib/armv6-m/libc_nano.a(lib_a-mlock.o)
 .text          0x00000000        0x0 /home/james/Downloads/gcc-arm-none-eabi-5_4-2016q3/bin/../lib/gcc/arm-none-eabi/5.4.1/../../../../arm-none-eabi/lib/armv6-m/libc_nano.a(lib_a-reent.o)
 .data          0x00000000        0x0 /home/james/Downloads/gcc-arm-none-eabi-5_4-2016q3/bin/../lib/gcc/arm-none-eabi/5.4.1/../../../../arm-none-eabi/lib/armv6-m/libc_nano.a(lib_a-reent.o)
 .bss           0x00000000        0x0 /home/james/Downloads/gcc-arm-none-eabi-5_4-2016q3/bin/../lib/gcc/arm-none-eabi/5.4.1/../../../../arm-none-eabi/lib/armv6-m/libc_nano.a(lib_a-reent.o)
 .text.cleanup_glue
                0x00000000       0x1a /home/james/Downloads/gcc-arm-none-eabi-5_4-2016q3/bin/../lib/gcc/arm-none-eabi/5.4.1/../../../../arm-none-eabi/lib/armv6-m/libc_nano.a(lib_a-reent.o)
 .text._reclaim_reent
                0x00000000       0xcc /home/james/Downloads/gcc-arm-none-eabi-5_4-2016q3/bin/../lib/gcc/arm-none-eabi/5.4.1/../../../../arm-none-eabi/lib/armv6-m/libc_nano.a(lib_a-reent.o)
 .text          0x00000000        0x0 /home/james/Downloads/gcc-arm-none-eabi-5_4-2016q3/bin/../lib/gcc/arm-none-eabi/5.4.1/../../../../arm-none-eabi/lib/armv6-m/libnosys.a(sbrk.o)
 .data          0x00000000        0x0 /home/james/Downloads/gcc-arm-none-eabi-5_4-2016q3/bin/../lib/gcc/arm-none-eabi/5.4.1/../../../../arm-none-eabi/lib/armv6-m/libnosys.a(sbrk.o)
 .bss           0x00000000        0x0 /home/james/Downloads/gcc-arm-none-eabi-5_4-2016q3/bin/../lib/gcc/arm-none-eabi/5.4.1/../../../../arm-none-eabi/lib/armv6-m/libnosys.a(sbrk.o)
 .text          0x00000000        0x0 /home/james/Downloads/gcc-arm-none-eabi-5_4-2016q3/bin/../lib/gcc/arm-none-eabi/5.4.1/../../../../arm-none-eabi/lib/armv6-m/libnosys.a(_exit.o)
 .data          0x00000000        0x0 /home/james/Downloads/gcc-arm-none-eabi-5_4-2016q3/bin/../lib/gcc/arm-none-eabi/5.4.1/../../../../arm-none-eabi/lib/armv6-m/libnosys.a(_exit.o)
 .bss           0x00000000        0x0 /home/james/Downloads/gcc-arm-none-eabi-5_4-2016q3/bin/../lib/gcc/arm-none-eabi/5.4.1/../../../../arm-none-eabi/lib/armv6-m/libnosys.a(_exit.o)
 .text          0x00000000        0x0 /home/james/Downloads/gcc-arm-none-eabi-5_4-2016q3/bin/../lib/gcc/arm-none-eabi/5.4.1/armv6-m/crtend.o
 .data          0x00000000        0x0 /home/james/Downloads/gcc-arm-none-eabi-5_4-2016q3/bin/../lib/gcc/arm-none-eabi/5.4.1/armv6-m/crtend.o
 .bss           0x00000000        0x0 /home/james/Downloads/gcc-arm-none-eabi-5_4-2016q3/bin/../lib/gcc/arm-none-eabi/5.4.1/armv6-m/crtend.o
 .jcr           0x00000000        0x4 /home/james/Downloads/gcc-arm-none-eabi-5_4-2016q3/bin/../lib/gcc/arm-none-eabi/5.4.1/armv6-m/crtend.o
 .text          0x00000000        0x0 /home/james/Downloads/gcc-arm-none-eabi-5_4-2016q3/bin/../lib/gcc/arm-none-eabi/5.4.1/armv6-m/crtn.o
 .data          0x00000000        0x0 /home/james/Downloads/gcc-arm-none-eabi-5_4-2016q3/bin/../lib/gcc/arm-none-eabi/5.4.1/armv6-m/crtn.o
 .bss           0x00000000        0x0 /home/james/Downloads/gcc-arm-none-eabi-5_4-2016q3/bin/../lib/gcc/arm-none-eabi/5.4.1/armv6-m/crtn.o

Memory Configuration

Name             Origin             Length             Attributes
VECTORS          0x00000000         0x00000400         xr
FLASH_PROTECTION 0x00000400         0x00000010         xr
FLASH            0x00000410         0x0003fbf0         xr
RAM              0x1fffe0c0         0x00007f40         xrw
*default*        0x00000000         0xffffffff

Linker script and memory map

LOAD /home/james/Downloads/gcc-arm-none-eabi-5_4-2016q3/bin/../lib/gcc/arm-none-eabi/5.4.1/armv6-m/crti.o
LOAD /home/james/Downloads/gcc-arm-none-eabi-5_4-2016q3/bin/../lib/gcc/arm-none-eabi/5.4.1/armv6-m/crtbegin.o
LOAD /home/james/Downloads/gcc-arm-none-eabi-5_4-2016q3/bin/../lib/gcc/arm-none-eabi/5.4.1/../../../../arm-none-eabi/lib/armv6-m/crt0.o
LOAD build/system_MKL46Z4.o
LOAD build/main.o
LOAD build/heap_2.o
LOAD build/heap_3.o
LOAD build/heap_4.o
LOAD build/heap_5.o
LOAD build/queue.o
LOAD build/croutine.o
LOAD build/list.o
LOAD build/heap_1.o
LOAD build/event_groups.o
LOAD build/tasks.o
LOAD build/timers.o
LOAD build/port.o
LOAD build/startup_MKL46Z4.o
LOAD /home/james/Downloads/gcc-arm-none-eabi-5_4-2016q3/bin/../lib/gcc/arm-none-eabi/5.4.1/../../../../arm-none-eabi/lib/armv6-m/libm.a
LOAD /home/james/Downloads/gcc-arm-none-eabi-5_4-2016q3/bin/../lib/gcc/arm-none-eabi/5.4.1/armv6-m/libgcc.a
LOAD /home/james/Downloads/gcc-arm-none-eabi-5_4-2016q3/bin/../lib/gcc/arm-none-eabi/5.4.1/../../../../arm-none-eabi/lib/armv6-m/libc_nano.a
LOAD /home/james/Downloads/gcc-arm-none-eabi-5_4-2016q3/bin/../lib/gcc/arm-none-eabi/5.4.1/../../../../arm-none-eabi/lib/armv6-m/libnosys.a
START GROUP
LOAD /home/james/Downloads/gcc-arm-none-eabi-5_4-2016q3/bin/../lib/gcc/arm-none-eabi/5.4.1/armv6-m/libgcc.a
LOAD /home/james/Downloads/gcc-arm-none-eabi-5_4-2016q3/bin/../lib/gcc/arm-none-eabi/5.4.1/../../../../arm-none-eabi/lib/armv6-m/libc_nano.a
END GROUP
START GROUP
LOAD /home/james/Downloads/gcc-arm-none-eabi-5_4-2016q3/bin/../lib/gcc/arm-none-eabi/5.4.1/armv6-m/libgcc.a
LOAD /home/james/Downloads/gcc-arm-none-eabi-5_4-2016q3/bin/../lib/gcc/arm-none-eabi/5.4.1/../../../../arm-none-eabi/lib/armv6-m/libc_nano.a
END GROUP
LOAD /home/james/Downloads/gcc-arm-none-eabi-5_4-2016q3/bin/../lib/gcc/arm-none-eabi/5.4.1/armv6-m/crtend.o
LOAD /home/james/Downloads/gcc-arm-none-eabi-5_4-2016q3/bin/../lib/gcc/arm-none-eabi/5.4.1/armv6-m/crtn.o

.isr_vector     0x00000000       0xf4
                0x00000000                __vector_table = .
 *(.vector_table)
 .vector_table  0x00000000       0xc0 build/startup_MKL46Z4.o
                0x00000000                __isr_vector
 *(.text.Reset_Handler)
 .text.Reset_Handler
                0x000000c0       0x34 build/startup_MKL46Z4.o
                0x000000c0                Reset_Handler
 *(.text.System_Init)
                0x000000f4                . = ALIGN (0x4)

.flash_protect  0x00000400       0x10
 *(.kinetis_flash_config_field)
 .kinetis_flash_config_field
                0x00000400       0x10 build/startup_MKL46Z4.o
                0x00000410                . = ALIGN (0x4)

.text           0x00000410     0x199c
 *(.text*)
 .text          0x00000410       0x60 /home/james/Downloads/gcc-arm-none-eabi-5_4-2016q3/bin/../lib/gcc/arm-none-eabi/5.4.1/armv6-m/crtbegin.o
 .text          0x00000470       0x78 /home/james/Downloads/gcc-arm-none-eabi-5_4-2016q3/bin/../lib/gcc/arm-none-eabi/5.4.1/../../../../arm-none-eabi/lib/armv6-m/crt0.o
                0x00000470                _mainCRTStartup
                0x00000470                _start
 .text.SystemInit
                0x000004e8       0xb0 build/system_MKL46Z4.o
                0x000004e8                SystemInit
 .text.vBTaskFunction
                0x00000598       0x54 build/main.o
 .text.vATaskFunction
                0x000005ec       0x28 build/main.o
 .text.gpio_init
                0x00000614       0x58 build/main.o
                0x00000614                gpio_init
 .text.startup.main
                0x0000066c       0x80 build/main.o
                0x0000066c                main
 .text.pvPortMalloc
                0x000006ec       0x18 build/heap_3.o
                0x000006ec                pvPortMalloc
 .text.vPortFree
                0x00000704       0x16 build/heap_3.o
                0x00000704                vPortFree
 .text.prvCopyDataToQueue
                0x0000071a       0x72 build/queue.o
 .text.unlikely.prvCopyDataFromQueue
                0x0000078c       0x24 build/queue.o
 .text.prvUnlockQueue
                0x000007b0       0x6a build/queue.o
 .text.xQueueGenericReset
                0x0000081a       0x68 build/queue.o
                0x0000081a                xQueueGenericReset
 .text.xQueueGenericCreate
                0x00000882       0x4c build/queue.o
                0x00000882                xQueueGenericCreate
 .text.xQueueGenericSend
                0x000008ce      0x124 build/queue.o
                0x000008ce                xQueueGenericSend
 .text.xQueueGenericSendFromISR
                0x000009f2       0x88 build/queue.o
                0x000009f2                xQueueGenericSendFromISR
 .text.xQueueGenericReceive
                0x00000a7a      0x146 build/queue.o
                0x00000a7a                xQueueGenericReceive
 .text.vQueueWaitForMessageRestricted
                0x00000bc0       0x3a build/queue.o
                0x00000bc0                vQueueWaitForMessageRestricted
 .text.vListInitialise
                0x00000bfa       0x16 build/list.o
                0x00000bfa                vListInitialise
 .text.vListInitialiseItem
                0x00000c10        0x6 build/list.o
                0x00000c10                vListInitialiseItem
 .text.vListInsertEnd
                0x00000c16       0x18 build/list.o
                0x00000c16                vListInsertEnd
 .text.vListInsert
                0x00000c2e       0x30 build/list.o
                0x00000c2e                vListInsert
 .text.uxListRemove
                0x00000c5e       0x24 build/list.o
                0x00000c5e                uxListRemove
 *fill*         0x00000c82        0x2 
 .text.prvResetNextTaskUnblockTime
                0x00000c84       0x28 build/tasks.o
 .text.prvAddCurrentTaskToDelayedList
                0x00000cac       0x4c build/tasks.o
 .text.xTaskGenericCreate
                0x00000cf8      0x1ac build/tasks.o
                0x00000cf8                xTaskGenericCreate
 .text.vTaskStartScheduler
                0x00000ea4       0x5c build/tasks.o
                0x00000ea4                vTaskStartScheduler
 .text.vTaskSuspendAll
                0x00000f00       0x10 build/tasks.o
                0x00000f00                vTaskSuspendAll
 .text.xTaskGetTickCount
                0x00000f10       0x18 build/tasks.o
                0x00000f10                xTaskGetTickCount
 .text.xTaskIncrementTick
                0x00000f28      0x104 build/tasks.o
                0x00000f28                xTaskIncrementTick
 .text.xTaskResumeAll
                0x0000102c       0xd0 build/tasks.o
                0x0000102c                xTaskResumeAll
 .text.vTaskDelay
                0x000010fc       0x4c build/tasks.o
                0x000010fc                vTaskDelay
 .text.prvIdleTask
                0x00001148       0x68 build/tasks.o
 .text.vTaskSwitchContext
                0x000011b0       0x78 build/tasks.o
                0x000011b0                vTaskSwitchContext
 .text.vTaskPlaceOnEventList
                0x00001228       0x48 build/tasks.o
                0x00001228                vTaskPlaceOnEventList
 .text.vTaskPlaceOnEventListRestricted
                0x00001270       0x34 build/tasks.o
                0x00001270                vTaskPlaceOnEventListRestricted
 .text.xTaskRemoveFromEventList
                0x000012a4       0x78 build/tasks.o
                0x000012a4                xTaskRemoveFromEventList
 .text.vTaskSetTimeOutState
                0x0000131c       0x24 build/tasks.o
                0x0000131c                vTaskSetTimeOutState
 .text.xTaskCheckForTimeOut
                0x00001340       0x64 build/tasks.o
                0x00001340                xTaskCheckForTimeOut
 .text.vTaskMissedYield
                0x000013a4        0xc build/tasks.o
                0x000013a4                vTaskMissedYield
 .text.xTaskGetSchedulerState
                0x000013b0       0x20 build/tasks.o
                0x000013b0                xTaskGetSchedulerState
 .text.vTaskPriorityInherit
                0x000013d0       0x6c build/tasks.o
                0x000013d0                vTaskPriorityInherit
 .text.xTaskPriorityDisinherit
                0x0000143c       0x5c build/tasks.o
                0x0000143c                xTaskPriorityDisinherit
 .text.pvTaskIncrementMutexHeldCount
                0x00001498       0x18 build/tasks.o
                0x00001498                pvTaskIncrementMutexHeldCount
 .text.prvCheckForValidListAndQueue
                0x000014b0       0x58 build/timers.o
 .text.prvInsertTimerInActiveList
                0x00001508       0x3c build/timers.o
 .text.xTimerCreateTimerTask
                0x00001544       0x44 build/timers.o
                0x00001544                xTimerCreateTimerTask
 .text.xTimerGenericCommand
                0x00001588       0x48 build/timers.o
                0x00001588                xTimerGenericCommand
 .text.prvSwitchTimerLists
                0x000015d0       0x68 build/timers.o
 .text.prvTimerTask
                0x00001638      0x188 build/timers.o
 .text.pxPortInitialiseStack
                0x000017c0       0x20 build/port.o
                0x000017c0                pxPortInitialiseStack
 .text.vPortInitTickTimer
                0x000017e0       0x40 build/port.o
                0x000017e0                vPortInitTickTimer
 .text.vPortYieldFromISR
                0x00001820       0x18 build/port.o
                0x00001820                vPortYieldFromISR
 .text.vPortStartFirstTask
                0x00001838       0x18 build/port.o
                0x00001838                vPortStartFirstTask
 .text.xPortStartScheduler
                0x00001850       0x40 build/port.o
                0x00001850                xPortStartScheduler
 .text.SVC_Handler
                0x00001890       0x28 build/port.o
                0x00001890                SVC_Handler
 .text.PendSV_Handler
                0x000018b8       0x44 build/port.o
                0x000018b8                PendSV_Handler
 .text.ulPortSetInterruptMask
                0x000018fc        0xa build/port.o
                0x000018fc                ulPortSetInterruptMask
 *fill*         0x00001906        0x2 
 .text.prvTaskExitError
                0x00001908       0x1c build/port.o
                0x00001908                prvTaskExitError
 .text.vPortEnterCritical
                0x00001924       0x1c build/port.o
                0x00001924                vPortEnterCritical
 .text.vPortClearInterruptMask
                0x00001940        0x6 build/port.o
                0x00001940                vPortClearInterruptMask
 *fill*         0x00001946        0x2 
 .text.vPortExitCritical
                0x00001948       0x18 build/port.o
                0x00001948                vPortExitCritical
 .text.SysTick_Handler
                0x00001960       0x1a build/port.o
                0x00001960                SysTick_Handler
 *fill*         0x0000197a        0x2 
 .text          0x0000197c       0x4c build/startup_MKL46Z4.o
                0x0000197c                NMI_Handler
                0x0000197e                HardFault_Handler
                0x00001986                Default_Handler
                0x00001986                DEF_IRQHandler
                0x00001988                DMA0_IRQHandler
                0x0000198a                DMA1_IRQHandler
                0x0000198c                DMA2_IRQHandler
                0x0000198e                DMA3_IRQHandler
                0x00001990                FTFA_IRQHandler
                0x00001992                LVD_LVW_IRQHandler
                0x00001994                LLW_IRQHandler
                0x00001996                I2C0_IRQHandler
                0x00001998                I2C1_IRQHandler
                0x0000199a                SPI0_IRQHandler
                0x0000199c                SPI1_IRQHandler
                0x0000199e                UART0_IRQHandler
                0x000019a0                UART1_IRQHandler
                0x000019a2                UART2_IRQHandler
                0x000019a4                ADC0_IRQHandler
                0x000019a6                CMP0_IRQHandler
                0x000019a8                TPM0_IRQHandler
                0x000019aa                TPM1_IRQHandler
                0x000019ac                TPM2_IRQHandler
                0x000019ae                RTC_IRQHandler
                0x000019b0                RTC_Seconds_IRQHandler
                0x000019b2                PIT_IRQHandler
                0x000019b4                I2S_IRQHandler
                0x000019b6                USB0_IRQHandler
                0x000019b8                DAC0_IRQHandler
                0x000019ba                TSI0_IRQHandler
                0x000019bc                MCG_IRQHandler
                0x000019be                LPTimer_IRQHandler
                0x000019c0                LCD_IRQHandler
                0x000019c2                PORTA_IRQHandler
                0x000019c4                PORTD_IRQHandler
 .text          0x000019c8      0x114 /home/james/Downloads/gcc-arm-none-eabi-5_4-2016q3/bin/../lib/gcc/arm-none-eabi/5.4.1/armv6-m/libgcc.a(_udivsi3.o)
                0x000019c8                __udivsi3
                0x000019c8                __aeabi_uidiv
                0x00001ad4                __aeabi_uidivmod
 .text          0x00001adc        0x4 /home/james/Downloads/gcc-arm-none-eabi-5_4-2016q3/bin/../lib/gcc/arm-none-eabi/5.4.1/armv6-m/libgcc.a(_dvmd_tls.o)
                0x00001adc                __aeabi_ldiv0
                0x00001adc                __aeabi_idiv0
 .text.exit     0x00001ae0       0x2c /home/james/Downloads/gcc-arm-none-eabi-5_4-2016q3/bin/../lib/gcc/arm-none-eabi/5.4.1/../../../../arm-none-eabi/lib/armv6-m/libc_nano.a(lib_a-exit.o)
                0x00001ae0                exit
 .text.__libc_init_array
                0x00001b0c       0x4c /home/james/Downloads/gcc-arm-none-eabi-5_4-2016q3/bin/../lib/gcc/arm-none-eabi/5.4.1/../../../../arm-none-eabi/lib/armv6-m/libc_nano.a(lib_a-init.o)
                0x00001b0c                __libc_init_array
 .text.malloc   0x00001b58       0x14 /home/james/Downloads/gcc-arm-none-eabi-5_4-2016q3/bin/../lib/gcc/arm-none-eabi/5.4.1/../../../../arm-none-eabi/lib/armv6-m/libc_nano.a(lib_a-malloc.o)
                0x00001b58                malloc
 .text.free     0x00001b6c       0x14 /home/james/Downloads/gcc-arm-none-eabi-5_4-2016q3/bin/../lib/gcc/arm-none-eabi/5.4.1/../../../../arm-none-eabi/lib/armv6-m/libc_nano.a(lib_a-malloc.o)
                0x00001b6c                free
 .text.memcpy   0x00001b80       0x12 /home/james/Downloads/gcc-arm-none-eabi-5_4-2016q3/bin/../lib/gcc/arm-none-eabi/5.4.1/../../../../arm-none-eabi/lib/armv6-m/libc_nano.a(lib_a-memcpy-stub.o)
                0x00001b80                memcpy
 .text.memset   0x00001b92       0x10 /home/james/Downloads/gcc-arm-none-eabi-5_4-2016q3/bin/../lib/gcc/arm-none-eabi/5.4.1/../../../../arm-none-eabi/lib/armv6-m/libc_nano.a(lib_a-memset.o)
                0x00001b92                memset
 *fill*         0x00001ba2        0x2 
 .text._free_r  0x00001ba4       0x98 /home/james/Downloads/gcc-arm-none-eabi-5_4-2016q3/bin/../lib/gcc/arm-none-eabi/5.4.1/../../../../arm-none-eabi/lib/armv6-m/libc_nano.a(lib_a-nano-freer.o)
                0x00001ba4                _free_r
 .text._malloc_r
                0x00001c3c       0xc0 /home/james/Downloads/gcc-arm-none-eabi-5_4-2016q3/bin/../lib/gcc/arm-none-eabi/5.4.1/../../../../arm-none-eabi/lib/armv6-m/libc_nano.a(lib_a-nano-mallocr.o)
                0x00001c3c                _malloc_r
 .text._sbrk_r  0x00001cfc       0x24 /home/james/Downloads/gcc-arm-none-eabi-5_4-2016q3/bin/../lib/gcc/arm-none-eabi/5.4.1/../../../../arm-none-eabi/lib/armv6-m/libc_nano.a(lib_a-sbrkr.o)
                0x00001cfc                _sbrk_r
 .text          0x00001d20       0x34 /home/james/Downloads/gcc-arm-none-eabi-5_4-2016q3/bin/../lib/gcc/arm-none-eabi/5.4.1/../../../../arm-none-eabi/lib/armv6-m/libc_nano.a(lib_a-setjmp.o)
                0x00001d20                setjmp
                0x00001d38                longjmp
 .text.__malloc_lock
                0x00001d54        0x2 /home/james/Downloads/gcc-arm-none-eabi-5_4-2016q3/bin/../lib/gcc/arm-none-eabi/5.4.1/../../../../arm-none-eabi/lib/armv6-m/libc_nano.a(lib_a-mlock.o)
                0x00001d54                __malloc_lock
 .text.__malloc_unlock
                0x00001d56        0x2 /home/james/Downloads/gcc-arm-none-eabi-5_4-2016q3/bin/../lib/gcc/arm-none-eabi/5.4.1/../../../../arm-none-eabi/lib/armv6-m/libc_nano.a(lib_a-mlock.o)
                0x00001d56                __malloc_unlock
 .text._sbrk    0x00001d58       0x1c /home/james/Downloads/gcc-arm-none-eabi-5_4-2016q3/bin/../lib/gcc/arm-none-eabi/5.4.1/../../../../arm-none-eabi/lib/armv6-m/libnosys.a(sbrk.o)
                0x00001d58                _sbrk
 .text._exit    0x00001d74        0x4 /home/james/Downloads/gcc-arm-none-eabi-5_4-2016q3/bin/../lib/gcc/arm-none-eabi/5.4.1/../../../../arm-none-eabi/lib/armv6-m/libnosys.a(_exit.o)
                0x00001d74                _exit
 *(.init)
 .init          0x00001d78        0x4 /home/james/Downloads/gcc-arm-none-eabi-5_4-2016q3/bin/../lib/gcc/arm-none-eabi/5.4.1/armv6-m/crti.o
                0x00001d78                _init
 .init          0x00001d7c        0x8 /home/james/Downloads/gcc-arm-none-eabi-5_4-2016q3/bin/../lib/gcc/arm-none-eabi/5.4.1/armv6-m/crtn.o
 *(.fini)
 .fini          0x00001d84        0x4 /home/james/Downloads/gcc-arm-none-eabi-5_4-2016q3/bin/../lib/gcc/arm-none-eabi/5.4.1/armv6-m/crti.o
                0x00001d84                _fini
 .fini          0x00001d88        0x8 /home/james/Downloads/gcc-arm-none-eabi-5_4-2016q3/bin/../lib/gcc/arm-none-eabi/5.4.1/armv6-m/crtn.o
 *crtbegin.o(.ctors)
 *crtbegin?.o(.ctors)
 *(EXCLUDE_FILE(*crtend.o *crtend?.o) .ctors)
 *(SORT(.ctors.*))
 *(.ctors)
 *crtbegin.o(.dtors)
 *crtbegin?.o(.dtors)
 *(EXCLUDE_FILE(*crtend.o *crtend?.o) .dtors)
 *(SORT(.dtors.*))
 *(.dtors)
 *(.rodata*)
 .rodata.str1.1
                0x00001d90        0x6 build/main.o
 .rodata.str1.1
                0x00001d96        0x5 build/tasks.o
 .rodata.str1.1
                0x00001d9b        0x8 build/timers.o
 *fill*         0x00001da3        0x1 
 .rodata._global_impure_ptr
                0x00001da4        0x4 /home/james/Downloads/gcc-arm-none-eabi-5_4-2016q3/bin/../lib/gcc/arm-none-eabi/5.4.1/../../../../arm-none-eabi/lib/armv6-m/libc_nano.a(lib_a-impure.o)
                0x00001da4                _global_impure_ptr
 *(.eh_frame*)
 .eh_frame      0x00001da8        0x0 /home/james/Downloads/gcc-arm-none-eabi-5_4-2016q3/bin/../lib/gcc/arm-none-eabi/5.4.1/armv6-m/crtbegin.o
 .eh_frame      0x00001da8        0x4 /home/james/Downloads/gcc-arm-none-eabi-5_4-2016q3/bin/../lib/gcc/arm-none-eabi/5.4.1/armv6-m/crtend.o

.glue_7         0x00001dac        0x0
 .glue_7        0x00001dac        0x0 linker stubs

.glue_7t        0x00001dac        0x0
 .glue_7t       0x00001dac        0x0 linker stubs

.vfp11_veneer   0x00001dac        0x0
 .vfp11_veneer  0x00001dac        0x0 linker stubs

.v4_bx          0x00001dac        0x0
 .v4_bx         0x00001dac        0x0 linker stubs

.iplt           0x00001dac        0x0
 .iplt          0x00001dac        0x0 /home/james/Downloads/gcc-arm-none-eabi-5_4-2016q3/bin/../lib/gcc/arm-none-eabi/5.4.1/armv6-m/crtbegin.o

.ARM.extab
 *(.ARM.extab* .gnu.linkonce.armextab.*)
                0x00001dac                __exidx_start = .

.ARM.exidx      0x00001dac        0x8
 *(.ARM.exidx* .gnu.linkonce.armexidx.*)
 .ARM.exidx     0x00001dac        0x8 /home/james/Downloads/gcc-arm-none-eabi-5_4-2016q3/bin/../lib/gcc/arm-none-eabi/5.4.1/../../../../arm-none-eabi/lib/armv6-m/crt0.o
                0x00001db4                __exidx_end = .

.rel.dyn        0x00001db4        0x0
 .rel.iplt      0x00001db4        0x0 /home/james/Downloads/gcc-arm-none-eabi-5_4-2016q3/bin/../lib/gcc/arm-none-eabi/5.4.1/armv6-m/crtbegin.o
                0x00001db4                . = ALIGN (0x4)
                0x00001db4                __etext = .

.data           0x1fffe0c0       0x78 load address 0x00001db4
                0x1fffe0c0                . = ALIGN (0x4)
                0x1fffe0c0                __data_start__ = .
 *(vtable)
 *(.data*)
 .data.SystemCoreClock
                0x1fffe0c0        0x4 build/system_MKL46Z4.o
                0x1fffe0c0                SystemCoreClock
 .data.xNextTaskUnblockTime
                0x1fffe0c4        0x4 build/tasks.o
 .data.uxCriticalNesting
                0x1fffe0c8        0x4 build/port.o
 .data.impure_data
                0x1fffe0cc       0x60 /home/james/Downloads/gcc-arm-none-eabi-5_4-2016q3/bin/../lib/gcc/arm-none-eabi/5.4.1/../../../../arm-none-eabi/lib/armv6-m/libc_nano.a(lib_a-impure.o)
 .data._impure_ptr
                0x1fffe12c        0x4 /home/james/Downloads/gcc-arm-none-eabi-5_4-2016q3/bin/../lib/gcc/arm-none-eabi/5.4.1/../../../../arm-none-eabi/lib/armv6-m/libc_nano.a(lib_a-impure.o)
                0x1fffe12c                _impure_ptr
                0x1fffe130                . = ALIGN (0x4)
                0x1fffe130                PROVIDE (__preinit_array_start, .)
 *(.preinit_array)
                0x1fffe130                PROVIDE (__preinit_array_end, .)
                0x1fffe130                . = ALIGN (0x4)
                0x1fffe130                PROVIDE (__init_array_start, .)
 *(SORT(.init_array.*))
 *(.init_array)
 .init_array    0x1fffe130        0x4 /home/james/Downloads/gcc-arm-none-eabi-5_4-2016q3/bin/../lib/gcc/arm-none-eabi/5.4.1/armv6-m/crtbegin.o
                0x1fffe134                PROVIDE (__init_array_end, .)
                0x1fffe134                . = ALIGN (0x4)
                [!provide]                PROVIDE (__fini_array_start, .)
 *(SORT(.fini_array.*))
 *(.fini_array)
 .fini_array    0x1fffe134        0x4 /home/james/Downloads/gcc-arm-none-eabi-5_4-2016q3/bin/../lib/gcc/arm-none-eabi/5.4.1/armv6-m/crtbegin.o
                [!provide]                PROVIDE (__fini_array_end, .)
                0x1fffe138                . = ALIGN (0x4)
                0x1fffe138                __data_end__ = .

.jcr            0x1fffe138        0x0 load address 0x00001e2c
 .jcr           0x1fffe138        0x0 /home/james/Downloads/gcc-arm-none-eabi-5_4-2016q3/bin/../lib/gcc/arm-none-eabi/5.4.1/armv6-m/crtbegin.o

.igot.plt       0x1fffe138        0x0 load address 0x00001e2c
 .igot.plt      0x1fffe138        0x0 /home/james/Downloads/gcc-arm-none-eabi-5_4-2016q3/bin/../lib/gcc/arm-none-eabi/5.4.1/armv6-m/crtbegin.o

.bss            0x1fffe138      0x2c4 load address 0x00001e2c
                0x1fffe138                __bss_start__ = .
 *(.bss*)
 .bss           0x1fffe138       0x1c /home/james/Downloads/gcc-arm-none-eabi-5_4-2016q3/bin/../lib/gcc/arm-none-eabi/5.4.1/armv6-m/crtbegin.o
 .bss.xQueue    0x1fffe154        0x4 build/main.o
 .bss.xNumOfOverflows
                0x1fffe158        0x4 build/tasks.o
 .bss.pxDelayedTaskList
                0x1fffe15c        0x4 build/tasks.o
 .bss.xSchedulerRunning
                0x1fffe160        0x4 build/tasks.o
 .bss.uxTasksDeleted
                0x1fffe164        0x4 build/tasks.o
 .bss.xDelayedTaskList1
                0x1fffe168       0x14 build/tasks.o
 .bss.xDelayedTaskList2
                0x1fffe17c       0x14 build/tasks.o
 .bss.uxPendedTicks
                0x1fffe190        0x4 build/tasks.o
 .bss.pxReadyTasksLists
                0x1fffe194      0x168 build/tasks.o
 .bss.xTasksWaitingTermination
                0x1fffe2fc       0x14 build/tasks.o
 .bss.pxCurrentTCB
                0x1fffe310        0x4 build/tasks.o
                0x1fffe310                pxCurrentTCB
 .bss.xPendingReadyList
                0x1fffe314       0x14 build/tasks.o
 .bss.uxSchedulerSuspended
                0x1fffe328        0x4 build/tasks.o
 .bss.xTickCount
                0x1fffe32c        0x4 build/tasks.o
 .bss.pxOverflowDelayedTaskList
                0x1fffe330        0x4 build/tasks.o
 .bss.uxTaskNumber
                0x1fffe334        0x4 build/tasks.o
 .bss.uxCurrentNumberOfTasks
                0x1fffe338        0x4 build/tasks.o
 .bss.xSuspendedTaskList
                0x1fffe33c       0x14 build/tasks.o
 .bss.uxTopReadyPriority
                0x1fffe350        0x4 build/tasks.o
 .bss.xYieldPending
                0x1fffe354        0x4 build/tasks.o
 .bss.pxCurrentTimerList
                0x1fffe358        0x4 build/timers.o
 .bss.xActiveTimerList1
                0x1fffe35c       0x14 build/timers.o
 .bss.xActiveTimerList2
                0x1fffe370       0x14 build/timers.o
 .bss.xLastTime.4839
                0x1fffe384        0x4 build/timers.o
 .bss.xTimerQueue
                0x1fffe388        0x4 build/timers.o
 .bss.pxOverflowTimerList
                0x1fffe38c        0x4 build/timers.o
 .bss.xJumpBuf  0x1fffe390       0x5c build/port.o
 .bss.__malloc_sbrk_start
                0x1fffe3ec        0x4 /home/james/Downloads/gcc-arm-none-eabi-5_4-2016q3/bin/../lib/gcc/arm-none-eabi/5.4.1/../../../../arm-none-eabi/lib/armv6-m/libc_nano.a(lib_a-nano-mallocr.o)
                0x1fffe3ec                __malloc_sbrk_start
 .bss.__malloc_free_list
                0x1fffe3f0        0x4 /home/james/Downloads/gcc-arm-none-eabi-5_4-2016q3/bin/../lib/gcc/arm-none-eabi/5.4.1/../../../../arm-none-eabi/lib/armv6-m/libc_nano.a(lib_a-nano-mallocr.o)
                0x1fffe3f0                __malloc_free_list
 .bss.heap_end.4167
                0x1fffe3f4        0x4 /home/james/Downloads/gcc-arm-none-eabi-5_4-2016q3/bin/../lib/gcc/arm-none-eabi/5.4.1/../../../../arm-none-eabi/lib/armv6-m/libnosys.a(sbrk.o)
 *(COMMON)
 COMMON         0x1fffe3f8        0x4 /home/james/Downloads/gcc-arm-none-eabi-5_4-2016q3/bin/../lib/gcc/arm-none-eabi/5.4.1/../../../../arm-none-eabi/lib/armv6-m/libc_nano.a(lib_a-reent.o)
                0x1fffe3f8                errno
                0x1fffe3fc                __bss_end__ = .

.heap           0x1fffe400       0x80
                0x1fffe400                __end__ = .
                0x1fffe400                end = __end__
 *(.heap*)
 .heap          0x1fffe400       0x80 build/startup_MKL46Z4.o
                0x1fffe400                __HeapBase
                0x1fffe480                __HeapLimit = .

.stack_dummy    0x1fffe400      0x400
 *(.stack)
 .stack         0x1fffe400      0x400 build/startup_MKL46Z4.o
                0x20006000                __StackTop = (ORIGIN (RAM) + LENGTH (RAM))
                0x20005c00                __StackLimit = (__StackTop - SIZEOF (.stack_dummy))
                0x20006000                PROVIDE (__stack, __StackTop)
                0x00000001                ASSERT ((__StackLimit >= __HeapLimit), region RAM overflowed with stack)
OUTPUT(build/billnicky.elf elf32-littlearm)

.ARM.attributes
                0x00000000       0x28
 .ARM.attributes
                0x00000000       0x1e /home/james/Downloads/gcc-arm-none-eabi-5_4-2016q3/bin/../lib/gcc/arm-none-eabi/5.4.1/armv6-m/crti.o
 .ARM.attributes
                0x0000001e       0x2c /home/james/Downloads/gcc-arm-none-eabi-5_4-2016q3/bin/../lib/gcc/arm-none-eabi/5.4.1/armv6-m/crtbegin.o
 .ARM.attributes
                0x0000004a       0x1b /home/james/Downloads/gcc-arm-none-eabi-5_4-2016q3/bin/../lib/gcc/arm-none-eabi/5.4.1/../../../../arm-none-eabi/lib/armv6-m/crt0.o
 .ARM.attributes
                0x00000065       0x32 build/system_MKL46Z4.o
 .ARM.attributes
                0x00000097       0x32 build/main.o
 .ARM.attributes
                0x000000c9       0x32 build/heap_3.o
 .ARM.attributes
                0x000000fb       0x32 build/queue.o
 .ARM.attributes
                0x0000012d       0x32 build/list.o
 .ARM.attributes
                0x0000015f       0x32 build/tasks.o
 .ARM.attributes
                0x00000191       0x32 build/timers.o
 .ARM.attributes
                0x000001c3       0x32 build/port.o
 .ARM.attributes
                0x000001f5       0x1b build/startup_MKL46Z4.o
 .ARM.attributes
                0x00000210       0x1e /home/james/Downloads/gcc-arm-none-eabi-5_4-2016q3/bin/../lib/gcc/arm-none-eabi/5.4.1/armv6-m/libgcc.a(_udivsi3.o)
 .ARM.attributes
                0x0000022e       0x1e /home/james/Downloads/gcc-arm-none-eabi-5_4-2016q3/bin/../lib/gcc/arm-none-eabi/5.4.1/armv6-m/libgcc.a(_dvmd_tls.o)
 .ARM.attributes
                0x0000024c       0x2c /home/james/Downloads/gcc-arm-none-eabi-5_4-2016q3/bin/../lib/gcc/arm-none-eabi/5.4.1/../../../../arm-none-eabi/lib/armv6-m/libc_nano.a(lib_a-exit.o)
 .ARM.attributes
                0x00000278       0x2c /home/james/Downloads/gcc-arm-none-eabi-5_4-2016q3/bin/../lib/gcc/arm-none-eabi/5.4.1/../../../../arm-none-eabi/lib/armv6-m/libc_nano.a(lib_a-impure.o)
 .ARM.attributes
                0x000002a4       0x2c /home/james/Downloads/gcc-arm-none-eabi-5_4-2016q3/bin/../lib/gcc/arm-none-eabi/5.4.1/../../../../arm-none-eabi/lib/armv6-m/libc_nano.a(lib_a-init.o)
 .ARM.attributes
                0x000002d0       0x2c /home/james/Downloads/gcc-arm-none-eabi-5_4-2016q3/bin/../lib/gcc/arm-none-eabi/5.4.1/../../../../arm-none-eabi/lib/armv6-m/libc_nano.a(lib_a-malloc.o)
 .ARM.attributes
                0x000002fc       0x2c /home/james/Downloads/gcc-arm-none-eabi-5_4-2016q3/bin/../lib/gcc/arm-none-eabi/5.4.1/../../../../arm-none-eabi/lib/armv6-m/libc_nano.a(lib_a-memcpy-stub.o)
 .ARM.attributes
                0x00000328       0x2c /home/james/Downloads/gcc-arm-none-eabi-5_4-2016q3/bin/../lib/gcc/arm-none-eabi/5.4.1/../../../../arm-none-eabi/lib/armv6-m/libc_nano.a(lib_a-memset.o)
 .ARM.attributes
                0x00000354       0x2c /home/james/Downloads/gcc-arm-none-eabi-5_4-2016q3/bin/../lib/gcc/arm-none-eabi/5.4.1/../../../../arm-none-eabi/lib/armv6-m/libc_nano.a(lib_a-nano-freer.o)
 .ARM.attributes
                0x00000380       0x2c /home/james/Downloads/gcc-arm-none-eabi-5_4-2016q3/bin/../lib/gcc/arm-none-eabi/5.4.1/../../../../arm-none-eabi/lib/armv6-m/libc_nano.a(lib_a-nano-mallocr.o)
 .ARM.attributes
                0x000003ac       0x2c /home/james/Downloads/gcc-arm-none-eabi-5_4-2016q3/bin/../lib/gcc/arm-none-eabi/5.4.1/../../../../arm-none-eabi/lib/armv6-m/libc_nano.a(lib_a-sbrkr.o)
 .ARM.attributes
                0x000003d8       0x1c /home/james/Downloads/gcc-arm-none-eabi-5_4-2016q3/bin/../lib/gcc/arm-none-eabi/5.4.1/../../../../arm-none-eabi/lib/armv6-m/libc_nano.a(lib_a-setjmp.o)
 .ARM.attributes
                0x000003f4       0x2c /home/james/Downloads/gcc-arm-none-eabi-5_4-2016q3/bin/../lib/gcc/arm-none-eabi/5.4.1/../../../../arm-none-eabi/lib/armv6-m/libc_nano.a(lib_a-mlock.o)
 .ARM.attributes
                0x00000420       0x2c /home/james/Downloads/gcc-arm-none-eabi-5_4-2016q3/bin/../lib/gcc/arm-none-eabi/5.4.1/../../../../arm-none-eabi/lib/armv6-m/libc_nano.a(lib_a-reent.o)
 .ARM.attributes
                0x0000044c       0x2c /home/james/Downloads/gcc-arm-none-eabi-5_4-2016q3/bin/../lib/gcc/arm-none-eabi/5.4.1/../../../../arm-none-eabi/lib/armv6-m/libnosys.a(sbrk.o)
 .ARM.attributes
                0x00000478       0x2c /home/james/Downloads/gcc-arm-none-eabi-5_4-2016q3/bin/../lib/gcc/arm-none-eabi/5.4.1/../../../../arm-none-eabi/lib/armv6-m/libnosys.a(_exit.o)
 .ARM.attributes
                0x000004a4       0x2c /home/james/Downloads/gcc-arm-none-eabi-5_4-2016q3/bin/../lib/gcc/arm-none-eabi/5.4.1/armv6-m/crtend.o
 .ARM.attributes
                0x000004d0       0x1e /home/james/Downloads/gcc-arm-none-eabi-5_4-2016q3/bin/../lib/gcc/arm-none-eabi/5.4.1/armv6-m/crtn.o

.comment        0x00000000       0x6e
 .comment       0x00000000       0x6e build/system_MKL46Z4.o
                                 0x6f (size before relaxing)
 .comment       0x0000006e       0x6f build/main.o
 .comment       0x0000006e       0x6f build/heap_3.o
 .comment       0x0000006e       0x6f build/queue.o
 .comment       0x0000006e       0x6f build/list.o
 .comment       0x0000006e       0x6f build/tasks.o
 .comment       0x0000006e       0x6f build/timers.o
 .comment       0x0000006e       0x6f build/port.o

.debug_info     0x00000000     0x53bd
 .debug_info    0x00000000      0x470 build/system_MKL46Z4.o
 .debug_info    0x00000470      0x595 build/main.o
 .debug_info    0x00000a05      0x15d build/heap_3.o
 .debug_info    0x00000b62     0x137b build/queue.o
 .debug_info    0x00001edd      0x29a build/list.o
 .debug_info    0x00002177     0x1eaf build/tasks.o
 .debug_info    0x00004026      0xf77 build/timers.o
 .debug_info    0x00004f9d      0x3a9 build/port.o
 .debug_info    0x00005346       0x77 build/startup_MKL46Z4.o

.debug_abbrev   0x00000000      0xd9f
 .debug_abbrev  0x00000000      0x106 build/system_MKL46Z4.o
 .debug_abbrev  0x00000106      0x1a2 build/main.o
 .debug_abbrev  0x000002a8       0xe7 build/heap_3.o
 .debug_abbrev  0x0000038f      0x1e0 build/queue.o
 .debug_abbrev  0x0000056f       0xdc build/list.o
 .debug_abbrev  0x0000064b      0x2d6 build/tasks.o
 .debug_abbrev  0x00000921      0x28d build/timers.o
 .debug_abbrev  0x00000bae      0x1df build/port.o
 .debug_abbrev  0x00000d8d       0x12 build/startup_MKL46Z4.o

.debug_loc      0x00000000     0x393d
 .debug_loc     0x00000000       0xb9 build/system_MKL46Z4.o
 .debug_loc     0x000000b9       0x42 build/main.o
 .debug_loc     0x000000fb       0x81 build/heap_3.o
 .debug_loc     0x0000017c     0x15fb build/queue.o
 .debug_loc     0x00001777       0x71 build/list.o
 .debug_loc     0x000017e8     0x1855 build/tasks.o
 .debug_loc     0x0000303d      0x86a build/timers.o
 .debug_loc     0x000038a7       0x96 build/port.o

.debug_aranges  0x00000000      0x448
 .debug_aranges
                0x00000000       0x28 build/system_MKL46Z4.o
 .debug_aranges
                0x00000028       0x38 build/main.o
 .debug_aranges
                0x00000060       0x28 build/heap_3.o
 .debug_aranges
                0x00000088       0xd0 build/queue.o
 .debug_aranges
                0x00000158       0x40 build/list.o
 .debug_aranges
                0x00000198      0x170 build/tasks.o
 .debug_aranges
                0x00000308       0x78 build/timers.o
 .debug_aranges
                0x00000380       0xa0 build/port.o
 .debug_aranges
                0x00000420       0x28 build/startup_MKL46Z4.o

.debug_ranges   0x00000000      0x488
 .debug_ranges  0x00000000       0x18 build/system_MKL46Z4.o
 .debug_ranges  0x00000018       0x28 build/main.o
 .debug_ranges  0x00000040       0x18 build/heap_3.o
 .debug_ranges  0x00000058       0xc0 build/queue.o
 .debug_ranges  0x00000118       0x30 build/list.o
 .debug_ranges  0x00000148      0x1f8 build/tasks.o
 .debug_ranges  0x00000340       0x68 build/timers.o
 .debug_ranges  0x000003a8       0xc0 build/port.o
 .debug_ranges  0x00000468       0x20 build/startup_MKL46Z4.o

.debug_line     0x00000000     0x1f96
 .debug_line    0x00000000      0x1a6 build/system_MKL46Z4.o
 .debug_line    0x000001a6      0x1e9 build/main.o
 .debug_line    0x0000038f      0x14b build/heap_3.o
 .debug_line    0x000004da      0x6cc build/queue.o
 .debug_line    0x00000ba6      0x1e5 build/list.o
 .debug_line    0x00000d8b      0xac6 build/tasks.o
 .debug_line    0x00001851      0x359 build/timers.o
 .debug_line    0x00001baa      0x34e build/port.o
 .debug_line    0x00001ef8       0x9e build/startup_MKL46Z4.o

.debug_str      0x00000000     0x1983
 .debug_str     0x00000000      0x31a build/system_MKL46Z4.o
                                0x35f (size before relaxing)
 .debug_str     0x0000031a      0x119 build/main.o
                                0x40a (size before relaxing)
 .debug_str     0x00000433       0x7c build/heap_3.o
                                0x244 (size before relaxing)
 .debug_str     0x000004af      0x633 build/queue.o
                                0x911 (size before relaxing)
 .debug_str     0x00000ae2       0xa0 build/list.o
                                0x337 (size before relaxing)
 .debug_str     0x00000b82      0x8b4 build/tasks.o
                                0xe40 (size before relaxing)
 .debug_str     0x00001436      0x444 build/timers.o
                                0x900 (size before relaxing)
 .debug_str     0x0000187a      0x109 build/port.o
                                0x3e9 (size before relaxing)

.debug_frame    0x00000000      0xd6c
 .debug_frame   0x00000000       0x44 build/system_MKL46Z4.o
 .debug_frame   0x00000044       0x88 build/main.o
 .debug_frame   0x000000cc       0x40 build/heap_3.o
 .debug_frame   0x0000010c      0x290 build/queue.o
 .debug_frame   0x0000039c       0x6c build/list.o
 .debug_frame   0x00000408      0x468 build/tasks.o
 .debug_frame   0x00000870      0x164 build/timers.o
 .debug_frame   0x000009d4      0x160 build/port.o
 .debug_frame   0x00000b34       0x20 /home/james/Downloads/gcc-arm-none-eabi-5_4-2016q3/bin/../lib/gcc/arm-none-eabi/5.4.1/armv6-m/libgcc.a(_udivsi3.o)
 .debug_frame   0x00000b54       0x28 /home/james/Downloads/gcc-arm-none-eabi-5_4-2016q3/bin/../lib/gcc/arm-none-eabi/5.4.1/../../../../arm-none-eabi/lib/armv6-m/libc_nano.a(lib_a-exit.o)
 .debug_frame   0x00000b7c       0x2c /home/james/Downloads/gcc-arm-none-eabi-5_4-2016q3/bin/../lib/gcc/arm-none-eabi/5.4.1/../../../../arm-none-eabi/lib/armv6-m/libc_nano.a(lib_a-init.o)
 .debug_frame   0x00000ba8       0x40 /home/james/Downloads/gcc-arm-none-eabi-5_4-2016q3/bin/../lib/gcc/arm-none-eabi/5.4.1/../../../../arm-none-eabi/lib/armv6-m/libc_nano.a(lib_a-malloc.o)
 .debug_frame   0x00000be8       0x28 /home/james/Downloads/gcc-arm-none-eabi-5_4-2016q3/bin/../lib/gcc/arm-none-eabi/5.4.1/../../../../arm-none-eabi/lib/armv6-m/libc_nano.a(lib_a-memcpy-stub.o)
 .debug_frame   0x00000c10       0x20 /home/james/Downloads/gcc-arm-none-eabi-5_4-2016q3/bin/../lib/gcc/arm-none-eabi/5.4.1/../../../../arm-none-eabi/lib/armv6-m/libc_nano.a(lib_a-memset.o)
 .debug_frame   0x00000c30       0x2c /home/james/Downloads/gcc-arm-none-eabi-5_4-2016q3/bin/../lib/gcc/arm-none-eabi/5.4.1/../../../../arm-none-eabi/lib/armv6-m/libc_nano.a(lib_a-nano-freer.o)
 .debug_frame   0x00000c5c       0x2c /home/james/Downloads/gcc-arm-none-eabi-5_4-2016q3/bin/../lib/gcc/arm-none-eabi/5.4.1/../../../../arm-none-eabi/lib/armv6-m/libc_nano.a(lib_a-nano-mallocr.o)
 .debug_frame   0x00000c88       0x2c /home/james/Downloads/gcc-arm-none-eabi-5_4-2016q3/bin/../lib/gcc/arm-none-eabi/5.4.1/../../../../arm-none-eabi/lib/armv6-m/libc_nano.a(lib_a-sbrkr.o)
 .debug_frame   0x00000cb4       0x30 /home/james/Downloads/gcc-arm-none-eabi-5_4-2016q3/bin/../lib/gcc/arm-none-eabi/5.4.1/../../../../arm-none-eabi/lib/armv6-m/libc_nano.a(lib_a-mlock.o)
 .debug_frame   0x00000ce4       0x48 /home/james/Downloads/gcc-arm-none-eabi-5_4-2016q3/bin/../lib/gcc/arm-none-eabi/5.4.1/../../../../arm-none-eabi/lib/armv6-m/libc_nano.a(lib_a-reent.o)
 .debug_frame   0x00000d2c       0x20 /home/james/Downloads/gcc-arm-none-eabi-5_4-2016q3/bin/../lib/gcc/arm-none-eabi/5.4.1/../../../../arm-none-eabi/lib/armv6-m/libnosys.a(sbrk.o)
 .debug_frame   0x00000d4c       0x20 /home/james/Downloads/gcc-arm-none-eabi-5_4-2016q3/bin/../lib/gcc/arm-none-eabi/5.4.1/../../../../arm-none-eabi/lib/armv6-m/libnosys.a(_exit.o)
