Archive member included to satisfy reference by file (symbol)

../../../../../lib/ksdk_platform_lib/armgcc/KL46Z4/release/libksdk_platform.a(fsl_clock_manager.c.obj)
                              CMakeFiles/hello_world.dir/home/james/Downloads/KSDK_1.3.0/examples/frdmkl46z/board.c.obj (CLOCK_SYS_BootToPee)
../../../../../lib/ksdk_platform_lib/armgcc/KL46Z4/release/libksdk_platform.a(fsl_clock_manager_common.c.obj)
                              ../../../../../lib/ksdk_platform_lib/armgcc/KL46Z4/release/libksdk_platform.a(fsl_clock_manager.c.obj) (g_oscBase)
../../../../../lib/ksdk_platform_lib/armgcc/KL46Z4/release/libksdk_platform.a(fsl_clock_MKL46Z4.c.obj)
                              CMakeFiles/hello_world.dir/home/james/Downloads/KSDK_1.3.0/examples/frdmkl46z/board.c.obj (CLOCK_SYS_SetSimConfigration)
../../../../../lib/ksdk_platform_lib/armgcc/KL46Z4/release/libksdk_platform.a(fsl_lpsci_hal.c.obj)
                              CMakeFiles/hello_world.dir/home/james/Downloads/KSDK_1.3.0/platform/utilities/src/fsl_debug_console.c.obj (LPSCI_HAL_SetBaudRate)
../../../../../lib/ksdk_platform_lib/armgcc/KL46Z4/release/libksdk_platform.a(fsl_lptmr_driver.c.obj)
                              CMakeFiles/hello_world.dir/home/james/Downloads/KSDK_1.3.0/examples/frdmkl46z/demo_apps/hello_world/fsl_lptmr_irq.c.obj (LPTMR_DRV_IRQHandler)
../../../../../lib/ksdk_platform_lib/armgcc/KL46Z4/release/libksdk_platform.a(fsl_lptmr_common.c.obj)
                              ../../../../../lib/ksdk_platform_lib/armgcc/KL46Z4/release/libksdk_platform.a(fsl_lptmr_driver.c.obj) (g_lptmrStatePtr)
../../../../../lib/ksdk_platform_lib/armgcc/KL46Z4/release/libksdk_platform.a(fsl_mcg_hal.c.obj)
                              ../../../../../lib/ksdk_platform_lib/armgcc/KL46Z4/release/libksdk_platform.a(fsl_clock_manager.c.obj) (CLOCK_HAL_PrepareOsc)
../../../../../lib/ksdk_platform_lib/armgcc/KL46Z4/release/libksdk_platform.a(fsl_mcg_hal_modes.c.obj)
                              ../../../../../lib/ksdk_platform_lib/armgcc/KL46Z4/release/libksdk_platform.a(fsl_clock_manager.c.obj) (CLOCK_HAL_GetMcgMode)
../../../../../lib/ksdk_platform_lib/armgcc/KL46Z4/release/libksdk_platform.a(fsl_osc_hal.c.obj)
                              ../../../../../lib/ksdk_platform_lib/armgcc/KL46Z4/release/libksdk_platform.a(fsl_clock_manager.c.obj) (OSC_HAL_SetCapacitor)
../../../../../lib/ksdk_platform_lib/armgcc/KL46Z4/release/libksdk_platform.a(fsl_sim_hal_MKL46Z4.c.obj)
                              ../../../../../lib/ksdk_platform_lib/armgcc/KL46Z4/release/libksdk_platform.a(fsl_clock_MKL46Z4.c.obj) (CLOCK_HAL_SetOutDiv)
../../../../../lib/ksdk_platform_lib/armgcc/KL46Z4/release/libksdk_platform.a(fsl_uart_hal.c.obj)
                              CMakeFiles/hello_world.dir/home/james/Downloads/KSDK_1.3.0/platform/utilities/src/fsl_debug_console.c.obj (UART_HAL_SetBaudRate)
../../../../../lib/ksdk_platform_lib/armgcc/KL46Z4/release/libksdk_platform.a(fsl_os_abstraction_bm.c.obj)
                              ../../../../../lib/ksdk_platform_lib/armgcc/KL46Z4/release/libksdk_platform.a(fsl_clock_manager.c.obj) (OSA_EnterCritical)
../../../../../lib/ksdk_platform_lib/armgcc/KL46Z4/release/libksdk_platform.a(fsl_interrupt_manager.c.obj)
                              ../../../../../lib/ksdk_platform_lib/armgcc/KL46Z4/release/libksdk_platform.a(fsl_os_abstraction_bm.c.obj) (INT_SYS_InstallHandler)
../../../../../lib/ksdk_platform_lib/armgcc/KL46Z4/release/libksdk_platform.a(fsl_lptmr_hal.c.obj)
                              ../../../../../lib/ksdk_platform_lib/armgcc/KL46Z4/release/libksdk_platform.a(fsl_lptmr_driver.c.obj) (LPTMR_HAL_Init)
/home/james/Downloads/gcc-arm-none-eabi-5_4-2016q3/bin/../lib/gcc/arm-none-eabi/5.4.1/../../../../arm-none-eabi/lib/armv6-m/libc_nano.a(lib_a-abs.o)
                              CMakeFiles/hello_world.dir/home/james/Downloads/KSDK_1.3.0/examples/frdmkl46z/demo_apps/hello_world/main.c.obj (abs)
/home/james/Downloads/gcc-arm-none-eabi-5_4-2016q3/bin/../lib/gcc/arm-none-eabi/5.4.1/../../../../arm-none-eabi/lib/armv6-m/libc_nano.a(lib_a-calloc.o)
                              ../../../../../lib/ksdk_platform_lib/armgcc/KL46Z4/release/libksdk_platform.a(fsl_os_abstraction_bm.c.obj) (calloc)
/home/james/Downloads/gcc-arm-none-eabi-5_4-2016q3/bin/../lib/gcc/arm-none-eabi/5.4.1/../../../../arm-none-eabi/lib/armv6-m/libc_nano.a(lib_a-errno.o)
                              CMakeFiles/hello_world.dir/home/james/Downloads/KSDK_1.3.0/platform/utilities/src/fsl_misc_utilities.c.obj (__errno)
/home/james/Downloads/gcc-arm-none-eabi-5_4-2016q3/bin/../lib/gcc/arm-none-eabi/5.4.1/../../../../arm-none-eabi/lib/armv6-m/libc_nano.a(lib_a-exit.o)
                              /home/james/Downloads/gcc-arm-none-eabi-5_4-2016q3/bin/../lib/gcc/arm-none-eabi/5.4.1/../../../../arm-none-eabi/lib/armv6-m/crt0.o (exit)
[...]
Memory Configuration

Name             Origin             Length             Attributes
m_interrupts     0x00000000         0x00000100         xr
m_flash_config   0x00000400         0x00000010         xr
m_text           0x00000410         0x0003fbf0         xr
m_data           0x1fffe000         0x00008000         rw
*default*        0x00000000         0xffffffff

Linker script and memory map

LOAD /home/james/Downloads/gcc-arm-none-eabi-5_4-2016q3/bin/../lib/gcc/arm-none-eabi/5.4.1/armv6-m/crti.o
LOAD /home/james/Downloads/gcc-arm-none-eabi-5_4-2016q3/bin/../lib/gcc/arm-none-eabi/5.4.1/armv6-m/crtbegin.o
LOAD /home/james/Downloads/gcc-arm-none-eabi-5_4-2016q3/bin/../lib/gcc/arm-none-eabi/5.4.1/../../../../arm-none-eabi/lib/armv6-m/crt0.o
LOAD /home/james/Downloads/gcc-arm-none-eabi-5_4-2016q3/bin/../lib/gcc/arm-none-eabi/5.4.1/../../../../arm-none-eabi/lib/armv6-m/libm.a
                0x00002000                __stack_size__ = 0x2000
                0x00002000                __heap_size__ = 0x2000
LOAD CMakeFiles/hello_world.dir/home/james/Downloads/KSDK_1.3.0/platform/utilities/src/fsl_misc_utilities.c.obj
LOAD CMakeFiles/hello_world.dir/home/james/Downloads/KSDK_1.3.0/platform/devices/MKL46Z4/startup/gcc/startup_MKL46Z4.S.obj
LOAD CMakeFiles/hello_world.dir/home/james/Downloads/KSDK_1.3.0/examples/frdmkl46z/demo_apps/hello_world/main.c.obj
LOAD CMakeFiles/hello_world.dir/home/james/Downloads/KSDK_1.3.0/examples/frdmkl46z/demo_apps/hello_world/FreeRTOS/port/gcc/port.c.obj
LOAD CMakeFiles/hello_world.dir/home/james/Downloads/KSDK_1.3.0/examples/frdmkl46z/demo_apps/hello_world/FreeRTOS/src/croutine.c.obj
LOAD CMakeFiles/hello_world.dir/home/james/Downloads/KSDK_1.3.0/examples/frdmkl46z/demo_apps/hello_world/FreeRTOS/src/event_groups.c.obj
LOAD CMakeFiles/hello_world.dir/home/james/Downloads/KSDK_1.3.0/examples/frdmkl46z/demo_apps/hello_world/FreeRTOS/src/heap_1.c.obj
LOAD CMakeFiles/hello_world.dir/home/james/Downloads/KSDK_1.3.0/examples/frdmkl46z/demo_apps/hello_world/FreeRTOS/src/heap_2.c.obj
LOAD CMakeFiles/hello_world.dir/home/james/Downloads/KSDK_1.3.0/examples/frdmkl46z/demo_apps/hello_world/FreeRTOS/src/heap_3.c.obj
LOAD CMakeFiles/hello_world.dir/home/james/Downloads/KSDK_1.3.0/examples/frdmkl46z/demo_apps/hello_world/FreeRTOS/src/heap_4.c.obj
LOAD CMakeFiles/hello_world.dir/home/james/Downloads/KSDK_1.3.0/examples/frdmkl46z/demo_apps/hello_world/FreeRTOS/src/heap_5.c.obj
LOAD CMakeFiles/hello_world.dir/home/james/Downloads/KSDK_1.3.0/examples/frdmkl46z/demo_apps/hello_world/FreeRTOS/src/list.c.obj
LOAD CMakeFiles/hello_world.dir/home/james/Downloads/KSDK_1.3.0/examples/frdmkl46z/demo_apps/hello_world/FreeRTOS/src/queue.c.obj
LOAD CMakeFiles/hello_world.dir/home/james/Downloads/KSDK_1.3.0/examples/frdmkl46z/demo_apps/hello_world/FreeRTOS/src/tasks.c.obj
LOAD CMakeFiles/hello_world.dir/home/james/Downloads/KSDK_1.3.0/examples/frdmkl46z/demo_apps/hello_world/FreeRTOS/src/timers.c.obj
LOAD CMakeFiles/hello_world.dir/home/james/Downloads/KSDK_1.3.0/examples/frdmkl46z/demo_apps/hello_world/fsl_lptmr_irq.c.obj
LOAD CMakeFiles/hello_world.dir/home/james/Downloads/KSDK_1.3.0/examples/frdmkl46z/demo_apps/hello_world/hardware_init.c.obj
LOAD CMakeFiles/hello_world.dir/home/james/Downloads/KSDK_1.3.0/examples/frdmkl46z/gpio_pins.c.obj
LOAD CMakeFiles/hello_world.dir/home/james/Downloads/KSDK_1.3.0/examples/frdmkl46z/pin_mux.c.obj
LOAD CMakeFiles/hello_world.dir/home/james/Downloads/KSDK_1.3.0/examples/frdmkl46z/board.c.obj
LOAD CMakeFiles/hello_world.dir/home/james/Downloads/KSDK_1.3.0/platform/utilities/src/fsl_debug_console.c.obj
LOAD CMakeFiles/hello_world.dir/home/james/Downloads/KSDK_1.3.0/platform/utilities/src/print_scan.c.obj
LOAD CMakeFiles/hello_world.dir/home/james/Downloads/KSDK_1.3.0/platform/devices/MKL46Z4/startup/system_MKL46Z4.c.obj
LOAD CMakeFiles/hello_world.dir/home/james/Downloads/KSDK_1.3.0/platform/devices/startup.c.obj
START GROUP
LOAD ../../../../../lib/ksdk_platform_lib/armgcc/KL46Z4/release/libksdk_platform.a
LOAD /home/james/Downloads/gcc-arm-none-eabi-5_4-2016q3/bin/../lib/gcc/arm-none-eabi/5.4.1/../../../../arm-none-eabi/lib/armv6-m/libm.a
LOAD /home/james/Downloads/gcc-arm-none-eabi-5_4-2016q3/bin/../lib/gcc/arm-none-eabi/5.4.1/../../../../arm-none-eabi/lib/armv6-m/libc_nano.a
LOAD /home/james/Downloads/gcc-arm-none-eabi-5_4-2016q3/bin/../lib/gcc/arm-none-eabi/5.4.1/armv6-m/libgcc.a
LOAD /home/james/Downloads/gcc-arm-none-eabi-5_4-2016q3/bin/../lib/gcc/arm-none-eabi/5.4.1/../../../../arm-none-eabi/lib/armv6-m/libnosys.a
END GROUP
START GROUP
LOAD /home/james/Downloads/gcc-arm-none-eabi-5_4-2016q3/bin/../lib/gcc/arm-none-eabi/5.4.1/armv6-m/libgcc.a
LOAD /home/james/Downloads/gcc-arm-none-eabi-5_4-2016q3/bin/../lib/gcc/arm-none-eabi/5.4.1/../../../../arm-none-eabi/lib/armv6-m/libc_nano.a
END GROUP
START GROUP
LOAD /home/james/Downloads/gcc-arm-none-eabi-5_4-2016q3/bin/../lib/gcc/arm-none-eabi/5.4.1/armv6-m/libgcc.a
LOAD /home/james/Downloads/gcc-arm-none-eabi-5_4-2016q3/bin/../lib/gcc/arm-none-eabi/5.4.1/../../../../arm-none-eabi/lib/armv6-m/libc_nano.a
END GROUP
LOAD /home/james/Downloads/gcc-arm-none-eabi-5_4-2016q3/bin/../lib/gcc/arm-none-eabi/5.4.1/armv6-m/crtend.o
LOAD /home/james/Downloads/gcc-arm-none-eabi-5_4-2016q3/bin/../lib/gcc/arm-none-eabi/5.4.1/armv6-m/crtn.o
                0x00000400                HEAP_SIZE = DEFINED (__heap_size__)?__heap_size__:0x400
                0x00000400                STACK_SIZE = DEFINED (__stack_size__)?__stack_size__:0x400
                0x00000000                M_VECTOR_RAM_SIZE = DEFINED (__ram_vector_table__)?0x100:0x0

.interrupts     0x00000000       0xc0
                0x00000000                __VECTOR_TABLE = .
                0x00000000                . = ALIGN (0x4)
 *(.isr_vector)
 .isr_vector    0x00000000       0xc0 CMakeFiles/hello_world.dir/home/james/Downloads/KSDK_1.3.0/platform/devices/MKL46Z4/startup/gcc/startup_MKL46Z4.S.obj
                0x00000000                __isr_vector
                0x000000c0                . = ALIGN (0x4)

.flash_config   0x00000400       0x10
                0x00000400                . = ALIGN (0x4)
 *(.FlashConfig)
 .FlashConfig   0x00000400       0x10 CMakeFiles/hello_world.dir/home/james/Downloads/KSDK_1.3.0/platform/devices/MKL46Z4/startup/gcc/startup_MKL46Z4.S.obj
                0x00000410                . = ALIGN (0x4)

.text           0x00000410     0x2ff8
                0x00000410                . = ALIGN (0x4)
 *(.text)
 .text          0x00000410       0x60 /home/james/Downloads/gcc-arm-none-eabi-5_4-2016q3/bin/../lib/gcc/arm-none-eabi/5.4.1/armv6-m/crtbegin.o
 .text          0x00000470       0x78 /home/james/Downloads/gcc-arm-none-eabi-5_4-2016q3/bin/../lib/gcc/arm-none-eabi/5.4.1/../../../../arm-none-eabi/lib/armv6-m/crt0.o
                0x00000470                _mainCRTStartup
                0x00000470                _start
 .text          0x000004e8       0x18 CMakeFiles/hello_world.dir/home/james/Downloads/KSDK_1.3.0/platform/devices/MKL46Z4/startup/gcc/startup_MKL46Z4.S.obj
                0x000004e8                Reset_Handler
                0x000004f8                I2C0_IRQHandler
                0x000004f8                HardFault_Handler
                0x000004f8                NMI_Handler
                0x000004f8                PORTC_PORTD_IRQHandler
                0x000004f8                I2C1_IRQHandler
                0x000004f8                UART1_IRQHandler
                0x000004f8                DMA2_IRQHandler
                0x000004f8                TPM0_IRQHandler
                0x000004f8                I2S0_IRQHandler
                0x000004f8                LLWU_IRQHandler
                0x000004f8                TSI0_IRQHandler
                0x000004f8                UART0_IRQHandler
                0x000004f8                ADC0_IRQHandler
                0x000004f8                SPI1_IRQHandler
                0x000004f8                DefaultISR
                0x000004f8                TPM2_IRQHandler
                0x000004f8                RTC_IRQHandler
                0x000004f8                LCD_IRQHandler
                0x000004f8                RTC_Seconds_IRQHandler
                0x000004f8                MCG_IRQHandler
                0x000004f8                UART2_IRQHandler
                0x000004f8                Reserved20_IRQHandler
                0x000004f8                USB0_IRQHandler
                0x000004f8                PIT_IRQHandler
                0x000004f8                DMA3_IRQHandler
                0x000004f8                DMA0_IRQHandler
                0x000004f8                DAC0_IRQHandler
                0x000004f8                TPM1_IRQHandler
                0x000004f8                LVD_LVW_IRQHandler
                0x000004f8                SPI0_IRQHandler
                0x000004f8                PORTA_IRQHandler
                0x000004f8                FTFA_IRQHandler
                0x000004f8                CMP0_IRQHandler
                0x000004f8                DMA1_IRQHandler
 .text          0x00000500       0x34 /home/james/Downloads/gcc-arm-none-eabi-5_4-2016q3/bin/../lib/gcc/arm-none-eabi/5.4.1/../../../../arm-none-eabi/lib/armv6-m/libc_nano.a(lib_a-setjmp.o)
                0x00000500                setjmp
                0x00000518                longjmp
 .text          0x00000534        0xe /home/james/Downloads/gcc-arm-none-eabi-5_4-2016q3/bin/../lib/gcc/arm-none-eabi/5.4.1/../../../../arm-none-eabi/lib/armv6-m/libc_nano.a(lib_a-strlen.o)
                0x00000534                strlen
 *fill*         0x00000542        0x2 
 .text          0x00000544       0x14 /home/james/Downloads/gcc-arm-none-eabi-5_4-2016q3/bin/../lib/gcc/arm-none-eabi/5.4.1/armv6-m/libgcc.a(_thumb1_case_uqi.o)
                0x00000544                __gnu_thumb1_case_uqi
 .text          0x00000558       0x14 /home/james/Downloads/gcc-arm-none-eabi-5_4-2016q3/bin/../lib/gcc/arm-none-eabi/5.4.1/armv6-m/libgcc.a(_thumb1_case_uhi.o)
                0x00000558                __gnu_thumb1_case_uhi
 .text          0x0000056c      0x114 /home/james/Downloads/gcc-arm-none-eabi-5_4-2016q3/bin/../lib/gcc/arm-none-eabi/5.4.1/armv6-m/libgcc.a(_udivsi3.o)
                0x0000056c                __udivsi3
                0x0000056c                __aeabi_uidiv
                0x00000678                __aeabi_uidivmod
 .text          0x00000680      0x1d4 /home/james/Downloads/gcc-arm-none-eabi-5_4-2016q3/bin/../lib/gcc/arm-none-eabi/5.4.1/armv6-m/libgcc.a(_divsi3.o)
                0x00000680                __aeabi_idiv
                0x00000680                __divsi3
                0x0000084c                __aeabi_idivmod
 .text          0x00000854        0x4 /home/james/Downloads/gcc-arm-none-eabi-5_4-2016q3/bin/../lib/gcc/arm-none-eabi/5.4.1/armv6-m/libgcc.a(_dvmd_tls.o)
                0x00000854                __aeabi_ldiv0
                0x00000854                __aeabi_idiv0
 *(.text*)
 .text._sbrk    0x00000858       0x38 CMakeFiles/hello_world.dir/home/james/Downloads/KSDK_1.3.0/platform/utilities/src/fsl_misc_utilities.c.obj
                0x00000858                _sbrk
 .text.light_sensor_init
                0x00000890       0x28 CMakeFiles/hello_world.dir/home/james/Downloads/KSDK_1.3.0/examples/frdmkl46z/demo_apps/hello_world/main.c.obj
                0x00000890                light_sensor_init
 .text.light_sensor_read
                0x000008b8       0x1c CMakeFiles/hello_world.dir/home/james/Downloads/KSDK_1.3.0/examples/frdmkl46z/demo_apps/hello_world/main.c.obj
                0x000008b8                light_sensor_read
 .text.touch_sensor_init
                0x000008d4       0x34 CMakeFiles/hello_world.dir/home/james/Downloads/KSDK_1.3.0/examples/frdmkl46z/demo_apps/hello_world/main.c.obj
                0x000008d4                touch_sensor_init
 .text.touch_sensor_read
                0x00000908       0x2c CMakeFiles/hello_world.dir/home/james/Downloads/KSDK_1.3.0/examples/frdmkl46z/demo_apps/hello_world/main.c.obj
                0x00000908                touch_sensor_read
 .text.udelay   0x00000934        0xe CMakeFiles/hello_world.dir/home/james/Downloads/KSDK_1.3.0/examples/frdmkl46z/demo_apps/hello_world/main.c.obj
                0x00000934                udelay
 *fill*         0x00000942        0x2 
 .text.read_i2c
                0x00000944       0xb8 CMakeFiles/hello_world.dir/home/james/Downloads/KSDK_1.3.0/examples/frdmkl46z/demo_apps/hello_world/main.c.obj
                0x00000944                read_i2c
 .text.write_i2c
                0x000009fc       0x64 CMakeFiles/hello_world.dir/home/james/Downloads/KSDK_1.3.0/examples/frdmkl46z/demo_apps/hello_world/main.c.obj
                0x000009fc                write_i2c
 .text.init_i2c
                0x00000a60       0x60 CMakeFiles/hello_world.dir/home/james/Downloads/KSDK_1.3.0/examples/frdmkl46z/demo_apps/hello_world/main.c.obj
                0x00000a60                init_i2c
 .text.sleep    0x00000ac0        0xc CMakeFiles/hello_world.dir/home/james/Downloads/KSDK_1.3.0/examples/frdmkl46z/demo_apps/hello_world/main.c.obj
                0x00000ac0                sleep
 .text.calibrate_touch_sensor
                0x00000acc       0x24 CMakeFiles/hello_world.dir/home/james/Downloads/KSDK_1.3.0/examples/frdmkl46z/demo_apps/hello_world/main.c.obj
                0x00000acc                calibrate_touch_sensor
 .text.calibrate_light_sensor
                0x00000af0       0x20 CMakeFiles/hello_world.dir/home/james/Downloads/KSDK_1.3.0/examples/frdmkl46z/demo_apps/hello_world/main.c.obj
                0x00000af0                calibrate_light_sensor
 .text.scrollmodeCheck
                0x00000b10       0x68 CMakeFiles/hello_world.dir/home/james/Downloads/KSDK_1.3.0/examples/frdmkl46z/demo_apps/hello_world/main.c.obj
                0x00000b10                scrollmodeCheck
 .text.handOnCheck
                0x00000b78       0x38 CMakeFiles/hello_world.dir/home/james/Downloads/KSDK_1.3.0/examples/frdmkl46z/demo_apps/hello_world/main.c.obj
                0x00000b78                handOnCheck
 .text.mouseDataTask
                0x00000bb0      0x1dc CMakeFiles/hello_world.dir/home/james/Downloads/KSDK_1.3.0/examples/frdmkl46z/demo_apps/hello_world/main.c.obj
 .text.startup.main
                0x00000d8c       0xc4 CMakeFiles/hello_world.dir/home/james/Downloads/KSDK_1.3.0/examples/frdmkl46z/demo_apps/hello_world/main.c.obj
                0x00000d8c                main
 .text.pxPortInitialiseStack
                0x00000e50       0x20 CMakeFiles/hello_world.dir/home/james/Downloads/KSDK_1.3.0/examples/frdmkl46z/demo_apps/hello_world/FreeRTOS/port/gcc/port.c.obj
                0x00000e50                pxPortInitialiseStack
 .text.vPortInitTickTimer
                0x00000e70       0x40 CMakeFiles/hello_world.dir/home/james/Downloads/KSDK_1.3.0/examples/frdmkl46z/demo_apps/hello_world/FreeRTOS/port/gcc/port.c.obj
                0x00000e70                vPortInitTickTimer
 .text.vPortYieldFromISR
                0x00000eb0       0x18 CMakeFiles/hello_world.dir/home/james/Downloads/KSDK_1.3.0/examples/frdmkl46z/demo_apps/hello_world/FreeRTOS/port/gcc/port.c.obj
                0x00000eb0                vPortYieldFromISR
 .text.vPortStartFirstTask
                0x00000ec8       0x18 CMakeFiles/hello_world.dir/home/james/Downloads/KSDK_1.3.0/examples/frdmkl46z/demo_apps/hello_world/FreeRTOS/port/gcc/port.c.obj
                0x00000ec8                vPortStartFirstTask
 .text.xPortStartScheduler
                0x00000ee0       0x40 CMakeFiles/hello_world.dir/home/james/Downloads/KSDK_1.3.0/examples/frdmkl46z/demo_apps/hello_world/FreeRTOS/port/gcc/port.c.obj
                0x00000ee0                xPortStartScheduler
 .text.SVC_Handler
                0x00000f20       0x28 CMakeFiles/hello_world.dir/home/james/Downloads/KSDK_1.3.0/examples/frdmkl46z/demo_apps/hello_world/FreeRTOS/port/gcc/port.c.obj
                0x00000f20                SVC_Handler
 .text.PendSV_Handler
                0x00000f48       0x44 CMakeFiles/hello_world.dir/home/james/Downloads/KSDK_1.3.0/examples/frdmkl46z/demo_apps/hello_world/FreeRTOS/port/gcc/port.c.obj
                0x00000f48                PendSV_Handler
 .text.ulPortSetInterruptMask
                0x00000f8c        0xa CMakeFiles/hello_world.dir/home/james/Downloads/KSDK_1.3.0/examples/frdmkl46z/demo_apps/hello_world/FreeRTOS/port/gcc/port.c.obj
                0x00000f8c                ulPortSetInterruptMask
 *fill*         0x00000f96        0x2 
 .text.prvTaskExitError
                0x00000f98       0x1c CMakeFiles/hello_world.dir/home/james/Downloads/KSDK_1.3.0/examples/frdmkl46z/demo_apps/hello_world/FreeRTOS/port/gcc/port.c.obj
                0x00000f98                prvTaskExitError
 .text.vPortEnterCritical
                0x00000fb4       0x1c CMakeFiles/hello_world.dir/home/james/Downloads/KSDK_1.3.0/examples/frdmkl46z/demo_apps/hello_world/FreeRTOS/port/gcc/port.c.obj
                0x00000fb4                vPortEnterCritical
 .text.vPortClearInterruptMask
                0x00000fd0        0x6 CMakeFiles/hello_world.dir/home/james/Downloads/KSDK_1.3.0/examples/frdmkl46z/demo_apps/hello_world/FreeRTOS/port/gcc/port.c.obj
                0x00000fd0                vPortClearInterruptMask
 *fill*         0x00000fd6        0x2 
 .text.vPortExitCritical
                0x00000fd8       0x18 CMakeFiles/hello_world.dir/home/james/Downloads/KSDK_1.3.0/examples/frdmkl46z/demo_apps/hello_world/FreeRTOS/port/gcc/port.c.obj
                0x00000fd8                vPortExitCritical
 .text.SysTick_Handler
                0x00000ff0       0x1a CMakeFiles/hello_world.dir/home/james/Downloads/KSDK_1.3.0/examples/frdmkl46z/demo_apps/hello_world/FreeRTOS/port/gcc/port.c.obj
                0x00000ff0                SysTick_Handler
 .text.pvPortMalloc
                0x0000100a       0x18 CMakeFiles/hello_world.dir/home/james/Downloads/KSDK_1.3.0/examples/frdmkl46z/demo_apps/hello_world/FreeRTOS/src/heap_3.c.obj
                0x0000100a                pvPortMalloc
 .text.vPortFree
                0x00001022       0x16 CMakeFiles/hello_world.dir/home/james/Downloads/KSDK_1.3.0/examples/frdmkl46z/demo_apps/hello_world/FreeRTOS/src/heap_3.c.obj
                0x00001022                vPortFree
 .text.vListInitialise
                0x00001038       0x16 CMakeFiles/hello_world.dir/home/james/Downloads/KSDK_1.3.0/examples/frdmkl46z/demo_apps/hello_world/FreeRTOS/src/list.c.obj
                0x00001038                vListInitialise
 .text.vListInitialiseItem
                0x0000104e        0x6 CMakeFiles/hello_world.dir/home/james/Downloads/KSDK_1.3.0/examples/frdmkl46z/demo_apps/hello_world/FreeRTOS/src/list.c.obj
                0x0000104e                vListInitialiseItem
 .text.vListInsertEnd
                0x00001054       0x18 CMakeFiles/hello_world.dir/home/james/Downloads/KSDK_1.3.0/examples/frdmkl46z/demo_apps/hello_world/FreeRTOS/src/list.c.obj
                0x00001054                vListInsertEnd
 .text.vListInsert
                0x0000106c       0x30 CMakeFiles/hello_world.dir/home/james/Downloads/KSDK_1.3.0/examples/frdmkl46z/demo_apps/hello_world/FreeRTOS/src/list.c.obj
                0x0000106c                vListInsert
 .text.uxListRemove
                0x0000109c       0x20 CMakeFiles/hello_world.dir/home/james/Downloads/KSDK_1.3.0/examples/frdmkl46z/demo_apps/hello_world/FreeRTOS/src/list.c.obj
                0x0000109c                uxListRemove
 .text.prvCopyDataToQueue
                0x000010bc       0x72 CMakeFiles/hello_world.dir/home/james/Downloads/KSDK_1.3.0/examples/frdmkl46z/demo_apps/hello_world/FreeRTOS/src/queue.c.obj
 .text.unlikely.prvCopyDataFromQueue
                0x0000112e       0x24 CMakeFiles/hello_world.dir/home/james/Downloads/KSDK_1.3.0/examples/frdmkl46z/demo_apps/hello_world/FreeRTOS/src/queue.c.obj
 .text.prvUnlockQueue
                0x00001152       0x6a CMakeFiles/hello_world.dir/home/james/Downloads/KSDK_1.3.0/examples/frdmkl46z/demo_apps/hello_world/FreeRTOS/src/queue.c.obj
 .text.xQueueGenericReset
                0x000011bc       0x68 CMakeFiles/hello_world.dir/home/james/Downloads/KSDK_1.3.0/examples/frdmkl46z/demo_apps/hello_world/FreeRTOS/src/queue.c.obj
                0x000011bc                xQueueGenericReset
 .text.xQueueGenericCreate
                0x00001224       0x4c CMakeFiles/hello_world.dir/home/james/Downloads/KSDK_1.3.0/examples/frdmkl46z/demo_apps/hello_world/FreeRTOS/src/queue.c.obj
                0x00001224                xQueueGenericCreate
 .text.xQueueGenericSend
                0x00001270      0x124 CMakeFiles/hello_world.dir/home/james/Downloads/KSDK_1.3.0/examples/frdmkl46z/demo_apps/hello_world/FreeRTOS/src/queue.c.obj
                0x00001270                xQueueGenericSend
 .text.xQueueGenericSendFromISR
                0x00001394       0x88 CMakeFiles/hello_world.dir/home/james/Downloads/KSDK_1.3.0/examples/frdmkl46z/demo_apps/hello_world/FreeRTOS/src/queue.c.obj
                0x00001394                xQueueGenericSendFromISR
 .text.xQueueGenericReceive
                0x0000141c      0x146 CMakeFiles/hello_world.dir/home/james/Downloads/KSDK_1.3.0/examples/frdmkl46z/demo_apps/hello_world/FreeRTOS/src/queue.c.obj
                0x0000141c                xQueueGenericReceive
 .text.vQueueWaitForMessageRestricted
                0x00001562       0x3a CMakeFiles/hello_world.dir/home/james/Downloads/KSDK_1.3.0/examples/frdmkl46z/demo_apps/hello_world/FreeRTOS/src/queue.c.obj
                0x00001562                vQueueWaitForMessageRestricted
 .text.prvResetNextTaskUnblockTime
                0x0000159c       0x28 CMakeFiles/hello_world.dir/home/james/Downloads/KSDK_1.3.0/examples/frdmkl46z/demo_apps/hello_world/FreeRTOS/src/tasks.c.obj
 .text.prvAddCurrentTaskToDelayedList
                0x000015c4       0x4c CMakeFiles/hello_world.dir/home/james/Downloads/KSDK_1.3.0/examples/frdmkl46z/demo_apps/hello_world/FreeRTOS/src/tasks.c.obj
 .text.xTaskGenericCreate
                0x00001610      0x1ac CMakeFiles/hello_world.dir/home/james/Downloads/KSDK_1.3.0/examples/frdmkl46z/demo_apps/hello_world/FreeRTOS/src/tasks.c.obj
                0x00001610                xTaskGenericCreate
 .text.vTaskStartScheduler
                0x000017bc       0x5c CMakeFiles/hello_world.dir/home/james/Downloads/KSDK_1.3.0/examples/frdmkl46z/demo_apps/hello_world/FreeRTOS/src/tasks.c.obj
                0x000017bc                vTaskStartScheduler
 .text.vTaskSuspendAll
                0x00001818       0x10 CMakeFiles/hello_world.dir/home/james/Downloads/KSDK_1.3.0/examples/frdmkl46z/demo_apps/hello_world/FreeRTOS/src/tasks.c.obj
                0x00001818                vTaskSuspendAll
 .text.xTaskGetTickCount
                0x00001828       0x18 CMakeFiles/hello_world.dir/home/james/Downloads/KSDK_1.3.0/examples/frdmkl46z/demo_apps/hello_world/FreeRTOS/src/tasks.c.obj
                0x00001828                xTaskGetTickCount
 .text.xTaskIncrementTick
                0x00001840      0x104 CMakeFiles/hello_world.dir/home/james/Downloads/KSDK_1.3.0/examples/frdmkl46z/demo_apps/hello_world/FreeRTOS/src/tasks.c.obj
                0x00001840                xTaskIncrementTick
 .text.xTaskResumeAll
                0x00001944       0xd0 CMakeFiles/hello_world.dir/home/james/Downloads/KSDK_1.3.0/examples/frdmkl46z/demo_apps/hello_world/FreeRTOS/src/tasks.c.obj
                0x00001944                xTaskResumeAll
 .text.vTaskDelayUntil
                0x00001a14       0x7c CMakeFiles/hello_world.dir/home/james/Downloads/KSDK_1.3.0/examples/frdmkl46z/demo_apps/hello_world/FreeRTOS/src/tasks.c.obj
                0x00001a14                vTaskDelayUntil
 .text.prvIdleTask
                0x00001a90       0x68 CMakeFiles/hello_world.dir/home/james/Downloads/KSDK_1.3.0/examples/frdmkl46z/demo_apps/hello_world/FreeRTOS/src/tasks.c.obj
 .text.vTaskSwitchContext
                0x00001af8       0x78 CMakeFiles/hello_world.dir/home/james/Downloads/KSDK_1.3.0/examples/frdmkl46z/demo_apps/hello_world/FreeRTOS/src/tasks.c.obj
                0x00001af8                vTaskSwitchContext
 .text.vTaskPlaceOnEventList
                0x00001b70       0x48 CMakeFiles/hello_world.dir/home/james/Downloads/KSDK_1.3.0/examples/frdmkl46z/demo_apps/hello_world/FreeRTOS/src/tasks.c.obj
                0x00001b70                vTaskPlaceOnEventList
 .text.vTaskPlaceOnEventListRestricted
                0x00001bb8       0x34 CMakeFiles/hello_world.dir/home/james/Downloads/KSDK_1.3.0/examples/frdmkl46z/demo_apps/hello_world/FreeRTOS/src/tasks.c.obj
                0x00001bb8                vTaskPlaceOnEventListRestricted
 .text.xTaskRemoveFromEventList
                0x00001bec       0x78 CMakeFiles/hello_world.dir/home/james/Downloads/KSDK_1.3.0/examples/frdmkl46z/demo_apps/hello_world/FreeRTOS/src/tasks.c.obj
                0x00001bec                xTaskRemoveFromEventList
 .text.vTaskSetTimeOutState
                0x00001c64       0x24 CMakeFiles/hello_world.dir/home/james/Downloads/KSDK_1.3.0/examples/frdmkl46z/demo_apps/hello_world/FreeRTOS/src/tasks.c.obj
                0x00001c64                vTaskSetTimeOutState
 .text.xTaskCheckForTimeOut
                0x00001c88       0x64 CMakeFiles/hello_world.dir/home/james/Downloads/KSDK_1.3.0/examples/frdmkl46z/demo_apps/hello_world/FreeRTOS/src/tasks.c.obj
                0x00001c88                xTaskCheckForTimeOut
 .text.vTaskMissedYield
                0x00001cec        0xc CMakeFiles/hello_world.dir/home/james/Downloads/KSDK_1.3.0/examples/frdmkl46z/demo_apps/hello_world/FreeRTOS/src/tasks.c.obj
                0x00001cec                vTaskMissedYield
 .text.xTaskGetSchedulerState
                0x00001cf8       0x20 CMakeFiles/hello_world.dir/home/james/Downloads/KSDK_1.3.0/examples/frdmkl46z/demo_apps/hello_world/FreeRTOS/src/tasks.c.obj
                0x00001cf8                xTaskGetSchedulerState
 .text.vTaskPriorityInherit
                0x00001d18       0x6c CMakeFiles/hello_world.dir/home/james/Downloads/KSDK_1.3.0/examples/frdmkl46z/demo_apps/hello_world/FreeRTOS/src/tasks.c.obj
                0x00001d18                vTaskPriorityInherit
 .text.xTaskPriorityDisinherit
                0x00001d84       0x5c CMakeFiles/hello_world.dir/home/james/Downloads/KSDK_1.3.0/examples/frdmkl46z/demo_apps/hello_world/FreeRTOS/src/tasks.c.obj
                0x00001d84                xTaskPriorityDisinherit
 .text.pvTaskIncrementMutexHeldCount
                0x00001de0       0x18 CMakeFiles/hello_world.dir/home/james/Downloads/KSDK_1.3.0/examples/frdmkl46z/demo_apps/hello_world/FreeRTOS/src/tasks.c.obj
                0x00001de0                pvTaskIncrementMutexHeldCount
 .text.prvCheckForValidListAndQueue
                0x00001df8       0x58 CMakeFiles/hello_world.dir/home/james/Downloads/KSDK_1.3.0/examples/frdmkl46z/demo_apps/hello_world/FreeRTOS/src/timers.c.obj
 .text.prvInsertTimerInActiveList
                0x00001e50       0x3c CMakeFiles/hello_world.dir/home/james/Downloads/KSDK_1.3.0/examples/frdmkl46z/demo_apps/hello_world/FreeRTOS/src/timers.c.obj
 .text.xTimerCreateTimerTask
                0x00001e8c       0x44 CMakeFiles/hello_world.dir/home/james/Downloads/KSDK_1.3.0/examples/frdmkl46z/demo_apps/hello_world/FreeRTOS/src/timers.c.obj
                0x00001e8c                xTimerCreateTimerTask
 .text.xTimerGenericCommand
                0x00001ed0       0x48 CMakeFiles/hello_world.dir/home/james/Downloads/KSDK_1.3.0/examples/frdmkl46z/demo_apps/hello_world/FreeRTOS/src/timers.c.obj
                0x00001ed0                xTimerGenericCommand
 .text.prvSwitchTimerLists
                0x00001f18       0x68 CMakeFiles/hello_world.dir/home/james/Downloads/KSDK_1.3.0/examples/frdmkl46z/demo_apps/hello_world/FreeRTOS/src/timers.c.obj
 .text.prvTimerTask
                0x00001f80      0x188 CMakeFiles/hello_world.dir/home/james/Downloads/KSDK_1.3.0/examples/frdmkl46z/demo_apps/hello_world/FreeRTOS/src/timers.c.obj
 .text.LPTMR0_IRQHandler
                0x00002108        0xa CMakeFiles/hello_world.dir/home/james/Downloads/KSDK_1.3.0/examples/frdmkl46z/demo_apps/hello_world/fsl_lptmr_irq.c.obj
                0x00002108                LPTMR0_IRQHandler
 *fill*         0x00002112        0x2 
 .text.hardware_init
                0x00002114       0xa4 CMakeFiles/hello_world.dir/home/james/Downloads/KSDK_1.3.0/examples/frdmkl46z/demo_apps/hello_world/hardware_init.c.obj
                0x00002114                hardware_init
 .text.configure_lpsci_pins
                0x000021b8       0x1c CMakeFiles/hello_world.dir/home/james/Downloads/KSDK_1.3.0/examples/frdmkl46z/pin_mux.c.obj
                0x000021b8                configure_lpsci_pins
 .text.BOARD_InitOsc0
                0x000021d4       0x2c CMakeFiles/hello_world.dir/home/james/Downloads/KSDK_1.3.0/examples/frdmkl46z/board.c.obj
                0x000021d4                BOARD_InitOsc0
 .text.BOARD_ClockInit
                0x00002200       0x50 CMakeFiles/hello_world.dir/home/james/Downloads/KSDK_1.3.0/examples/frdmkl46z/board.c.obj
                0x00002200                BOARD_ClockInit
 .text.dbg_uart_init
                0x00002250       0x24 CMakeFiles/hello_world.dir/home/james/Downloads/KSDK_1.3.0/examples/frdmkl46z/board.c.obj
                0x00002250                dbg_uart_init
 .text.debug_putc
                0x00002274       0x28 CMakeFiles/hello_world.dir/home/james/Downloads/KSDK_1.3.0/platform/utilities/src/fsl_debug_console.c.obj
 .text.DbgConsole_Init
                0x0000229c      0x104 CMakeFiles/hello_world.dir/home/james/Downloads/KSDK_1.3.0/platform/utilities/src/fsl_debug_console.c.obj
                0x0000229c                DbgConsole_Init
 .text.debug_printf
                0x000023a0       0x38 CMakeFiles/hello_world.dir/home/james/Downloads/KSDK_1.3.0/platform/utilities/src/fsl_debug_console.c.obj
                0x000023a0                debug_printf
 .text.mknumstr
                0x000023d8       0x84 CMakeFiles/hello_world.dir/home/james/Downloads/KSDK_1.3.0/platform/utilities/src/print_scan.c.obj
 .text.fput_pad.isra.0
                0x0000245c       0x28 CMakeFiles/hello_world.dir/home/james/Downloads/KSDK_1.3.0/platform/utilities/src/print_scan.c.obj
 .text._doprint
                0x00002484      0x3dc CMakeFiles/hello_world.dir/home/james/Downloads/KSDK_1.3.0/platform/utilities/src/print_scan.c.obj
                0x00002484                _doprint
 .text.SystemInit
                0x00002860       0x10 CMakeFiles/hello_world.dir/home/james/Downloads/KSDK_1.3.0/platform/devices/MKL46Z4/startup/system_MKL46Z4.c.obj
                0x00002860                SystemInit
 .text.init_data_bss
                0x00002870       0x7c CMakeFiles/hello_world.dir/home/james/Downloads/KSDK_1.3.0/platform/devices/startup.c.obj
                0x00002870                init_data_bss
 .text.CLOCK_SYS_BootToPee
                0x000028ec       0x84 ../../../../../lib/ksdk_platform_lib/armgcc/KL46Z4/release/libksdk_platform.a(fsl_clock_manager.c.obj)
                0x000028ec                CLOCK_SYS_BootToPee
 .text.CLOCK_SYS_SetOscerConfigration
                0x00002970       0x28 ../../../../../lib/ksdk_platform_lib/armgcc/KL46Z4/release/libksdk_platform.a(fsl_clock_manager.c.obj)
                0x00002970                CLOCK_SYS_SetOscerConfigration
 .text.CLOCK_SYS_OscInit
                0x00002998       0x7c ../../../../../lib/ksdk_platform_lib/armgcc/KL46Z4/release/libksdk_platform.a(fsl_clock_manager.c.obj)
                0x00002998                CLOCK_SYS_OscInit
 .text.SIM_HAL_EnableClock.constprop.8
                0x00002a14       0x28 ../../../../../lib/ksdk_platform_lib/armgcc/KL46Z4/release/libksdk_platform.a(fsl_clock_MKL46Z4.c.obj)
 .text.CLOCK_SYS_SetSimConfigration
                0x00002a3c       0x38 ../../../../../lib/ksdk_platform_lib/armgcc/KL46Z4/release/libksdk_platform.a(fsl_clock_MKL46Z4.c.obj)
                0x00002a3c                CLOCK_SYS_SetSimConfigration
 .text.CLOCK_SYS_GetSystemClockFreq
                0x00002a74       0x20 ../../../../../lib/ksdk_platform_lib/armgcc/KL46Z4/release/libksdk_platform.a(fsl_clock_MKL46Z4.c.obj)
                0x00002a74                CLOCK_SYS_GetSystemClockFreq
 .text.CLOCK_SYS_GetFlashClockFreq
                0x00002a94       0x18 ../../../../../lib/ksdk_platform_lib/armgcc/KL46Z4/release/libksdk_platform.a(fsl_clock_MKL46Z4.c.obj)
                0x00002a94                CLOCK_SYS_GetFlashClockFreq
 .text.CLOCK_SYS_GetPllFllClockFreq
                0x00002aac       0x30 ../../../../../lib/ksdk_platform_lib/armgcc/KL46Z4/release/libksdk_platform.a(fsl_clock_MKL46Z4.c.obj)
                0x00002aac                CLOCK_SYS_GetPllFllClockFreq
 .text.CLOCK_SYS_GetOsc0ExternalRefClockFreq
                0x00002adc       0x28 ../../../../../lib/ksdk_platform_lib/armgcc/KL46Z4/release/libksdk_platform.a(fsl_clock_MKL46Z4.c.obj)
                0x00002adc                CLOCK_SYS_GetOsc0ExternalRefClockFreq
 .text.CLOCK_SYS_GetLpsciFreq
                0x00002b04       0x34 ../../../../../lib/ksdk_platform_lib/armgcc/KL46Z4/release/libksdk_platform.a(fsl_clock_MKL46Z4.c.obj)
                0x00002b04                CLOCK_SYS_GetLpsciFreq
 .text.CLOCK_SYS_GetUartFreq
                0x00002b38       0x10 ../../../../../lib/ksdk_platform_lib/armgcc/KL46Z4/release/libksdk_platform.a(fsl_clock_MKL46Z4.c.obj)
                0x00002b38                CLOCK_SYS_GetUartFreq
 .text.CLOCK_SYS_EnablePortClock
                0x00002b48       0x10 ../../../../../lib/ksdk_platform_lib/armgcc/KL46Z4/release/libksdk_platform.a(fsl_clock_MKL46Z4.c.obj)
                0x00002b48                CLOCK_SYS_EnablePortClock
 .text.CLOCK_SYS_EnableLpsciClock
                0x00002b58       0x10 ../../../../../lib/ksdk_platform_lib/armgcc/KL46Z4/release/libksdk_platform.a(fsl_clock_MKL46Z4.c.obj)
                0x00002b58                CLOCK_SYS_EnableLpsciClock
 .text.CLOCK_SYS_EnableUartClock
                0x00002b68       0x10 ../../../../../lib/ksdk_platform_lib/armgcc/KL46Z4/release/libksdk_platform.a(fsl_clock_MKL46Z4.c.obj)
                0x00002b68                CLOCK_SYS_EnableUartClock
 .text.LPSCI_HAL_SetBaudRate
                0x00002b78       0xba ../../../../../lib/ksdk_platform_lib/armgcc/KL46Z4/release/libksdk_platform.a(fsl_lpsci_hal.c.obj)
                0x00002b78                LPSCI_HAL_SetBaudRate
 .text.LPSCI_HAL_SetParityMode
                0x00002c32       0x1e ../../../../../lib/ksdk_platform_lib/armgcc/KL46Z4/release/libksdk_platform.a(fsl_lpsci_hal.c.obj)
                0x00002c32                LPSCI_HAL_SetParityMode
 .text.LPSCI_HAL_SendDataPolling
                0x00002c50       0x20 ../../../../../lib/ksdk_platform_lib/armgcc/KL46Z4/release/libksdk_platform.a(fsl_lpsci_hal.c.obj)
                0x00002c50                LPSCI_HAL_SendDataPolling
 .text.LPSCI_HAL_ReceiveDataPolling
                0x00002c70       0x36 ../../../../../lib/ksdk_platform_lib/armgcc/KL46Z4/release/libksdk_platform.a(fsl_lpsci_hal.c.obj)
                0x00002c70                LPSCI_HAL_ReceiveDataPolling
 *fill*         0x00002ca6        0x2 
 .text.LPTMR_DRV_IRQHandler
                0x00002ca8       0x2c ../../../../../lib/ksdk_platform_lib/armgcc/KL46Z4/release/libksdk_platform.a(fsl_lptmr_driver.c.obj)
                0x00002ca8                LPTMR_DRV_IRQHandler
 .text.CLOCK_HAL_PrepareOsc
                0x00002cd4       0x1e ../../../../../lib/ksdk_platform_lib/armgcc/KL46Z4/release/libksdk_platform.a(fsl_mcg_hal.c.obj)
                0x00002cd4                CLOCK_HAL_PrepareOsc
 .text.CLOCK_HAL_TestFllExternalRefFreq
                0x00002cf2       0x36 ../../../../../lib/ksdk_platform_lib/armgcc/KL46Z4/release/libksdk_platform.a(fsl_mcg_hal.c.obj)
                0x00002cf2                CLOCK_HAL_TestFllExternalRefFreq
 .text.CLOCK_HAL_GetFllRefClk
                0x00002d28       0x44 ../../../../../lib/ksdk_platform_lib/armgcc/KL46Z4/release/libksdk_platform.a(fsl_mcg_hal.c.obj)
                0x00002d28                CLOCK_HAL_GetFllRefClk
 .text.CLOCK_HAL_TestFllFreq
                0x00002d6c       0x38 ../../../../../lib/ksdk_platform_lib/armgcc/KL46Z4/release/libksdk_platform.a(fsl_mcg_hal.c.obj)
                0x00002d6c                CLOCK_HAL_TestFllFreq
 .text.CLOCK_HAL_GetFllClk
                0x00002da4       0x40 ../../../../../lib/ksdk_platform_lib/armgcc/KL46Z4/release/libksdk_platform.a(fsl_mcg_hal.c.obj)
                0x00002da4                CLOCK_HAL_GetFllClk
 .text.CLOCK_HAL_UpdateFastClkInternalRefDiv
                0x00002de4       0x60 ../../../../../lib/ksdk_platform_lib/armgcc/KL46Z4/release/libksdk_platform.a(fsl_mcg_hal.c.obj)
                0x00002de4                CLOCK_HAL_UpdateFastClkInternalRefDiv
 .text.CLOCK_HAL_UpdateInternalRefClk
                0x00002e44       0x52 ../../../../../lib/ksdk_platform_lib/armgcc/KL46Z4/release/libksdk_platform.a(fsl_mcg_hal.c.obj)
                0x00002e44                CLOCK_HAL_UpdateInternalRefClk
 *fill*         0x00002e96        0x2 
 .text.CLOCK_HAL_GetPll0Clk
                0x00002e98       0x48 ../../../../../lib/ksdk_platform_lib/armgcc/KL46Z4/release/libksdk_platform.a(fsl_mcg_hal.c.obj)
                0x00002e98                CLOCK_HAL_GetPll0Clk
 .text.CLOCK_HAL_GetInternalRefClk
                0x00002ee0       0x40 ../../../../../lib/ksdk_platform_lib/armgcc/KL46Z4/release/libksdk_platform.a(fsl_mcg_hal.c.obj)
                0x00002ee0                CLOCK_HAL_GetInternalRefClk
 .text.CLOCK_HAL_GetOutClk
                0x00002f20       0x44 ../../../../../lib/ksdk_platform_lib/armgcc/KL46Z4/release/libksdk_platform.a(fsl_mcg_hal.c.obj)
                0x00002f20                CLOCK_HAL_GetOutClk
 .text.CLOCK_HAL_SetOsc0Mode
                0x00002f64       0x24 ../../../../../lib/ksdk_platform_lib/armgcc/KL46Z4/release/libksdk_platform.a(fsl_mcg_hal.c.obj)
                0x00002f64                CLOCK_HAL_SetOsc0Mode
 .text.CLOCK_HAL_SetPbeMode
                0x00002f88       0x88 ../../../../../lib/ksdk_platform_lib/armgcc/KL46Z4/release/libksdk_platform.a(fsl_mcg_hal_modes.c.obj)
                0x00002f88                CLOCK_HAL_SetPbeMode
 .text.OSC_HAL_SetCapacitor
                0x00003010        0xe ../../../../../lib/ksdk_platform_lib/armgcc/KL46Z4/release/libksdk_platform.a(fsl_osc_hal.c.obj)
                0x00003010                OSC_HAL_SetCapacitor
 *fill*         0x0000301e        0x2 
 .text.CLOCK_HAL_SetOutDiv
                0x00003020       0x1c ../../../../../lib/ksdk_platform_lib/armgcc/KL46Z4/release/libksdk_platform.a(fsl_sim_hal_MKL46Z4.c.obj)
                0x00003020                CLOCK_HAL_SetOutDiv
 .text.UART_HAL_SetBaudRate
                0x0000303c       0x34 ../../../../../lib/ksdk_platform_lib/armgcc/KL46Z4/release/libksdk_platform.a(fsl_uart_hal.c.obj)
                0x0000303c                UART_HAL_SetBaudRate
 .text.UART_HAL_SetParityMode
                0x00003070       0x1e ../../../../../lib/ksdk_platform_lib/armgcc/KL46Z4/release/libksdk_platform.a(fsl_uart_hal.c.obj)
                0x00003070                UART_HAL_SetParityMode
 .text.UART_HAL_SendDataPolling
                0x0000308e       0x22 ../../../../../lib/ksdk_platform_lib/armgcc/KL46Z4/release/libksdk_platform.a(fsl_uart_hal.c.obj)
                0x0000308e                UART_HAL_SendDataPolling
 .text.UART_HAL_ReceiveDataPolling
                0x000030b0       0x38 ../../../../../lib/ksdk_platform_lib/armgcc/KL46Z4/release/libksdk_platform.a(fsl_uart_hal.c.obj)
                0x000030b0                UART_HAL_ReceiveDataPolling
 .text.abs      0x000030e8        0x8 /home/james/Downloads/gcc-arm-none-eabi-5_4-2016q3/bin/../lib/gcc/arm-none-eabi/5.4.1/../../../../arm-none-eabi/lib/armv6-m/libc_nano.a(lib_a-abs.o)
                0x000030e8                abs
 .text.__errno  0x000030f0        0xc /home/james/Downloads/gcc-arm-none-eabi-5_4-2016q3/bin/../lib/gcc/arm-none-eabi/5.4.1/../../../../arm-none-eabi/lib/armv6-m/libc_nano.a(lib_a-errno.o)
                0x000030f0                __errno
 .text.exit     0x000030fc       0x2c /home/james/Downloads/gcc-arm-none-eabi-5_4-2016q3/bin/../lib/gcc/arm-none-eabi/5.4.1/../../../../arm-none-eabi/lib/armv6-m/libc_nano.a(lib_a-exit.o)
                0x000030fc                exit
 .text.__libc_init_array
                0x00003128       0x4c /home/james/Downloads/gcc-arm-none-eabi-5_4-2016q3/bin/../lib/gcc/arm-none-eabi/5.4.1/../../../../arm-none-eabi/lib/armv6-m/libc_nano.a(lib_a-init.o)
                0x00003128                __libc_init_array
 .text.malloc   0x00003174       0x14 /home/james/Downloads/gcc-arm-none-eabi-5_4-2016q3/bin/../lib/gcc/arm-none-eabi/5.4.1/../../../../arm-none-eabi/lib/armv6-m/libc_nano.a(lib_a-malloc.o)
                0x00003174                malloc
 .text.free     0x00003188       0x14 /home/james/Downloads/gcc-arm-none-eabi-5_4-2016q3/bin/../lib/gcc/arm-none-eabi/5.4.1/../../../../arm-none-eabi/lib/armv6-m/libc_nano.a(lib_a-malloc.o)
                0x00003188                free
 .text.memcpy   0x0000319c       0x12 /home/james/Downloads/gcc-arm-none-eabi-5_4-2016q3/bin/../lib/gcc/arm-none-eabi/5.4.1/../../../../arm-none-eabi/lib/armv6-m/libc_nano.a(lib_a-memcpy-stub.o)
                0x0000319c                memcpy
 .text.memset   0x000031ae       0x10 /home/james/Downloads/gcc-arm-none-eabi-5_4-2016q3/bin/../lib/gcc/arm-none-eabi/5.4.1/../../../../arm-none-eabi/lib/armv6-m/libc_nano.a(lib_a-memset.o)
                0x000031ae                memset
 *fill*         0x000031be        0x2 
 .text._free_r  0x000031c0       0x98 /home/james/Downloads/gcc-arm-none-eabi-5_4-2016q3/bin/../lib/gcc/arm-none-eabi/5.4.1/../../../../arm-none-eabi/lib/armv6-m/libc_nano.a(lib_a-nano-freer.o)
                0x000031c0                _free_r
 .text._malloc_r
                0x00003258       0xc0 /home/james/Downloads/gcc-arm-none-eabi-5_4-2016q3/bin/../lib/gcc/arm-none-eabi/5.4.1/../../../../arm-none-eabi/lib/armv6-m/libc_nano.a(lib_a-nano-mallocr.o)
                0x00003258                _malloc_r
 .text._sbrk_r  0x00003318       0x24 /home/james/Downloads/gcc-arm-none-eabi-5_4-2016q3/bin/../lib/gcc/arm-none-eabi/5.4.1/../../../../arm-none-eabi/lib/armv6-m/libc_nano.a(lib_a-sbrkr.o)
                0x00003318                _sbrk_r
 .text.__malloc_lock
                0x0000333c        0x2 /home/james/Downloads/gcc-arm-none-eabi-5_4-2016q3/bin/../lib/gcc/arm-none-eabi/5.4.1/../../../../arm-none-eabi/lib/armv6-m/libc_nano.a(lib_a-mlock.o)
                0x0000333c                __malloc_lock
 .text.__malloc_unlock
                0x0000333e        0x2 /home/james/Downloads/gcc-arm-none-eabi-5_4-2016q3/bin/../lib/gcc/arm-none-eabi/5.4.1/../../../../arm-none-eabi/lib/armv6-m/libc_nano.a(lib_a-mlock.o)
                0x0000333e                __malloc_unlock
 .text._exit    0x00003340        0x4 /home/james/Downloads/gcc-arm-none-eabi-5_4-2016q3/bin/../lib/gcc/arm-none-eabi/5.4.1/../../../../arm-none-eabi/lib/armv6-m/libnosys.a(_exit.o)
                0x00003340                _exit
 *(.rodata)
 .rodata        0x00003344        0xc CMakeFiles/hello_world.dir/home/james/Downloads/KSDK_1.3.0/platform/utilities/src/fsl_debug_console.c.obj
 *(.rodata*)
 .rodata.str1.1
                0x00003350       0x58 CMakeFiles/hello_world.dir/home/james/Downloads/KSDK_1.3.0/examples/frdmkl46z/demo_apps/hello_world/main.c.obj
 .rodata.str1.1
                0x000033a8        0x5 CMakeFiles/hello_world.dir/home/james/Downloads/KSDK_1.3.0/examples/frdmkl46z/demo_apps/hello_world/FreeRTOS/src/tasks.c.obj
 .rodata.str1.1
                0x000033ad        0x8 CMakeFiles/hello_world.dir/home/james/Downloads/KSDK_1.3.0/examples/frdmkl46z/demo_apps/hello_world/FreeRTOS/src/timers.c.obj
 *fill*         0x000033b5        0x1 
 .rodata.g_defaultClockConfigRun
                0x000033b6       0x14 CMakeFiles/hello_world.dir/home/james/Downloads/KSDK_1.3.0/examples/frdmkl46z/board.c.obj
                0x000033b6                g_defaultClockConfigRun
 *fill*         0x000033ca        0x2 
 .rodata.g_oscBase
                0x000033cc        0x4 ../../../../../lib/ksdk_platform_lib/armgcc/KL46Z4/release/libksdk_platform.a(fsl_clock_manager_common.c.obj)
                0x000033cc                g_oscBase
 .rodata.portGateTable
                0x000033d0        0x5 ../../../../../lib/ksdk_platform_lib/armgcc/KL46Z4/release/libksdk_platform.a(fsl_clock_MKL46Z4.c.obj)
 .rodata.uartGateTable
                0x000033d5        0x3 ../../../../../lib/ksdk_platform_lib/armgcc/KL46Z4/release/libksdk_platform.a(fsl_clock_MKL46Z4.c.obj)
 .rodata.g_lptmrBase
                0x000033d8        0x4 ../../../../../lib/ksdk_platform_lib/armgcc/KL46Z4/release/libksdk_platform.a(fsl_lptmr_common.c.obj)
                0x000033d8                g_lptmrBase
 .rodata.fllFactorTable.5344
                0x000033dc       0x10 ../../../../../lib/ksdk_platform_lib/armgcc/KL46Z4/release/libksdk_platform.a(fsl_mcg_hal.c.obj)
 .rodata._global_impure_ptr
                0x000033ec        0x4 /home/james/Downloads/gcc-arm-none-eabi-5_4-2016q3/bin/../lib/gcc/arm-none-eabi/5.4.1/../../../../arm-none-eabi/lib/armv6-m/libc_nano.a(lib_a-impure.o)
                0x000033ec                _global_impure_ptr
 *(.glue_7)
 .glue_7        0x000033f0        0x0 linker stubs
 *(.glue_7t)
 .glue_7t       0x000033f0        0x0 linker stubs
 *(.eh_frame)
 .eh_frame      0x000033f0        0x0 /home/james/Downloads/gcc-arm-none-eabi-5_4-2016q3/bin/../lib/gcc/arm-none-eabi/5.4.1/armv6-m/crtbegin.o
 *(.init)
 .init          0x000033f0        0x4 /home/james/Downloads/gcc-arm-none-eabi-5_4-2016q3/bin/../lib/gcc/arm-none-eabi/5.4.1/armv6-m/crti.o
                0x000033f0                _init
 .init          0x000033f4        0x8 /home/james/Downloads/gcc-arm-none-eabi-5_4-2016q3/bin/../lib/gcc/arm-none-eabi/5.4.1/armv6-m/crtn.o
 *(.fini)
 .fini          0x000033fc        0x4 /home/james/Downloads/gcc-arm-none-eabi-5_4-2016q3/bin/../lib/gcc/arm-none-eabi/5.4.1/armv6-m/crti.o
                0x000033fc                _fini
 .fini          0x00003400        0x8 /home/james/Downloads/gcc-arm-none-eabi-5_4-2016q3/bin/../lib/gcc/arm-none-eabi/5.4.1/armv6-m/crtn.o
                0x00003408                . = ALIGN (0x4)

.vfp11_veneer   0x00003408        0x0
 .vfp11_veneer  0x00003408        0x0 linker stubs

.v4_bx          0x00003408        0x0
 .v4_bx         0x00003408        0x0 linker stubs

.iplt           0x00003408        0x0
 .iplt          0x00003408        0x0 /home/james/Downloads/gcc-arm-none-eabi-5_4-2016q3/bin/../lib/gcc/arm-none-eabi/5.4.1/armv6-m/crtbegin.o

.ARM.extab
 *(.ARM.extab* .gnu.linkonce.armextab.*)

.ARM            0x00003408        0x8
                0x00003408                __exidx_start = .
 *(.ARM.exidx*)
 .ARM.exidx     0x00003408        0x8 /home/james/Downloads/gcc-arm-none-eabi-5_4-2016q3/bin/../lib/gcc/arm-none-eabi/5.4.1/../../../../arm-none-eabi/lib/armv6-m/crt0.o
                0x00003410                __exidx_end = .

.rel.dyn        0x00003410        0x0
 .rel.iplt      0x00003410        0x0 /home/james/Downloads/gcc-arm-none-eabi-5_4-2016q3/bin/../lib/gcc/arm-none-eabi/5.4.1/armv6-m/crtbegin.o

.ctors          0x00003410        0x0
                0x00003410                __CTOR_LIST__ = .
 *crtbegin.o(.ctors)
 *crtbegin?.o(.ctors)
 *(EXCLUDE_FILE(*crtend.o *crtend?.o) .ctors)
 *(SORT(.ctors.*))
 *(.ctors)
                0x00003410                __CTOR_END__ = .

.dtors          0x00003410        0x0
                0x00003410                __DTOR_LIST__ = .
 *crtbegin.o(.dtors)
 *crtbegin?.o(.dtors)
 *(EXCLUDE_FILE(*crtend.o *crtend?.o) .dtors)
 *(SORT(.dtors.*))
 *(.dtors)
                0x00003410                __DTOR_END__ = .

.preinit_array  0x00003410        0x0
                0x00003410                PROVIDE (__preinit_array_start, .)
 *(.preinit_array*)
                0x00003410                PROVIDE (__preinit_array_end, .)

.init_array     0x00003410        0x4
                0x00003410                PROVIDE (__init_array_start, .)
 *(SORT(.init_array.*))
 *(.init_array*)
 .init_array    0x00003410        0x4 /home/james/Downloads/gcc-arm-none-eabi-5_4-2016q3/bin/../lib/gcc/arm-none-eabi/5.4.1/armv6-m/crtbegin.o
                0x00003414                PROVIDE (__init_array_end, .)

.fini_array     0x00003414        0x4
                [!provide]                PROVIDE (__fini_array_start, .)
 *(SORT(.fini_array.*))
 *(.fini_array*)
 .fini_array    0x00003414        0x4 /home/james/Downloads/gcc-arm-none-eabi-5_4-2016q3/bin/../lib/gcc/arm-none-eabi/5.4.1/armv6-m/crtbegin.o
                [!provide]                PROVIDE (__fini_array_end, .)
                0x00003418                __etext = .
                0x00003418                __DATA_ROM = .

.mtb            0x1fffe000        0x0
                0x1fffe000                . = ALIGN (0x8)
                0x1fffe000                _mtb_start = .
 *(.mtb_buf)
                0x1fffe000                . = ALIGN (0x8)
                0x1fffe000                _mtb_end = .

.interrupts_ram
                0x1fffe000        0x0
                0x1fffe000                . = ALIGN (0x4)
                0x1fffe000                __VECTOR_RAM__ = .
                0x1fffe000                __interrupts_ram_start__ = .
 *(.m_interrupts_ram)
                0x1fffe000                . = (. + M_VECTOR_RAM_SIZE)
                0x1fffe000                . = ALIGN (0x4)
                0x1fffe000                __interrupts_ram_end__ = .
                0x00000000                __VECTOR_RAM = DEFINED (__ram_vector_table__)?__VECTOR_RAM__:ORIGIN (m_interrupts)
                0x00000000                __RAM_VECTOR_TABLE_SIZE_BYTES = DEFINED (__ram_vector_table__)?(__interrupts_ram_end__ - __interrupts_ram_start__):0x0

.data           0x1fffe000       0x7c load address 0x00003418
                0x1fffe000                . = ALIGN (0x4)
                0x1fffe000                __DATA_RAM = .
                0x1fffe000                __data_start__ = .
 *(.data)
 *(.data*)
 .data.uxCriticalNesting
                0x1fffe000        0x4 CMakeFiles/hello_world.dir/home/james/Downloads/KSDK_1.3.0/examples/frdmkl46z/demo_apps/hello_world/FreeRTOS/port/gcc/port.c.obj
 .data.xNextTaskUnblockTime
                0x1fffe004        0x4 CMakeFiles/hello_world.dir/home/james/Downloads/KSDK_1.3.0/examples/frdmkl46z/demo_apps/hello_world/FreeRTOS/src/tasks.c.obj
 .data.SystemCoreClock
                0x1fffe008        0x4 CMakeFiles/hello_world.dir/home/james/Downloads/KSDK_1.3.0/platform/devices/MKL46Z4/startup/system_MKL46Z4.c.obj
                0x1fffe008                SystemCoreClock
 .data.g_slowInternalRefClkFreq
                0x1fffe00c        0x4 ../../../../../lib/ksdk_platform_lib/armgcc/KL46Z4/release/libksdk_platform.a(fsl_mcg_hal.c.obj)
                0x1fffe00c                g_slowInternalRefClkFreq
 .data.g_fastInternalRefClkFreq
                0x1fffe010        0x4 ../../../../../lib/ksdk_platform_lib/armgcc/KL46Z4/release/libksdk_platform.a(fsl_mcg_hal.c.obj)
                0x1fffe010                g_fastInternalRefClkFreq
 .data.impure_data
                0x1fffe014       0x60 /home/james/Downloads/gcc-arm-none-eabi-5_4-2016q3/bin/../lib/gcc/arm-none-eabi/5.4.1/../../../../arm-none-eabi/lib/armv6-m/libc_nano.a(lib_a-impure.o)
 .data._impure_ptr
                0x1fffe074        0x4 /home/james/Downloads/gcc-arm-none-eabi-5_4-2016q3/bin/../lib/gcc/arm-none-eabi/5.4.1/../../../../arm-none-eabi/lib/armv6-m/libc_nano.a(lib_a-impure.o)
                0x1fffe074                _impure_ptr
 *(.jcr*)
 .jcr           0x1fffe078        0x0 /home/james/Downloads/gcc-arm-none-eabi-5_4-2016q3/bin/../lib/gcc/arm-none-eabi/5.4.1/armv6-m/crtbegin.o
 .jcr           0x1fffe078        0x4 /home/james/Downloads/gcc-arm-none-eabi-5_4-2016q3/bin/../lib/gcc/arm-none-eabi/5.4.1/armv6-m/crtend.o
                0x1fffe07c                . = ALIGN (0x4)
                0x1fffe07c                __data_end__ = .
                0x00003494                __DATA_END = (__DATA_ROM + (__data_end__ - __data_start__))
                0x00040000                text_end = (ORIGIN (m_text) + LENGTH (m_text))
                0x00000001                ASSERT ((__DATA_END <= text_end), region m_text overflowed with text and data)

.igot.plt       0x1fffe07c        0x0 load address 0x00003494
 .igot.plt      0x1fffe07c        0x0 /home/james/Downloads/gcc-arm-none-eabi-5_4-2016q3/bin/../lib/gcc/arm-none-eabi/5.4.1/armv6-m/crtbegin.o

.bss            0x1fffe07c      0x4c0 load address 0x00003494
                0x1fffe07c                . = ALIGN (0x4)
                0x1fffe07c                __START_BSS = .
                0x1fffe07c                __bss_start__ = .
 *(.bss)
 .bss           0x1fffe07c       0x1c /home/james/Downloads/gcc-arm-none-eabi-5_4-2016q3/bin/../lib/gcc/arm-none-eabi/5.4.1/armv6-m/crtbegin.o
 *(.bss*)
 .bss.heap_end.5297
                0x1fffe098        0x4 CMakeFiles/hello_world.dir/home/james/Downloads/KSDK_1.3.0/platform/utilities/src/fsl_misc_utilities.c.obj
 .bss.i         0x1fffe09c        0x1 CMakeFiles/hello_world.dir/home/james/Downloads/KSDK_1.3.0/examples/frdmkl46z/demo_apps/hello_world/main.c.obj
                0x1fffe09c                i
 *fill*         0x1fffe09d        0x3 
 .bss.Lv        0x1fffe0a0        0x4 CMakeFiles/hello_world.dir/home/james/Downloads/KSDK_1.3.0/examples/frdmkl46z/demo_apps/hello_world/main.c.obj
                0x1fffe0a0                Lv
 .bss.L         0x1fffe0a4       0x80 CMakeFiles/hello_world.dir/home/james/Downloads/KSDK_1.3.0/examples/frdmkl46z/demo_apps/hello_world/main.c.obj
                0x1fffe0a4                L
 .bss.Yv        0x1fffe124        0x2 CMakeFiles/hello_world.dir/home/james/Downloads/KSDK_1.3.0/examples/frdmkl46z/demo_apps/hello_world/main.c.obj
                0x1fffe124                Yv
 *fill*         0x1fffe126        0x2 
 .bss.T1v       0x1fffe128        0x4 CMakeFiles/hello_world.dir/home/james/Downloads/KSDK_1.3.0/examples/frdmkl46z/demo_apps/hello_world/main.c.obj
                0x1fffe128                T1v
 .bss.m_status  0x1fffe12c        0x7 CMakeFiles/hello_world.dir/home/james/Downloads/KSDK_1.3.0/examples/frdmkl46z/demo_apps/hello_world/main.c.obj
                0x1fffe12c                m_status
 .bss.lbPressed
                0x1fffe133        0x1 CMakeFiles/hello_world.dir/home/james/Downloads/KSDK_1.3.0/examples/frdmkl46z/demo_apps/hello_world/main.c.obj
                0x1fffe133                lbPressed
 .bss.Tv        0x1fffe134        0x4 CMakeFiles/hello_world.dir/home/james/Downloads/KSDK_1.3.0/examples/frdmkl46z/demo_apps/hello_world/main.c.obj
                0x1fffe134                Tv
 .bss.T         0x1fffe138       0x40 CMakeFiles/hello_world.dir/home/james/Downloads/KSDK_1.3.0/examples/frdmkl46z/demo_apps/hello_world/main.c.obj
                0x1fffe138                T
 .bss.baseline  0x1fffe178        0x1 CMakeFiles/hello_world.dir/home/james/Downloads/KSDK_1.3.0/examples/frdmkl46z/demo_apps/hello_world/main.c.obj
                0x1fffe178                baseline
 .bss.Y         0x1fffe179       0x40 CMakeFiles/hello_world.dir/home/james/Downloads/KSDK_1.3.0/examples/frdmkl46z/demo_apps/hello_world/main.c.obj
                0x1fffe179                Y
 .bss.Z         0x1fffe1b9       0x40 CMakeFiles/hello_world.dir/home/james/Downloads/KSDK_1.3.0/examples/frdmkl46z/demo_apps/hello_world/main.c.obj
                0x1fffe1b9                Z
 .bss.T1        0x1fffe1f9       0x40 CMakeFiles/hello_world.dir/home/james/Downloads/KSDK_1.3.0/examples/frdmkl46z/demo_apps/hello_world/main.c.obj
                0x1fffe1f9                T1
 *fill*         0x1fffe239        0x1 
 .bss.Zv        0x1fffe23a        0x2 CMakeFiles/hello_world.dir/home/james/Downloads/KSDK_1.3.0/examples/frdmkl46z/demo_apps/hello_world/main.c.obj
                0x1fffe23a                Zv
 .bss.X         0x1fffe23c       0x40 CMakeFiles/hello_world.dir/home/james/Downloads/KSDK_1.3.0/examples/frdmkl46z/demo_apps/hello_world/main.c.obj
                0x1fffe23c                X
 .bss.lightBaseline
                0x1fffe27c        0x2 CMakeFiles/hello_world.dir/home/james/Downloads/KSDK_1.3.0/examples/frdmkl46z/demo_apps/hello_world/main.c.obj
                0x1fffe27c                lightBaseline
 .bss.baseline1
                0x1fffe27e        0x1 CMakeFiles/hello_world.dir/home/james/Downloads/KSDK_1.3.0/examples/frdmkl46z/demo_apps/hello_world/main.c.obj
                0x1fffe27e                baseline1
 *fill*         0x1fffe27f        0x1 
 .bss.Xv        0x1fffe280        0x2 CMakeFiles/hello_world.dir/home/james/Downloads/KSDK_1.3.0/examples/frdmkl46z/demo_apps/hello_world/main.c.obj
                0x1fffe280                Xv
 *fill*         0x1fffe282        0x2 
 .bss.xJumpBuf  0x1fffe284       0x5c CMakeFiles/hello_world.dir/home/james/Downloads/KSDK_1.3.0/examples/frdmkl46z/demo_apps/hello_world/FreeRTOS/port/gcc/port.c.obj
 .bss.xNumOfOverflows
                0x1fffe2e0        0x4 CMakeFiles/hello_world.dir/home/james/Downloads/KSDK_1.3.0/examples/frdmkl46z/demo_apps/hello_world/FreeRTOS/src/tasks.c.obj
 .bss.pxDelayedTaskList
                0x1fffe2e4        0x4 CMakeFiles/hello_world.dir/home/james/Downloads/KSDK_1.3.0/examples/frdmkl46z/demo_apps/hello_world/FreeRTOS/src/tasks.c.obj
 .bss.xSchedulerRunning
                0x1fffe2e8        0x4 CMakeFiles/hello_world.dir/home/james/Downloads/KSDK_1.3.0/examples/frdmkl46z/demo_apps/hello_world/FreeRTOS/src/tasks.c.obj
 .bss.uxTasksDeleted
                0x1fffe2ec        0x4 CMakeFiles/hello_world.dir/home/james/Downloads/KSDK_1.3.0/examples/frdmkl46z/demo_apps/hello_world/FreeRTOS/src/tasks.c.obj
 .bss.xDelayedTaskList1
                0x1fffe2f0       0x14 CMakeFiles/hello_world.dir/home/james/Downloads/KSDK_1.3.0/examples/frdmkl46z/demo_apps/hello_world/FreeRTOS/src/tasks.c.obj
 .bss.xDelayedTaskList2
                0x1fffe304       0x14 CMakeFiles/hello_world.dir/home/james/Downloads/KSDK_1.3.0/examples/frdmkl46z/demo_apps/hello_world/FreeRTOS/src/tasks.c.obj
 .bss.uxPendedTicks
                0x1fffe318        0x4 CMakeFiles/hello_world.dir/home/james/Downloads/KSDK_1.3.0/examples/frdmkl46z/demo_apps/hello_world/FreeRTOS/src/tasks.c.obj
 .bss.pxReadyTasksLists
                0x1fffe31c      0x168 CMakeFiles/hello_world.dir/home/james/Downloads/KSDK_1.3.0/examples/frdmkl46z/demo_apps/hello_world/FreeRTOS/src/tasks.c.obj
 .bss.xTasksWaitingTermination
                0x1fffe484       0x14 CMakeFiles/hello_world.dir/home/james/Downloads/KSDK_1.3.0/examples/frdmkl46z/demo_apps/hello_world/FreeRTOS/src/tasks.c.obj
 .bss.pxCurrentTCB
                0x1fffe498        0x4 CMakeFiles/hello_world.dir/home/james/Downloads/KSDK_1.3.0/examples/frdmkl46z/demo_apps/hello_world/FreeRTOS/src/tasks.c.obj
                0x1fffe498                pxCurrentTCB
 .bss.xPendingReadyList
                0x1fffe49c       0x14 CMakeFiles/hello_world.dir/home/james/Downloads/KSDK_1.3.0/examples/frdmkl46z/demo_apps/hello_world/FreeRTOS/src/tasks.c.obj
 .bss.uxSchedulerSuspended
                0x1fffe4b0        0x4 CMakeFiles/hello_world.dir/home/james/Downloads/KSDK_1.3.0/examples/frdmkl46z/demo_apps/hello_world/FreeRTOS/src/tasks.c.obj
 .bss.xTickCount
                0x1fffe4b4        0x4 CMakeFiles/hello_world.dir/home/james/Downloads/KSDK_1.3.0/examples/frdmkl46z/demo_apps/hello_world/FreeRTOS/src/tasks.c.obj
 .bss.pxOverflowDelayedTaskList
                0x1fffe4b8        0x4 CMakeFiles/hello_world.dir/home/james/Downloads/KSDK_1.3.0/examples/frdmkl46z/demo_apps/hello_world/FreeRTOS/src/tasks.c.obj
 .bss.uxTaskNumber
                0x1fffe4bc        0x4 CMakeFiles/hello_world.dir/home/james/Downloads/KSDK_1.3.0/examples/frdmkl46z/demo_apps/hello_world/FreeRTOS/src/tasks.c.obj
 .bss.uxCurrentNumberOfTasks
                0x1fffe4c0        0x4 CMakeFiles/hello_world.dir/home/james/Downloads/KSDK_1.3.0/examples/frdmkl46z/demo_apps/hello_world/FreeRTOS/src/tasks.c.obj
 .bss.xSuspendedTaskList
                0x1fffe4c4       0x14 CMakeFiles/hello_world.dir/home/james/Downloads/KSDK_1.3.0/examples/frdmkl46z/demo_apps/hello_world/FreeRTOS/src/tasks.c.obj
 .bss.uxTopReadyPriority
                0x1fffe4d8        0x4 CMakeFiles/hello_world.dir/home/james/Downloads/KSDK_1.3.0/examples/frdmkl46z/demo_apps/hello_world/FreeRTOS/src/tasks.c.obj
 .bss.xYieldPending
                0x1fffe4dc        0x4 CMakeFiles/hello_world.dir/home/james/Downloads/KSDK_1.3.0/examples/frdmkl46z/demo_apps/hello_world/FreeRTOS/src/tasks.c.obj
 .bss.pxCurrentTimerList
                0x1fffe4e0        0x4 CMakeFiles/hello_world.dir/home/james/Downloads/KSDK_1.3.0/examples/frdmkl46z/demo_apps/hello_world/FreeRTOS/src/timers.c.obj
 .bss.xActiveTimerList1
                0x1fffe4e4       0x14 CMakeFiles/hello_world.dir/home/james/Downloads/KSDK_1.3.0/examples/frdmkl46z/demo_apps/hello_world/FreeRTOS/src/timers.c.obj
 .bss.xActiveTimerList2
                0x1fffe4f8       0x14 CMakeFiles/hello_world.dir/home/james/Downloads/KSDK_1.3.0/examples/frdmkl46z/demo_apps/hello_world/FreeRTOS/src/timers.c.obj
 .bss.xLastTime.4839
                0x1fffe50c        0x4 CMakeFiles/hello_world.dir/home/james/Downloads/KSDK_1.3.0/examples/frdmkl46z/demo_apps/hello_world/FreeRTOS/src/timers.c.obj
 .bss.xTimerQueue
                0x1fffe510        0x4 CMakeFiles/hello_world.dir/home/james/Downloads/KSDK_1.3.0/examples/frdmkl46z/demo_apps/hello_world/FreeRTOS/src/timers.c.obj
 .bss.pxOverflowTimerList
                0x1fffe514        0x4 CMakeFiles/hello_world.dir/home/james/Downloads/KSDK_1.3.0/examples/frdmkl46z/demo_apps/hello_world/FreeRTOS/src/timers.c.obj
 .bss.s_debugConsole
                0x1fffe518       0x10 CMakeFiles/hello_world.dir/home/james/Downloads/KSDK_1.3.0/platform/utilities/src/fsl_debug_console.c.obj
 .bss.g_lptmrStatePtr
                0x1fffe528        0x4 ../../../../../lib/ksdk_platform_lib/armgcc/KL46Z4/release/libksdk_platform.a(fsl_lptmr_common.c.obj)
                0x1fffe528                g_lptmrStatePtr
 .bss.g_xtal0ClkFreq
                0x1fffe52c        0x4 ../../../../../lib/ksdk_platform_lib/armgcc/KL46Z4/release/libksdk_platform.a(fsl_mcg_hal.c.obj)
                0x1fffe52c                g_xtal0ClkFreq
 .bss.__malloc_sbrk_start
                0x1fffe530        0x4 /home/james/Downloads/gcc-arm-none-eabi-5_4-2016q3/bin/../lib/gcc/arm-none-eabi/5.4.1/../../../../arm-none-eabi/lib/armv6-m/libc_nano.a(lib_a-nano-mallocr.o)
                0x1fffe530                __malloc_sbrk_start
 .bss.__malloc_free_list
                0x1fffe534        0x4 /home/james/Downloads/gcc-arm-none-eabi-5_4-2016q3/bin/../lib/gcc/arm-none-eabi/5.4.1/../../../../arm-none-eabi/lib/armv6-m/libc_nano.a(lib_a-nano-mallocr.o)
                0x1fffe534                __malloc_free_list
 *(COMMON)
 COMMON         0x1fffe538        0x4 /home/james/Downloads/gcc-arm-none-eabi-5_4-2016q3/bin/../lib/gcc/arm-none-eabi/5.4.1/../../../../arm-none-eabi/lib/armv6-m/libc_nano.a(lib_a-reent.o)
                0x1fffe538                errno
                0x1fffe53c                . = ALIGN (0x4)
                0x1fffe53c                __bss_end__ = .
                0x1fffe53c                __END_BSS = .

.heap           0x1fffe53c     0x2004 load address 0x00003954
                0x1fffe540                . = ALIGN (0x8)
 *fill*         0x1fffe53c        0x4 
                0x1fffe540                __end__ = .
                0x1fffe540                PROVIDE (end, .)
                0x1fffe540                __HeapBase = .
                0x20000540                . = (. + HEAP_SIZE)
 *fill*         0x1fffe540     0x2000 
                0x20000540                __HeapLimit = .

.stack          0x20000540     0x2000 load address 0x00005958
                0x20000540                . = ALIGN (0x8)
                0x20002540                . = (. + STACK_SIZE)
 *fill*         0x20000540     0x2000 
                0x20006000                __StackTop = (ORIGIN (m_data) + LENGTH (m_data))
                0x20004000                __StackLimit = (__StackTop - STACK_SIZE)
                0x20006000                PROVIDE (__stack, __StackTop)

.ARM.attributes
                0x00000000       0x28
 *(.ARM.attributes)
 .ARM.attributes
                0x00000000       0x1e /home/james/Downloads/gcc-arm-none-eabi-5_4-2016q3/bin/../lib/gcc/arm-none-eabi/5.4.1/armv6-m/crti.o
 .ARM.attributes
                0x0000001e       0x2c /home/james/Downloads/gcc-arm-none-eabi-5_4-2016q3/bin/../lib/gcc/arm-none-eabi/5.4.1/armv6-m/crtbegin.o
 .ARM.attributes
                0x0000004a       0x1b /home/james/Downloads/gcc-arm-none-eabi-5_4-2016q3/bin/../lib/gcc/arm-none-eabi/5.4.1/../../../../arm-none-eabi/lib/armv6-m/crt0.o
 .ARM.attributes
                0x00000065       0x32 CMakeFiles/hello_world.dir/home/james/Downloads/KSDK_1.3.0/platform/utilities/src/fsl_misc_utilities.c.obj
 .ARM.attributes
                0x00000097       0x1b CMakeFiles/hello_world.dir/home/james/Downloads/KSDK_1.3.0/platform/devices/MKL46Z4/startup/gcc/startup_MKL46Z4.S.obj
 .ARM.attributes
                0x000000b2       0x32 CMakeFiles/hello_world.dir/home/james/Downloads/KSDK_1.3.0/examples/frdmkl46z/demo_apps/hello_world/main.c.obj
 .ARM.attributes
                0x000000e4       0x32 CMakeFiles/hello_world.dir/home/james/Downloads/KSDK_1.3.0/examples/frdmkl46z/demo_apps/hello_world/FreeRTOS/port/gcc/port.c.obj
 .ARM.attributes
                0x00000116       0x32 CMakeFiles/hello_world.dir/home/james/Downloads/KSDK_1.3.0/examples/frdmkl46z/demo_apps/hello_world/FreeRTOS/src/heap_3.c.obj
 .ARM.attributes
                0x00000148       0x32 CMakeFiles/hello_world.dir/home/james/Downloads/KSDK_1.3.0/examples/frdmkl46z/demo_apps/hello_world/FreeRTOS/src/list.c.obj
 .ARM.attributes
                0x0000017a       0x32 CMakeFiles/hello_world.dir/home/james/Downloads/KSDK_1.3.0/examples/frdmkl46z/demo_apps/hello_world/FreeRTOS/src/queue.c.obj
 .ARM.attributes
                0x000001ac       0x32 CMakeFiles/hello_world.dir/home/james/Downloads/KSDK_1.3.0/examples/frdmkl46z/demo_apps/hello_world/FreeRTOS/src/tasks.c.obj
 .ARM.attributes
                0x000001de       0x32 CMakeFiles/hello_world.dir/home/james/Downloads/KSDK_1.3.0/examples/frdmkl46z/demo_apps/hello_world/FreeRTOS/src/timers.c.obj
 .ARM.attributes
                0x00000210       0x32 CMakeFiles/hello_world.dir/home/james/Downloads/KSDK_1.3.0/examples/frdmkl46z/demo_apps/hello_world/fsl_lptmr_irq.c.obj
 .ARM.attributes
                0x00000242       0x32 CMakeFiles/hello_world.dir/home/james/Downloads/KSDK_1.3.0/examples/frdmkl46z/demo_apps/hello_world/hardware_init.c.obj
 .ARM.attributes
                0x00000274       0x32 CMakeFiles/hello_world.dir/home/james/Downloads/KSDK_1.3.0/examples/frdmkl46z/pin_mux.c.obj
 .ARM.attributes
                0x000002a6       0x32 CMakeFiles/hello_world.dir/home/james/Downloads/KSDK_1.3.0/examples/frdmkl46z/board.c.obj
 .ARM.attributes
                0x000002d8       0x32 CMakeFiles/hello_world.dir/home/james/Downloads/KSDK_1.3.0/platform/utilities/src/fsl_debug_console.c.obj
 .ARM.attributes
                0x0000030a       0x32 CMakeFiles/hello_world.dir/home/james/Downloads/KSDK_1.3.0/platform/utilities/src/print_scan.c.obj
 .ARM.attributes
                0x0000033c       0x32 CMakeFiles/hello_world.dir/home/james/Downloads/KSDK_1.3.0/platform/devices/MKL46Z4/startup/system_MKL46Z4.c.obj
 .ARM.attributes
                0x0000036e       0x32 CMakeFiles/hello_world.dir/home/james/Downloads/KSDK_1.3.0/platform/devices/startup.c.obj
 .ARM.attributes
                0x000003a0       0x32 ../../../../../lib/ksdk_platform_lib/armgcc/KL46Z4/release/libksdk_platform.a(fsl_clock_manager.c.obj)
 .ARM.attributes
                0x000003d2       0x32 ../../../../../lib/ksdk_platform_lib/armgcc/KL46Z4/release/libksdk_platform.a(fsl_clock_manager_common.c.obj)
 .ARM.attributes
                0x00000404       0x32 ../../../../../lib/ksdk_platform_lib/armgcc/KL46Z4/release/libksdk_platform.a(fsl_clock_MKL46Z4.c.obj)
 .ARM.attributes
                0x00000436       0x32 ../../../../../lib/ksdk_platform_lib/armgcc/KL46Z4/release/libksdk_platform.a(fsl_lpsci_hal.c.obj)
 .ARM.attributes
                0x00000468       0x32 ../../../../../lib/ksdk_platform_lib/armgcc/KL46Z4/release/libksdk_platform.a(fsl_lptmr_driver.c.obj)
 .ARM.attributes
                0x0000049a       0x32 ../../../../../lib/ksdk_platform_lib/armgcc/KL46Z4/release/libksdk_platform.a(fsl_lptmr_common.c.obj)
 .ARM.attributes
                0x000004cc       0x32 ../../../../../lib/ksdk_platform_lib/armgcc/KL46Z4/release/libksdk_platform.a(fsl_mcg_hal.c.obj)
 .ARM.attributes
                0x000004fe       0x32 ../../../../../lib/ksdk_platform_lib/armgcc/KL46Z4/release/libksdk_platform.a(fsl_mcg_hal_modes.c.obj)
 .ARM.attributes
                0x00000530       0x32 ../../../../../lib/ksdk_platform_lib/armgcc/KL46Z4/release/libksdk_platform.a(fsl_osc_hal.c.obj)
 .ARM.attributes
                0x00000562       0x32 ../../../../../lib/ksdk_platform_lib/armgcc/KL46Z4/release/libksdk_platform.a(fsl_sim_hal_MKL46Z4.c.obj)
 .ARM.attributes
                0x00000594       0x32 ../../../../../lib/ksdk_platform_lib/armgcc/KL46Z4/release/libksdk_platform.a(fsl_uart_hal.c.obj)
 .ARM.attributes
                0x000005c6       0x2c /home/james/Downloads/gcc-arm-none-eabi-5_4-2016q3/bin/../lib/gcc/arm-none-eabi/5.4.1/../../../../arm-none-eabi/lib/armv6-m/libc_nano.a(lib_a-abs.o)
 .ARM.attributes
                0x000005f2       0x2c /home/james/Downloads/gcc-arm-none-eabi-5_4-2016q3/bin/../lib/gcc/arm-none-eabi/5.4.1/../../../../arm-none-eabi/lib/armv6-m/libc_nano.a(lib_a-errno.o)
 .ARM.attributes
                0x0000061e       0x2c /home/james/Downloads/gcc-arm-none-eabi-5_4-2016q3/bin/../lib/gcc/arm-none-eabi/5.4.1/../../../../arm-none-eabi/lib/armv6-m/libc_nano.a(lib_a-exit.o)
 .ARM.attributes
                0x0000064a       0x2c /home/james/Downloads/gcc-arm-none-eabi-5_4-2016q3/bin/../lib/gcc/arm-none-eabi/5.4.1/../../../../arm-none-eabi/lib/armv6-m/libc_nano.a(lib_a-impure.o)
 .ARM.attributes
                0x00000676       0x2c /home/james/Downloads/gcc-arm-none-eabi-5_4-2016q3/bin/../lib/gcc/arm-none-eabi/5.4.1/../../../../arm-none-eabi/lib/armv6-m/libc_nano.a(lib_a-init.o)
 .ARM.attributes
                0x000006a2       0x2c /home/james/Downloads/gcc-arm-none-eabi-5_4-2016q3/bin/../lib/gcc/arm-none-eabi/5.4.1/../../../../arm-none-eabi/lib/armv6-m/libc_nano.a(lib_a-malloc.o)
 .ARM.attributes
                0x000006ce       0x2c /home/james/Downloads/gcc-arm-none-eabi-5_4-2016q3/bin/../lib/gcc/arm-none-eabi/5.4.1/../../../../arm-none-eabi/lib/armv6-m/libc_nano.a(lib_a-memcpy-stub.o)
 .ARM.attributes
                0x000006fa       0x2c /home/james/Downloads/gcc-arm-none-eabi-5_4-2016q3/bin/../lib/gcc/arm-none-eabi/5.4.1/../../../../arm-none-eabi/lib/armv6-m/libc_nano.a(lib_a-memset.o)
 .ARM.attributes
                0x00000726       0x2c /home/james/Downloads/gcc-arm-none-eabi-5_4-2016q3/bin/../lib/gcc/arm-none-eabi/5.4.1/../../../../arm-none-eabi/lib/armv6-m/libc_nano.a(lib_a-nano-freer.o)
 .ARM.attributes
                0x00000752       0x2c /home/james/Downloads/gcc-arm-none-eabi-5_4-2016q3/bin/../lib/gcc/arm-none-eabi/5.4.1/../../../../arm-none-eabi/lib/armv6-m/libc_nano.a(lib_a-nano-mallocr.o)
 .ARM.attributes
                0x0000077e       0x2c /home/james/Downloads/gcc-arm-none-eabi-5_4-2016q3/bin/../lib/gcc/arm-none-eabi/5.4.1/../../../../arm-none-eabi/lib/armv6-m/libc_nano.a(lib_a-sbrkr.o)
 .ARM.attributes
                0x000007aa       0x1c /home/james/Downloads/gcc-arm-none-eabi-5_4-2016q3/bin/../lib/gcc/arm-none-eabi/5.4.1/../../../../arm-none-eabi/lib/armv6-m/libc_nano.a(lib_a-setjmp.o)
 .ARM.attributes
                0x000007c6       0x1c /home/james/Downloads/gcc-arm-none-eabi-5_4-2016q3/bin/../lib/gcc/arm-none-eabi/5.4.1/../../../../arm-none-eabi/lib/armv6-m/libc_nano.a(lib_a-strlen.o)
 .ARM.attributes
                0x000007e2       0x2c /home/james/Downloads/gcc-arm-none-eabi-5_4-2016q3/bin/../lib/gcc/arm-none-eabi/5.4.1/../../../../arm-none-eabi/lib/armv6-m/libc_nano.a(lib_a-mlock.o)
 .ARM.attributes
                0x0000080e       0x2c /home/james/Downloads/gcc-arm-none-eabi-5_4-2016q3/bin/../lib/gcc/arm-none-eabi/5.4.1/../../../../arm-none-eabi/lib/armv6-m/libc_nano.a(lib_a-reent.o)
 .ARM.attributes
                0x0000083a       0x1e /home/james/Downloads/gcc-arm-none-eabi-5_4-2016q3/bin/../lib/gcc/arm-none-eabi/5.4.1/armv6-m/libgcc.a(_thumb1_case_uqi.o)
 .ARM.attributes
                0x00000858       0x1e /home/james/Downloads/gcc-arm-none-eabi-5_4-2016q3/bin/../lib/gcc/arm-none-eabi/5.4.1/armv6-m/libgcc.a(_thumb1_case_uhi.o)
 .ARM.attributes
                0x00000876       0x1e /home/james/Downloads/gcc-arm-none-eabi-5_4-2016q3/bin/../lib/gcc/arm-none-eabi/5.4.1/armv6-m/libgcc.a(_udivsi3.o)
 .ARM.attributes
                0x00000894       0x1e /home/james/Downloads/gcc-arm-none-eabi-5_4-2016q3/bin/../lib/gcc/arm-none-eabi/5.4.1/armv6-m/libgcc.a(_divsi3.o)
 .ARM.attributes
                0x000008b2       0x1e /home/james/Downloads/gcc-arm-none-eabi-5_4-2016q3/bin/../lib/gcc/arm-none-eabi/5.4.1/armv6-m/libgcc.a(_dvmd_tls.o)
 .ARM.attributes
                0x000008d0       0x2c /home/james/Downloads/gcc-arm-none-eabi-5_4-2016q3/bin/../lib/gcc/arm-none-eabi/5.4.1/../../../../arm-none-eabi/lib/armv6-m/libnosys.a(_exit.o)
 .ARM.attributes
                0x000008fc       0x2c /home/james/Downloads/gcc-arm-none-eabi-5_4-2016q3/bin/../lib/gcc/arm-none-eabi/5.4.1/armv6-m/crtend.o
 .ARM.attributes
                0x00000928       0x1e /home/james/Downloads/gcc-arm-none-eabi-5_4-2016q3/bin/../lib/gcc/arm-none-eabi/5.4.1/armv6-m/crtn.o
                0x00000001                ASSERT ((__StackLimit >= __HeapLimit), region m_data overflowed with stack and heap)
OUTPUT(release/hello_world.elf elf32-littlearm)

.comment        0x00000000       0x6e
 .comment       0x00000000       0x6e CMakeFiles/hello_world.dir/home/james/Downloads/KSDK_1.3.0/platform/utilities/src/fsl_misc_utilities.c.obj
                                 0x6f (size before relaxing)
 .comment       0x0000006e       0x6f CMakeFiles/hello_world.dir/home/james/Downloads/KSDK_1.3.0/examples/frdmkl46z/demo_apps/hello_world/main.c.obj
 .comment       0x0000006e       0x6f CMakeFiles/hello_world.dir/home/james/Downloads/KSDK_1.3.0/examples/frdmkl46z/demo_apps/hello_world/FreeRTOS/port/gcc/port.c.obj
 .comment       0x0000006e       0x6f CMakeFiles/hello_world.dir/home/james/Downloads/KSDK_1.3.0/examples/frdmkl46z/demo_apps/hello_world/FreeRTOS/src/heap_3.c.obj
 .comment       0x0000006e       0x6f CMakeFiles/hello_world.dir/home/james/Downloads/KSDK_1.3.0/examples/frdmkl46z/demo_apps/hello_world/FreeRTOS/src/list.c.obj
 .comment       0x0000006e       0x6f CMakeFiles/hello_world.dir/home/james/Downloads/KSDK_1.3.0/examples/frdmkl46z/demo_apps/hello_world/FreeRTOS/src/queue.c.obj
 .comment       0x0000006e       0x6f CMakeFiles/hello_world.dir/home/james/Downloads/KSDK_1.3.0/examples/frdmkl46z/demo_apps/hello_world/FreeRTOS/src/tasks.c.obj
 .comment       0x0000006e       0x6f CMakeFiles/hello_world.dir/home/james/Downloads/KSDK_1.3.0/examples/frdmkl46z/demo_apps/hello_world/FreeRTOS/src/timers.c.obj
 .comment       0x0000006e       0x6f CMakeFiles/hello_world.dir/home/james/Downloads/KSDK_1.3.0/examples/frdmkl46z/demo_apps/hello_world/fsl_lptmr_irq.c.obj
 .comment       0x0000006e       0x6f CMakeFiles/hello_world.dir/home/james/Downloads/KSDK_1.3.0/examples/frdmkl46z/demo_apps/hello_world/hardware_init.c.obj
 .comment       0x0000006e       0x6f CMakeFiles/hello_world.dir/home/james/Downloads/KSDK_1.3.0/examples/frdmkl46z/pin_mux.c.obj
 .comment       0x0000006e       0x6f CMakeFiles/hello_world.dir/home/james/Downloads/KSDK_1.3.0/examples/frdmkl46z/board.c.obj
 .comment       0x0000006e       0x6f CMakeFiles/hello_world.dir/home/james/Downloads/KSDK_1.3.0/platform/utilities/src/fsl_debug_console.c.obj
 .comment       0x0000006e       0x6f CMakeFiles/hello_world.dir/home/james/Downloads/KSDK_1.3.0/platform/utilities/src/print_scan.c.obj
 .comment       0x0000006e       0x6f CMakeFiles/hello_world.dir/home/james/Downloads/KSDK_1.3.0/platform/devices/MKL46Z4/startup/system_MKL46Z4.c.obj
 .comment       0x0000006e       0x6f CMakeFiles/hello_world.dir/home/james/Downloads/KSDK_1.3.0/platform/devices/startup.c.obj
 .comment       0x0000006e       0x6f ../../../../../lib/ksdk_platform_lib/armgcc/KL46Z4/release/libksdk_platform.a(fsl_clock_manager.c.obj)
 .comment       0x0000006e       0x6f ../../../../../lib/ksdk_platform_lib/armgcc/KL46Z4/release/libksdk_platform.a(fsl_clock_manager_common.c.obj)
 .comment       0x0000006e       0x6f ../../../../../lib/ksdk_platform_lib/armgcc/KL46Z4/release/libksdk_platform.a(fsl_clock_MKL46Z4.c.obj)
 .comment       0x0000006e       0x6f ../../../../../lib/ksdk_platform_lib/armgcc/KL46Z4/release/libksdk_platform.a(fsl_lpsci_hal.c.obj)
 .comment       0x0000006e       0x6f ../../../../../lib/ksdk_platform_lib/armgcc/KL46Z4/release/libksdk_platform.a(fsl_lptmr_driver.c.obj)
 .comment       0x0000006e       0x6f ../../../../../lib/ksdk_platform_lib/armgcc/KL46Z4/release/libksdk_platform.a(fsl_lptmr_common.c.obj)
 .comment       0x0000006e       0x6f ../../../../../lib/ksdk_platform_lib/armgcc/KL46Z4/release/libksdk_platform.a(fsl_mcg_hal.c.obj)
 .comment       0x0000006e       0x6f ../../../../../lib/ksdk_platform_lib/armgcc/KL46Z4/release/libksdk_platform.a(fsl_mcg_hal_modes.c.obj)
 .comment       0x0000006e       0x6f ../../../../../lib/ksdk_platform_lib/armgcc/KL46Z4/release/libksdk_platform.a(fsl_osc_hal.c.obj)
 .comment       0x0000006e       0x6f ../../../../../lib/ksdk_platform_lib/armgcc/KL46Z4/release/libksdk_platform.a(fsl_sim_hal_MKL46Z4.c.obj)
 .comment       0x0000006e       0x6f ../../../../../lib/ksdk_platform_lib/armgcc/KL46Z4/release/libksdk_platform.a(fsl_uart_hal.c.obj)

.debug_frame    0x00000000      0x278
 .debug_frame   0x00000000       0x20 /home/james/Downloads/gcc-arm-none-eabi-5_4-2016q3/bin/../lib/gcc/arm-none-eabi/5.4.1/../../../../arm-none-eabi/lib/armv6-m/libc_nano.a(lib_a-abs.o)
 .debug_frame   0x00000020       0x20 /home/james/Downloads/gcc-arm-none-eabi-5_4-2016q3/bin/../lib/gcc/arm-none-eabi/5.4.1/../../../../arm-none-eabi/lib/armv6-m/libc_nano.a(lib_a-errno.o)
 .debug_frame   0x00000040       0x28 /home/james/Downloads/gcc-arm-none-eabi-5_4-2016q3/bin/../lib/gcc/arm-none-eabi/5.4.1/../../../../arm-none-eabi/lib/armv6-m/libc_nano.a(lib_a-exit.o)
 .debug_frame   0x00000068       0x2c /home/james/Downloads/gcc-arm-none-eabi-5_4-2016q3/bin/../lib/gcc/arm-none-eabi/5.4.1/../../../../arm-none-eabi/lib/armv6-m/libc_nano.a(lib_a-init.o)
 .debug_frame   0x00000094       0x40 /home/james/Downloads/gcc-arm-none-eabi-5_4-2016q3/bin/../lib/gcc/arm-none-eabi/5.4.1/../../../../arm-none-eabi/lib/armv6-m/libc_nano.a(lib_a-malloc.o)
 .debug_frame   0x000000d4       0x28 /home/james/Downloads/gcc-arm-none-eabi-5_4-2016q3/bin/../lib/gcc/arm-none-eabi/5.4.1/../../../../arm-none-eabi/lib/armv6-m/libc_nano.a(lib_a-memcpy-stub.o)
 .debug_frame   0x000000fc       0x20 /home/james/Downloads/gcc-arm-none-eabi-5_4-2016q3/bin/../lib/gcc/arm-none-eabi/5.4.1/../../../../arm-none-eabi/lib/armv6-m/libc_nano.a(lib_a-memset.o)
 .debug_frame   0x0000011c       0x2c /home/james/Downloads/gcc-arm-none-eabi-5_4-2016q3/bin/../lib/gcc/arm-none-eabi/5.4.1/../../../../arm-none-eabi/lib/armv6-m/libc_nano.a(lib_a-nano-freer.o)
 .debug_frame   0x00000148       0x2c /home/james/Downloads/gcc-arm-none-eabi-5_4-2016q3/bin/../lib/gcc/arm-none-eabi/5.4.1/../../../../arm-none-eabi/lib/armv6-m/libc_nano.a(lib_a-nano-mallocr.o)
 .debug_frame   0x00000174       0x2c /home/james/Downloads/gcc-arm-none-eabi-5_4-2016q3/bin/../lib/gcc/arm-none-eabi/5.4.1/../../../../arm-none-eabi/lib/armv6-m/libc_nano.a(lib_a-sbrkr.o)
 .debug_frame   0x000001a0       0x30 /home/james/Downloads/gcc-arm-none-eabi-5_4-2016q3/bin/../lib/gcc/arm-none-eabi/5.4.1/../../../../arm-none-eabi/lib/armv6-m/libc_nano.a(lib_a-mlock.o)
 .debug_frame   0x000001d0       0x48 /home/james/Downloads/gcc-arm-none-eabi-5_4-2016q3/bin/../lib/gcc/arm-none-eabi/5.4.1/../../../../arm-none-eabi/lib/armv6-m/libc_nano.a(lib_a-reent.o)
 .debug_frame   0x00000218       0x20 /home/james/Downloads/gcc-arm-none-eabi-5_4-2016q3/bin/../lib/gcc/arm-none-eabi/5.4.1/armv6-m/libgcc.a(_udivsi3.o)
 .debug_frame   0x00000238       0x20 /home/james/Downloads/gcc-arm-none-eabi-5_4-2016q3/bin/../lib/gcc/arm-none-eabi/5.4.1/armv6-m/libgcc.a(_divsi3.o)
 .debug_frame   0x00000258       0x20 /home/james/Downloads/gcc-arm-none-eabi-5_4-2016q3/bin/../lib/gcc/arm-none-eabi/5.4.1/../../../../arm-none-eabi/lib/armv6-m/libnosys.a(_exit.o)
