Archive member included to satisfy reference by file (symbol)

../../../../../lib/ksdk_platform_lib/armgcc/KL46Z4/debug/libksdk_platform.a(fsl_clock_manager.c.obj)
                              CMakeFiles/hello_world.dir/home/james/Downloads/KSDK_1.3.0/examples/frdmkl46z/board.c.obj (CLOCK_SYS_BootToPee)
../../../../../lib/ksdk_platform_lib/armgcc/KL46Z4/debug/libksdk_platform.a(fsl_clock_manager_common.c.obj)
                              ../../../../../lib/ksdk_platform_lib/armgcc/KL46Z4/debug/libksdk_platform.a(fsl_clock_manager.c.obj) (g_oscBase)
../../../../../lib/ksdk_platform_lib/armgcc/KL46Z4/debug/libksdk_platform.a(fsl_clock_MKL46Z4.c.obj)
                              CMakeFiles/hello_world.dir/home/james/Downloads/KSDK_1.3.0/examples/frdmkl46z/board.c.obj (CLOCK_SYS_SetSimConfigration)
../../../../../lib/ksdk_platform_lib/armgcc/KL46Z4/debug/libksdk_platform.a(fsl_lpsci_hal.c.obj)
                              CMakeFiles/hello_world.dir/home/james/Downloads/KSDK_1.3.0/platform/utilities/src/fsl_debug_console.c.obj (LPSCI_HAL_SetBaudRate)
../../../../../lib/ksdk_platform_lib/armgcc/KL46Z4/debug/libksdk_platform.a(fsl_lptmr_driver.c.obj)
                              CMakeFiles/hello_world.dir/home/james/Downloads/KSDK_1.3.0/examples/frdmkl46z/demo_apps/hello_world/fsl_lptmr_irq.c.obj (LPTMR_DRV_IRQHandler)
../../../../../lib/ksdk_platform_lib/armgcc/KL46Z4/debug/libksdk_platform.a(fsl_lptmr_common.c.obj)
                              ../../../../../lib/ksdk_platform_lib/armgcc/KL46Z4/debug/libksdk_platform.a(fsl_lptmr_driver.c.obj) (g_lptmrBase)
../../../../../lib/ksdk_platform_lib/armgcc/KL46Z4/debug/libksdk_platform.a(fsl_mcg_hal.c.obj)
                              ../../../../../lib/ksdk_platform_lib/armgcc/KL46Z4/debug/libksdk_platform.a(fsl_clock_manager.c.obj) (g_xtal0ClkFreq)
../../../../../lib/ksdk_platform_lib/armgcc/KL46Z4/debug/libksdk_platform.a(fsl_mcg_hal_modes.c.obj)
                              ../../../../../lib/ksdk_platform_lib/armgcc/KL46Z4/debug/libksdk_platform.a(fsl_clock_manager.c.obj) (CLOCK_HAL_GetMcgMode)
../../../../../lib/ksdk_platform_lib/armgcc/KL46Z4/debug/libksdk_platform.a(fsl_osc_hal.c.obj)
                              ../../../../../lib/ksdk_platform_lib/armgcc/KL46Z4/debug/libksdk_platform.a(fsl_clock_manager.c.obj) (OSC_HAL_SetCapacitor)
../../../../../lib/ksdk_platform_lib/armgcc/KL46Z4/debug/libksdk_platform.a(fsl_sim_hal_MKL46Z4.c.obj)
                              ../../../../../lib/ksdk_platform_lib/armgcc/KL46Z4/debug/libksdk_platform.a(fsl_clock_MKL46Z4.c.obj) (CLOCK_HAL_SetOutDiv)
../../../../../lib/ksdk_platform_lib/armgcc/KL46Z4/debug/libksdk_platform.a(fsl_uart_hal.c.obj)
                              CMakeFiles/hello_world.dir/home/james/Downloads/KSDK_1.3.0/platform/utilities/src/fsl_debug_console.c.obj (UART_HAL_SetBaudRate)
../../../../../lib/ksdk_platform_lib/armgcc/KL46Z4/debug/libksdk_platform.a(fsl_os_abstraction_bm.c.obj)
                              ../../../../../lib/ksdk_platform_lib/armgcc/KL46Z4/debug/libksdk_platform.a(fsl_clock_manager.c.obj) (OSA_EnterCritical)
../../../../../lib/ksdk_platform_lib/armgcc/KL46Z4/debug/libksdk_platform.a(fsl_interrupt_manager.c.obj)
                              ../../../../../lib/ksdk_platform_lib/armgcc/KL46Z4/debug/libksdk_platform.a(fsl_os_abstraction_bm.c.obj) (INT_SYS_InstallHandler)
../../../../../lib/ksdk_platform_lib/armgcc/KL46Z4/debug/libksdk_platform.a(fsl_lptmr_hal.c.obj)
                              ../../../../../lib/ksdk_platform_lib/armgcc/KL46Z4/debug/libksdk_platform.a(fsl_lptmr_driver.c.obj) (LPTMR_HAL_Init)
/home/james/Downloads/gcc-arm-none-eabi-5_4-2016q3/bin/../lib/gcc/arm-none-eabi/5.4.1/../../../../arm-none-eabi/lib/armv6-m/libc_nano.a(lib_a-abs.o)
                              CMakeFiles/hello_world.dir/home/james/Downloads/KSDK_1.3.0/examples/frdmkl46z/demo_apps/hello_world/main.c.obj (abs)
/home/james/Downloads/gcc-arm-none-eabi-5_4-2016q3/bin/../lib/gcc/arm-none-eabi/5.4.1/../../../../arm-none-eabi/lib/armv6-m/libc_nano.a(lib_a-assert.o)
                              CMakeFiles/hello_world.dir/home/james/Downloads/KSDK_1.3.0/examples/frdmkl46z/pin_mux.c.obj (__assert_func)
/home/james/Downloads/gcc-arm-none-eabi-5_4-2016q3/bin/../lib/gcc/arm-none-eabi/5.4.1/../../../../arm-none-eabi/lib/armv6-m/libc_nano.a(lib_a-calloc.o)
                              ../../../../../lib/ksdk_platform_lib/armgcc/KL46Z4/debug/libksdk_platform.a(fsl_os_abstraction_bm.c.obj) (calloc)
/home/james/Downloads/gcc-arm-none-eabi-5_4-2016q3/bin/../lib/gcc/arm-none-eabi/5.4.1/../../../../arm-none-eabi/lib/armv6-m/libc_nano.a(lib_a-errno.o)
                              CMakeFiles/hello_world.dir/home/james/Downloads/KSDK_1.3.0/platform/utilities/src/fsl_misc_utilities.c.obj (__errno)
/home/james/Downloads/gcc-arm-none-eabi-5_4-2016q3/bin/../lib/gcc/arm-none-eabi/5.4.1/../../../../arm-none-eabi/lib/armv6-m/libc_nano.a(lib_a-exit.o)
[...]
Memory Configuration

Name             Origin             Length             Attributes
m_interrupts     0x00000000         0x00000100         xr
m_flash_config   0x00000400         0x00000010         xr
m_text           0x00000410         0x0003fbf0         xr
m_data           0x1fffe000         0x00008000         rw
*default*        0x00000000         0xffffffff

Linker script and memory map

LOAD /home/james/Downloads/gcc-arm-none-eabi-5_4-2016q3/bin/../lib/gcc/arm-none-eabi/5.4.1/armv6-m/crti.o
LOAD /home/james/Downloads/gcc-arm-none-eabi-5_4-2016q3/bin/../lib/gcc/arm-none-eabi/5.4.1/armv6-m/crtbegin.o
LOAD /home/james/Downloads/gcc-arm-none-eabi-5_4-2016q3/bin/../lib/gcc/arm-none-eabi/5.4.1/../../../../arm-none-eabi/lib/armv6-m/crt0.o
LOAD /home/james/Downloads/gcc-arm-none-eabi-5_4-2016q3/bin/../lib/gcc/arm-none-eabi/5.4.1/../../../../arm-none-eabi/lib/armv6-m/libm.a
                0x00002000                __stack_size__ = 0x2000
                0x00002000                __heap_size__ = 0x2000
LOAD CMakeFiles/hello_world.dir/home/james/Downloads/KSDK_1.3.0/platform/utilities/src/fsl_misc_utilities.c.obj
LOAD CMakeFiles/hello_world.dir/home/james/Downloads/KSDK_1.3.0/platform/devices/MKL46Z4/startup/gcc/startup_MKL46Z4.S.obj
LOAD CMakeFiles/hello_world.dir/home/james/Downloads/KSDK_1.3.0/examples/frdmkl46z/demo_apps/hello_world/main.c.obj
LOAD CMakeFiles/hello_world.dir/home/james/Downloads/KSDK_1.3.0/examples/frdmkl46z/demo_apps/hello_world/FreeRTOS/port/gcc/port.c.obj
LOAD CMakeFiles/hello_world.dir/home/james/Downloads/KSDK_1.3.0/examples/frdmkl46z/demo_apps/hello_world/FreeRTOS/src/croutine.c.obj
LOAD CMakeFiles/hello_world.dir/home/james/Downloads/KSDK_1.3.0/examples/frdmkl46z/demo_apps/hello_world/FreeRTOS/src/event_groups.c.obj
LOAD CMakeFiles/hello_world.dir/home/james/Downloads/KSDK_1.3.0/examples/frdmkl46z/demo_apps/hello_world/FreeRTOS/src/heap_1.c.obj
LOAD CMakeFiles/hello_world.dir/home/james/Downloads/KSDK_1.3.0/examples/frdmkl46z/demo_apps/hello_world/FreeRTOS/src/heap_2.c.obj
LOAD CMakeFiles/hello_world.dir/home/james/Downloads/KSDK_1.3.0/examples/frdmkl46z/demo_apps/hello_world/FreeRTOS/src/heap_3.c.obj
LOAD CMakeFiles/hello_world.dir/home/james/Downloads/KSDK_1.3.0/examples/frdmkl46z/demo_apps/hello_world/FreeRTOS/src/heap_4.c.obj
LOAD CMakeFiles/hello_world.dir/home/james/Downloads/KSDK_1.3.0/examples/frdmkl46z/demo_apps/hello_world/FreeRTOS/src/heap_5.c.obj
LOAD CMakeFiles/hello_world.dir/home/james/Downloads/KSDK_1.3.0/examples/frdmkl46z/demo_apps/hello_world/FreeRTOS/src/list.c.obj
LOAD CMakeFiles/hello_world.dir/home/james/Downloads/KSDK_1.3.0/examples/frdmkl46z/demo_apps/hello_world/FreeRTOS/src/queue.c.obj
LOAD CMakeFiles/hello_world.dir/home/james/Downloads/KSDK_1.3.0/examples/frdmkl46z/demo_apps/hello_world/FreeRTOS/src/tasks.c.obj
LOAD CMakeFiles/hello_world.dir/home/james/Downloads/KSDK_1.3.0/examples/frdmkl46z/demo_apps/hello_world/FreeRTOS/src/timers.c.obj
LOAD CMakeFiles/hello_world.dir/home/james/Downloads/KSDK_1.3.0/examples/frdmkl46z/demo_apps/hello_world/fsl_lptmr_irq.c.obj
LOAD CMakeFiles/hello_world.dir/home/james/Downloads/KSDK_1.3.0/examples/frdmkl46z/demo_apps/hello_world/hardware_init.c.obj
LOAD CMakeFiles/hello_world.dir/home/james/Downloads/KSDK_1.3.0/examples/frdmkl46z/gpio_pins.c.obj
LOAD CMakeFiles/hello_world.dir/home/james/Downloads/KSDK_1.3.0/examples/frdmkl46z/pin_mux.c.obj
LOAD CMakeFiles/hello_world.dir/home/james/Downloads/KSDK_1.3.0/examples/frdmkl46z/board.c.obj
LOAD CMakeFiles/hello_world.dir/home/james/Downloads/KSDK_1.3.0/platform/utilities/src/fsl_debug_console.c.obj
LOAD CMakeFiles/hello_world.dir/home/james/Downloads/KSDK_1.3.0/platform/utilities/src/print_scan.c.obj
LOAD CMakeFiles/hello_world.dir/home/james/Downloads/KSDK_1.3.0/platform/devices/MKL46Z4/startup/system_MKL46Z4.c.obj
LOAD CMakeFiles/hello_world.dir/home/james/Downloads/KSDK_1.3.0/platform/devices/startup.c.obj
START GROUP
LOAD ../../../../../lib/ksdk_platform_lib/armgcc/KL46Z4/debug/libksdk_platform.a
LOAD /home/james/Downloads/gcc-arm-none-eabi-5_4-2016q3/bin/../lib/gcc/arm-none-eabi/5.4.1/../../../../arm-none-eabi/lib/armv6-m/libm.a
LOAD /home/james/Downloads/gcc-arm-none-eabi-5_4-2016q3/bin/../lib/gcc/arm-none-eabi/5.4.1/../../../../arm-none-eabi/lib/armv6-m/libc_nano.a
LOAD /home/james/Downloads/gcc-arm-none-eabi-5_4-2016q3/bin/../lib/gcc/arm-none-eabi/5.4.1/armv6-m/libgcc.a
LOAD /home/james/Downloads/gcc-arm-none-eabi-5_4-2016q3/bin/../lib/gcc/arm-none-eabi/5.4.1/../../../../arm-none-eabi/lib/armv6-m/libnosys.a
END GROUP
START GROUP
LOAD /home/james/Downloads/gcc-arm-none-eabi-5_4-2016q3/bin/../lib/gcc/arm-none-eabi/5.4.1/armv6-m/libgcc.a
LOAD /home/james/Downloads/gcc-arm-none-eabi-5_4-2016q3/bin/../lib/gcc/arm-none-eabi/5.4.1/../../../../arm-none-eabi/lib/armv6-m/libg_nano.a
LOAD /home/james/Downloads/gcc-arm-none-eabi-5_4-2016q3/bin/../lib/gcc/arm-none-eabi/5.4.1/../../../../arm-none-eabi/lib/armv6-m/libc_nano.a
END GROUP
START GROUP
LOAD /home/james/Downloads/gcc-arm-none-eabi-5_4-2016q3/bin/../lib/gcc/arm-none-eabi/5.4.1/armv6-m/libgcc.a
LOAD /home/james/Downloads/gcc-arm-none-eabi-5_4-2016q3/bin/../lib/gcc/arm-none-eabi/5.4.1/../../../../arm-none-eabi/lib/armv6-m/libc_nano.a
END GROUP
LOAD /home/james/Downloads/gcc-arm-none-eabi-5_4-2016q3/bin/../lib/gcc/arm-none-eabi/5.4.1/armv6-m/crtend.o
LOAD /home/james/Downloads/gcc-arm-none-eabi-5_4-2016q3/bin/../lib/gcc/arm-none-eabi/5.4.1/armv6-m/crtn.o
                0x00000400                HEAP_SIZE = DEFINED (__heap_size__)?__heap_size__:0x400
                0x00000400                STACK_SIZE = DEFINED (__stack_size__)?__stack_size__:0x400
                0x00000000                M_VECTOR_RAM_SIZE = DEFINED (__ram_vector_table__)?0x100:0x0

.interrupts     0x00000000       0xc0
                0x00000000                __VECTOR_TABLE = .
                0x00000000                . = ALIGN (0x4)
 *(.isr_vector)
 .isr_vector    0x00000000       0xc0 CMakeFiles/hello_world.dir/home/james/Downloads/KSDK_1.3.0/platform/devices/MKL46Z4/startup/gcc/startup_MKL46Z4.S.obj
                0x00000000                __isr_vector
                0x000000c0                . = ALIGN (0x4)

.flash_config   0x00000400       0x10
                0x00000400                . = ALIGN (0x4)
 *(.FlashConfig)
 .FlashConfig   0x00000400       0x10 CMakeFiles/hello_world.dir/home/james/Downloads/KSDK_1.3.0/platform/devices/MKL46Z4/startup/gcc/startup_MKL46Z4.S.obj
                0x00000410                . = ALIGN (0x4)

.text           0x00000410     0x6c30
                0x00000410                . = ALIGN (0x4)
 *(.text)
 .text          0x00000410       0x60 /home/james/Downloads/gcc-arm-none-eabi-5_4-2016q3/bin/../lib/gcc/arm-none-eabi/5.4.1/armv6-m/crtbegin.o
 .text          0x00000470       0x78 /home/james/Downloads/gcc-arm-none-eabi-5_4-2016q3/bin/../lib/gcc/arm-none-eabi/5.4.1/../../../../arm-none-eabi/lib/armv6-m/crt0.o
                0x00000470                _mainCRTStartup
                0x00000470                _start
 .text          0x000004e8       0x18 CMakeFiles/hello_world.dir/home/james/Downloads/KSDK_1.3.0/platform/devices/MKL46Z4/startup/gcc/startup_MKL46Z4.S.obj
                0x000004e8                Reset_Handler
                0x000004f8                I2C0_IRQHandler
                0x000004f8                HardFault_Handler
                0x000004f8                NMI_Handler
                0x000004f8                PORTC_PORTD_IRQHandler
                0x000004f8                I2C1_IRQHandler
                0x000004f8                UART1_IRQHandler
                0x000004f8                DMA2_IRQHandler
                0x000004f8                TPM0_IRQHandler
                0x000004f8                I2S0_IRQHandler
                0x000004f8                LLWU_IRQHandler
                0x000004f8                TSI0_IRQHandler
                0x000004f8                UART0_IRQHandler
                0x000004f8                ADC0_IRQHandler
                0x000004f8                SPI1_IRQHandler
                0x000004f8                DefaultISR
                0x000004f8                TPM2_IRQHandler
                0x000004f8                RTC_IRQHandler
                0x000004f8                LCD_IRQHandler
                0x000004f8                RTC_Seconds_IRQHandler
                0x000004f8                MCG_IRQHandler
                0x000004f8                UART2_IRQHandler
                0x000004f8                Reserved20_IRQHandler
                0x000004f8                USB0_IRQHandler
                0x000004f8                PIT_IRQHandler
                0x000004f8                DMA3_IRQHandler
                0x000004f8                DMA0_IRQHandler
                0x000004f8                DAC0_IRQHandler
                0x000004f8                TPM1_IRQHandler
                0x000004f8                LVD_LVW_IRQHandler
                0x000004f8                SPI0_IRQHandler
                0x000004f8                PORTA_IRQHandler
                0x000004f8                FTFA_IRQHandler
                0x000004f8                CMP0_IRQHandler
                0x000004f8                DMA1_IRQHandler
 .text          0x00000500       0x34 /home/james/Downloads/gcc-arm-none-eabi-5_4-2016q3/bin/../lib/gcc/arm-none-eabi/5.4.1/../../../../arm-none-eabi/lib/armv6-m/libc_nano.a(lib_a-setjmp.o)
                0x00000500                setjmp
                0x00000518                longjmp
 .text          0x00000534        0xe /home/james/Downloads/gcc-arm-none-eabi-5_4-2016q3/bin/../lib/gcc/arm-none-eabi/5.4.1/../../../../arm-none-eabi/lib/armv6-m/libc_nano.a(lib_a-strlen.o)
                0x00000534                strlen
 *fill*         0x00000542        0x2 
 .text          0x00000544      0x114 /home/james/Downloads/gcc-arm-none-eabi-5_4-2016q3/bin/../lib/gcc/arm-none-eabi/5.4.1/armv6-m/libgcc.a(_udivsi3.o)
                0x00000544                __udivsi3
                0x00000544                __aeabi_uidiv
                0x00000650                __aeabi_uidivmod
 .text          0x00000658      0x1d4 /home/james/Downloads/gcc-arm-none-eabi-5_4-2016q3/bin/../lib/gcc/arm-none-eabi/5.4.1/armv6-m/libgcc.a(_divsi3.o)
                0x00000658                __aeabi_idiv
                0x00000658                __divsi3
                0x00000824                __aeabi_idivmod
 .text          0x0000082c        0x4 /home/james/Downloads/gcc-arm-none-eabi-5_4-2016q3/bin/../lib/gcc/arm-none-eabi/5.4.1/armv6-m/libgcc.a(_dvmd_tls.o)
                0x0000082c                __aeabi_ldiv0
                0x0000082c                __aeabi_idiv0
 *(.text*)
 .text._sbrk    0x00000830       0x5c CMakeFiles/hello_world.dir/home/james/Downloads/KSDK_1.3.0/platform/utilities/src/fsl_misc_utilities.c.obj
                0x00000830                _sbrk
 .text.light_sensor_init
                0x0000088c       0x34 CMakeFiles/hello_world.dir/home/james/Downloads/KSDK_1.3.0/examples/frdmkl46z/demo_apps/hello_world/main.c.obj
                0x0000088c                light_sensor_init
 .text.light_sensor_read
                0x000008c0       0x30 CMakeFiles/hello_world.dir/home/james/Downloads/KSDK_1.3.0/examples/frdmkl46z/demo_apps/hello_world/main.c.obj
                0x000008c0                light_sensor_read
 .text.touch_sensor_init
                0x000008f0       0x4c CMakeFiles/hello_world.dir/home/james/Downloads/KSDK_1.3.0/examples/frdmkl46z/demo_apps/hello_world/main.c.obj
                0x000008f0                touch_sensor_init
 .text.touch_sensor_read
                0x0000093c       0x54 CMakeFiles/hello_world.dir/home/james/Downloads/KSDK_1.3.0/examples/frdmkl46z/demo_apps/hello_world/main.c.obj
                0x0000093c                touch_sensor_read
 .text.udelay   0x00000990       0x28 CMakeFiles/hello_world.dir/home/james/Downloads/KSDK_1.3.0/examples/frdmkl46z/demo_apps/hello_world/main.c.obj
                0x00000990                udelay
 .text.read_i2c
                0x000009b8      0x190 CMakeFiles/hello_world.dir/home/james/Downloads/KSDK_1.3.0/examples/frdmkl46z/demo_apps/hello_world/main.c.obj
                0x000009b8                read_i2c
 .text.write_i2c
                0x00000b48       0xe0 CMakeFiles/hello_world.dir/home/james/Downloads/KSDK_1.3.0/examples/frdmkl46z/demo_apps/hello_world/main.c.obj
                0x00000b48                write_i2c
 .text.init_i2c
                0x00000c28       0x98 CMakeFiles/hello_world.dir/home/james/Downloads/KSDK_1.3.0/examples/frdmkl46z/demo_apps/hello_world/main.c.obj
                0x00000c28                init_i2c
 .text.sleep    0x00000cc0       0x20 CMakeFiles/hello_world.dir/home/james/Downloads/KSDK_1.3.0/examples/frdmkl46z/demo_apps/hello_world/main.c.obj
                0x00000cc0                sleep
 .text.calibrate_touch_sensor
                0x00000ce0       0x48 CMakeFiles/hello_world.dir/home/james/Downloads/KSDK_1.3.0/examples/frdmkl46z/demo_apps/hello_world/main.c.obj
                0x00000ce0                calibrate_touch_sensor
 .text.calibrate_light_sensor
                0x00000d28       0x44 CMakeFiles/hello_world.dir/home/james/Downloads/KSDK_1.3.0/examples/frdmkl46z/demo_apps/hello_world/main.c.obj
                0x00000d28                calibrate_light_sensor
 .text.scrollmodeCheck
                0x00000d6c       0xb4 CMakeFiles/hello_world.dir/home/james/Downloads/KSDK_1.3.0/examples/frdmkl46z/demo_apps/hello_world/main.c.obj
                0x00000d6c                scrollmodeCheck
 .text.handOnCheck
                0x00000e20       0x58 CMakeFiles/hello_world.dir/home/james/Downloads/KSDK_1.3.0/examples/frdmkl46z/demo_apps/hello_world/main.c.obj
                0x00000e20                handOnCheck
 .text.mouseDataTask
                0x00000e78      0x368 CMakeFiles/hello_world.dir/home/james/Downloads/KSDK_1.3.0/examples/frdmkl46z/demo_apps/hello_world/main.c.obj
 .text.main     0x000011e0       0xf8 CMakeFiles/hello_world.dir/home/james/Downloads/KSDK_1.3.0/examples/frdmkl46z/demo_apps/hello_world/main.c.obj
                0x000011e0                main
 .text.prvTaskExitError
                0x000012d8       0x1c CMakeFiles/hello_world.dir/home/james/Downloads/KSDK_1.3.0/examples/frdmkl46z/demo_apps/hello_world/FreeRTOS/port/gcc/port.c.obj
                0x000012d8                prvTaskExitError
 .text.pxPortInitialiseStack
                0x000012f4       0x54 CMakeFiles/hello_world.dir/home/james/Downloads/KSDK_1.3.0/examples/frdmkl46z/demo_apps/hello_world/FreeRTOS/port/gcc/port.c.obj
                0x000012f4                pxPortInitialiseStack
 .text.vPortInitTickTimer
                0x00001348       0x4c CMakeFiles/hello_world.dir/home/james/Downloads/KSDK_1.3.0/examples/frdmkl46z/demo_apps/hello_world/FreeRTOS/port/gcc/port.c.obj
                0x00001348                vPortInitTickTimer
 .text.vPortStartTickTimer
                0x00001394       0x14 CMakeFiles/hello_world.dir/home/james/Downloads/KSDK_1.3.0/examples/frdmkl46z/demo_apps/hello_world/FreeRTOS/port/gcc/port.c.obj
                0x00001394                vPortStartTickTimer
 .text.xPortStartScheduler
                0x000013a8       0x48 CMakeFiles/hello_world.dir/home/james/Downloads/KSDK_1.3.0/examples/frdmkl46z/demo_apps/hello_world/FreeRTOS/port/gcc/port.c.obj
                0x000013a8                xPortStartScheduler
 .text.vPortEnterCritical
                0x000013f0       0x24 CMakeFiles/hello_world.dir/home/james/Downloads/KSDK_1.3.0/examples/frdmkl46z/demo_apps/hello_world/FreeRTOS/port/gcc/port.c.obj
                0x000013f0                vPortEnterCritical
 .text.vPortExitCritical
                0x00001414       0x28 CMakeFiles/hello_world.dir/home/james/Downloads/KSDK_1.3.0/examples/frdmkl46z/demo_apps/hello_world/FreeRTOS/port/gcc/port.c.obj
                0x00001414                vPortExitCritical
 .text.vPortYieldFromISR
                0x0000143c       0x20 CMakeFiles/hello_world.dir/home/james/Downloads/KSDK_1.3.0/examples/frdmkl46z/demo_apps/hello_world/FreeRTOS/port/gcc/port.c.obj
                0x0000143c                vPortYieldFromISR
 .text.SysTick_Handler
                0x0000145c       0x20 CMakeFiles/hello_world.dir/home/james/Downloads/KSDK_1.3.0/examples/frdmkl46z/demo_apps/hello_world/FreeRTOS/port/gcc/port.c.obj
                0x0000145c                SysTick_Handler
 .text.vPortStartFirstTask
                0x0000147c       0x20 CMakeFiles/hello_world.dir/home/james/Downloads/KSDK_1.3.0/examples/frdmkl46z/demo_apps/hello_world/FreeRTOS/port/gcc/port.c.obj
                0x0000147c                vPortStartFirstTask
 .text.SVC_Handler
                0x0000149c       0x2c CMakeFiles/hello_world.dir/home/james/Downloads/KSDK_1.3.0/examples/frdmkl46z/demo_apps/hello_world/FreeRTOS/port/gcc/port.c.obj
                0x0000149c                SVC_Handler
 .text.PendSV_Handler
                0x000014c8       0x48 CMakeFiles/hello_world.dir/home/james/Downloads/KSDK_1.3.0/examples/frdmkl46z/demo_apps/hello_world/FreeRTOS/port/gcc/port.c.obj
                0x000014c8                PendSV_Handler
 .text.ulPortSetInterruptMask
                0x00001510        0xc CMakeFiles/hello_world.dir/home/james/Downloads/KSDK_1.3.0/examples/frdmkl46z/demo_apps/hello_world/FreeRTOS/port/gcc/port.c.obj
                0x00001510                ulPortSetInterruptMask
 .text.vPortClearInterruptMask
                0x0000151c        0x8 CMakeFiles/hello_world.dir/home/james/Downloads/KSDK_1.3.0/examples/frdmkl46z/demo_apps/hello_world/FreeRTOS/port/gcc/port.c.obj
                0x0000151c                vPortClearInterruptMask
 .text.pvPortMalloc
                0x00001524       0x28 CMakeFiles/hello_world.dir/home/james/Downloads/KSDK_1.3.0/examples/frdmkl46z/demo_apps/hello_world/FreeRTOS/src/heap_3.c.obj
                0x00001524                pvPortMalloc
 .text.vPortFree
                0x0000154c       0x28 CMakeFiles/hello_world.dir/home/james/Downloads/KSDK_1.3.0/examples/frdmkl46z/demo_apps/hello_world/FreeRTOS/src/heap_3.c.obj
                0x0000154c                vPortFree
 .text.vListInitialise
                0x00001574       0x3c CMakeFiles/hello_world.dir/home/james/Downloads/KSDK_1.3.0/examples/frdmkl46z/demo_apps/hello_world/FreeRTOS/src/list.c.obj
                0x00001574                vListInitialise
 .text.vListInitialiseItem
                0x000015b0       0x18 CMakeFiles/hello_world.dir/home/james/Downloads/KSDK_1.3.0/examples/frdmkl46z/demo_apps/hello_world/FreeRTOS/src/list.c.obj
                0x000015b0                vListInitialiseItem
 .text.vListInsertEnd
                0x000015c8       0x44 CMakeFiles/hello_world.dir/home/james/Downloads/KSDK_1.3.0/examples/frdmkl46z/demo_apps/hello_world/FreeRTOS/src/list.c.obj
                0x000015c8                vListInsertEnd
 .text.vListInsert
                0x0000160c       0x6c CMakeFiles/hello_world.dir/home/james/Downloads/KSDK_1.3.0/examples/frdmkl46z/demo_apps/hello_world/FreeRTOS/src/list.c.obj
                0x0000160c                vListInsert
 .text.uxListRemove
                0x00001678       0x50 CMakeFiles/hello_world.dir/home/james/Downloads/KSDK_1.3.0/examples/frdmkl46z/demo_apps/hello_world/FreeRTOS/src/list.c.obj
                0x00001678                uxListRemove
 .text.xQueueGenericReset
                0x000016c8       0xac CMakeFiles/hello_world.dir/home/james/Downloads/KSDK_1.3.0/examples/frdmkl46z/demo_apps/hello_world/FreeRTOS/src/queue.c.obj
                0x000016c8                xQueueGenericReset
 .text.xQueueGenericCreate
                0x00001774       0x94 CMakeFiles/hello_world.dir/home/james/Downloads/KSDK_1.3.0/examples/frdmkl46z/demo_apps/hello_world/FreeRTOS/src/queue.c.obj
                0x00001774                xQueueGenericCreate
 .text.xQueueGenericSend
                0x00001808      0x188 CMakeFiles/hello_world.dir/home/james/Downloads/KSDK_1.3.0/examples/frdmkl46z/demo_apps/hello_world/FreeRTOS/src/queue.c.obj
                0x00001808                xQueueGenericSend
 .text.xQueueGenericSendFromISR
                0x00001990       0xd4 CMakeFiles/hello_world.dir/home/james/Downloads/KSDK_1.3.0/examples/frdmkl46z/demo_apps/hello_world/FreeRTOS/src/queue.c.obj
                0x00001990                xQueueGenericSendFromISR
 .text.xQueueGenericReceive
                0x00001a64      0x1b4 CMakeFiles/hello_world.dir/home/james/Downloads/KSDK_1.3.0/examples/frdmkl46z/demo_apps/hello_world/FreeRTOS/src/queue.c.obj
                0x00001a64                xQueueGenericReceive
 .text.prvCopyDataToQueue
                0x00001c18       0xd8 CMakeFiles/hello_world.dir/home/james/Downloads/KSDK_1.3.0/examples/frdmkl46z/demo_apps/hello_world/FreeRTOS/src/queue.c.obj
 .text.prvCopyDataFromQueue
                0x00001cf0       0x4c CMakeFiles/hello_world.dir/home/james/Downloads/KSDK_1.3.0/examples/frdmkl46z/demo_apps/hello_world/FreeRTOS/src/queue.c.obj
 .text.prvUnlockQueue
                0x00001d3c       0x94 CMakeFiles/hello_world.dir/home/james/Downloads/KSDK_1.3.0/examples/frdmkl46z/demo_apps/hello_world/FreeRTOS/src/queue.c.obj
 .text.prvIsQueueEmpty
                0x00001dd0       0x2c CMakeFiles/hello_world.dir/home/james/Downloads/KSDK_1.3.0/examples/frdmkl46z/demo_apps/hello_world/FreeRTOS/src/queue.c.obj
 .text.prvIsQueueFull
                0x00001dfc       0x30 CMakeFiles/hello_world.dir/home/james/Downloads/KSDK_1.3.0/examples/frdmkl46z/demo_apps/hello_world/FreeRTOS/src/queue.c.obj
 .text.vQueueWaitForMessageRestricted
                0x00001e2c       0x58 CMakeFiles/hello_world.dir/home/james/Downloads/KSDK_1.3.0/examples/frdmkl46z/demo_apps/hello_world/FreeRTOS/src/queue.c.obj
                0x00001e2c                vQueueWaitForMessageRestricted
 .text.xTaskGenericCreate
                0x00001e84      0x170 CMakeFiles/hello_world.dir/home/james/Downloads/KSDK_1.3.0/examples/frdmkl46z/demo_apps/hello_world/FreeRTOS/src/tasks.c.obj
                0x00001e84                xTaskGenericCreate
 .text.vTaskDelayUntil
                0x00001ff4       0xc8 CMakeFiles/hello_world.dir/home/james/Downloads/KSDK_1.3.0/examples/frdmkl46z/demo_apps/hello_world/FreeRTOS/src/tasks.c.obj
                0x00001ff4                vTaskDelayUntil
 .text.vTaskStartScheduler
                0x000020bc       0x74 CMakeFiles/hello_world.dir/home/james/Downloads/KSDK_1.3.0/examples/frdmkl46z/demo_apps/hello_world/FreeRTOS/src/tasks.c.obj
                0x000020bc                vTaskStartScheduler
 .text.vTaskSuspendAll
                0x00002130       0x18 CMakeFiles/hello_world.dir/home/james/Downloads/KSDK_1.3.0/examples/frdmkl46z/demo_apps/hello_world/FreeRTOS/src/tasks.c.obj
                0x00002130                vTaskSuspendAll
 .text.xTaskResumeAll
                0x00002148      0x108 CMakeFiles/hello_world.dir/home/james/Downloads/KSDK_1.3.0/examples/frdmkl46z/demo_apps/hello_world/FreeRTOS/src/tasks.c.obj
                0x00002148                xTaskResumeAll
 .text.xTaskGetTickCount
                0x00002250       0x24 CMakeFiles/hello_world.dir/home/james/Downloads/KSDK_1.3.0/examples/frdmkl46z/demo_apps/hello_world/FreeRTOS/src/tasks.c.obj
                0x00002250                xTaskGetTickCount
 .text.xTaskIncrementTick
                0x00002274      0x16c CMakeFiles/hello_world.dir/home/james/Downloads/KSDK_1.3.0/examples/frdmkl46z/demo_apps/hello_world/FreeRTOS/src/tasks.c.obj
                0x00002274                xTaskIncrementTick
 .text.vTaskSwitchContext
                0x000023e0       0xa4 CMakeFiles/hello_world.dir/home/james/Downloads/KSDK_1.3.0/examples/frdmkl46z/demo_apps/hello_world/FreeRTOS/src/tasks.c.obj
                0x000023e0                vTaskSwitchContext
 .text.vTaskPlaceOnEventList
                0x00002484       0x74 CMakeFiles/hello_world.dir/home/james/Downloads/KSDK_1.3.0/examples/frdmkl46z/demo_apps/hello_world/FreeRTOS/src/tasks.c.obj
                0x00002484                vTaskPlaceOnEventList
 .text.vTaskPlaceOnEventListRestricted
                0x000024f8       0x58 CMakeFiles/hello_world.dir/home/james/Downloads/KSDK_1.3.0/examples/frdmkl46z/demo_apps/hello_world/FreeRTOS/src/tasks.c.obj
                0x000024f8                vTaskPlaceOnEventListRestricted
 .text.xTaskRemoveFromEventList
                0x00002550       0xbc CMakeFiles/hello_world.dir/home/james/Downloads/KSDK_1.3.0/examples/frdmkl46z/demo_apps/hello_world/FreeRTOS/src/tasks.c.obj
                0x00002550                xTaskRemoveFromEventList
 .text.vTaskSetTimeOutState
                0x0000260c       0x34 CMakeFiles/hello_world.dir/home/james/Downloads/KSDK_1.3.0/examples/frdmkl46z/demo_apps/hello_world/FreeRTOS/src/tasks.c.obj
                0x0000260c                vTaskSetTimeOutState
 .text.xTaskCheckForTimeOut
                0x00002640       0xa0 CMakeFiles/hello_world.dir/home/james/Downloads/KSDK_1.3.0/examples/frdmkl46z/demo_apps/hello_world/FreeRTOS/src/tasks.c.obj
                0x00002640                xTaskCheckForTimeOut
 .text.vTaskMissedYield
                0x000026e0       0x14 CMakeFiles/hello_world.dir/home/james/Downloads/KSDK_1.3.0/examples/frdmkl46z/demo_apps/hello_world/FreeRTOS/src/tasks.c.obj
                0x000026e0                vTaskMissedYield
 .text.prvIdleTask
                0x000026f4       0x20 CMakeFiles/hello_world.dir/home/james/Downloads/KSDK_1.3.0/examples/frdmkl46z/demo_apps/hello_world/FreeRTOS/src/tasks.c.obj
 .text.prvInitialiseTCBVariables
                0x00002714       0xac CMakeFiles/hello_world.dir/home/james/Downloads/KSDK_1.3.0/examples/frdmkl46z/demo_apps/hello_world/FreeRTOS/src/tasks.c.obj
 .text.prvInitialiseTaskLists
                0x000027c0       0x88 CMakeFiles/hello_world.dir/home/james/Downloads/KSDK_1.3.0/examples/frdmkl46z/demo_apps/hello_world/FreeRTOS/src/tasks.c.obj
 .text.prvCheckTasksWaitingTermination
                0x00002848       0x74 CMakeFiles/hello_world.dir/home/james/Downloads/KSDK_1.3.0/examples/frdmkl46z/demo_apps/hello_world/FreeRTOS/src/tasks.c.obj
 .text.prvAddCurrentTaskToDelayedList
                0x000028bc       0x6c CMakeFiles/hello_world.dir/home/james/Downloads/KSDK_1.3.0/examples/frdmkl46z/demo_apps/hello_world/FreeRTOS/src/tasks.c.obj
 .text.prvAllocateTCBAndStack
                0x00002928       0x78 CMakeFiles/hello_world.dir/home/james/Downloads/KSDK_1.3.0/examples/frdmkl46z/demo_apps/hello_world/FreeRTOS/src/tasks.c.obj
 .text.prvDeleteTCB
                0x000029a0       0x24 CMakeFiles/hello_world.dir/home/james/Downloads/KSDK_1.3.0/examples/frdmkl46z/demo_apps/hello_world/FreeRTOS/src/tasks.c.obj
 .text.prvResetNextTaskUnblockTime
                0x000029c4       0x48 CMakeFiles/hello_world.dir/home/james/Downloads/KSDK_1.3.0/examples/frdmkl46z/demo_apps/hello_world/FreeRTOS/src/tasks.c.obj
 .text.xTaskGetSchedulerState
                0x00002a0c       0x38 CMakeFiles/hello_world.dir/home/james/Downloads/KSDK_1.3.0/examples/frdmkl46z/demo_apps/hello_world/FreeRTOS/src/tasks.c.obj
                0x00002a0c                xTaskGetSchedulerState
 .text.vTaskPriorityInherit
                0x00002a44       0xbc CMakeFiles/hello_world.dir/home/james/Downloads/KSDK_1.3.0/examples/frdmkl46z/demo_apps/hello_world/FreeRTOS/src/tasks.c.obj
                0x00002a44                vTaskPriorityInherit
 .text.xTaskPriorityDisinherit
                0x00002b00       0xa8 CMakeFiles/hello_world.dir/home/james/Downloads/KSDK_1.3.0/examples/frdmkl46z/demo_apps/hello_world/FreeRTOS/src/tasks.c.obj
                0x00002b00                xTaskPriorityDisinherit
 .text.pvTaskIncrementMutexHeldCount
                0x00002ba8       0x24 CMakeFiles/hello_world.dir/home/james/Downloads/KSDK_1.3.0/examples/frdmkl46z/demo_apps/hello_world/FreeRTOS/src/tasks.c.obj
                0x00002ba8                pvTaskIncrementMutexHeldCount
 .text.xTimerCreateTimerTask
                0x00002bcc       0x5c CMakeFiles/hello_world.dir/home/james/Downloads/KSDK_1.3.0/examples/frdmkl46z/demo_apps/hello_world/FreeRTOS/src/timers.c.obj
                0x00002bcc                xTimerCreateTimerTask
 .text.xTimerGenericCommand
                0x00002c28       0x90 CMakeFiles/hello_world.dir/home/james/Downloads/KSDK_1.3.0/examples/frdmkl46z/demo_apps/hello_world/FreeRTOS/src/timers.c.obj
                0x00002c28                xTimerGenericCommand
 .text.prvProcessExpiredTimer
                0x00002cb8       0x74 CMakeFiles/hello_world.dir/home/james/Downloads/KSDK_1.3.0/examples/frdmkl46z/demo_apps/hello_world/FreeRTOS/src/timers.c.obj
 .text.prvTimerTask
                0x00002d2c       0x28 CMakeFiles/hello_world.dir/home/james/Downloads/KSDK_1.3.0/examples/frdmkl46z/demo_apps/hello_world/FreeRTOS/src/timers.c.obj
 .text.prvProcessTimerOrBlockTask
                0x00002d54       0x70 CMakeFiles/hello_world.dir/home/james/Downloads/KSDK_1.3.0/examples/frdmkl46z/demo_apps/hello_world/FreeRTOS/src/timers.c.obj
 .text.prvGetNextExpireTime
                0x00002dc4       0x40 CMakeFiles/hello_world.dir/home/james/Downloads/KSDK_1.3.0/examples/frdmkl46z/demo_apps/hello_world/FreeRTOS/src/timers.c.obj
 .text.prvSampleTimeNow
                0x00002e04       0x40 CMakeFiles/hello_world.dir/home/james/Downloads/KSDK_1.3.0/examples/frdmkl46z/demo_apps/hello_world/FreeRTOS/src/timers.c.obj
 .text.prvInsertTimerInActiveList
                0x00002e44       0x84 CMakeFiles/hello_world.dir/home/james/Downloads/KSDK_1.3.0/examples/frdmkl46z/demo_apps/hello_world/FreeRTOS/src/timers.c.obj
 .text.prvProcessReceivedCommands
                0x00002ec8      0x134 CMakeFiles/hello_world.dir/home/james/Downloads/KSDK_1.3.0/examples/frdmkl46z/demo_apps/hello_world/FreeRTOS/src/timers.c.obj
 .text.prvSwitchTimerLists
                0x00002ffc       0xb8 CMakeFiles/hello_world.dir/home/james/Downloads/KSDK_1.3.0/examples/frdmkl46z/demo_apps/hello_world/FreeRTOS/src/timers.c.obj
 .text.prvCheckForValidListAndQueue
                0x000030b4       0x68 CMakeFiles/hello_world.dir/home/james/Downloads/KSDK_1.3.0/examples/frdmkl46z/demo_apps/hello_world/FreeRTOS/src/timers.c.obj
 .text.LPTMR0_IRQHandler
                0x0000311c       0x10 CMakeFiles/hello_world.dir/home/james/Downloads/KSDK_1.3.0/examples/frdmkl46z/demo_apps/hello_world/fsl_lptmr_irq.c.obj
                0x0000311c                LPTMR0_IRQHandler
 .text.hardware_init
                0x0000312c       0xdc CMakeFiles/hello_world.dir/home/james/Downloads/KSDK_1.3.0/examples/frdmkl46z/demo_apps/hello_world/hardware_init.c.obj
                0x0000312c                hardware_init
 .text.PORT_HAL_SetMuxMode
                0x00003208       0x50 CMakeFiles/hello_world.dir/home/james/Downloads/KSDK_1.3.0/examples/frdmkl46z/pin_mux.c.obj
 .text.configure_lpsci_pins
                0x00003258       0x38 CMakeFiles/hello_world.dir/home/james/Downloads/KSDK_1.3.0/examples/frdmkl46z/pin_mux.c.obj
                0x00003258                configure_lpsci_pins
 .text.PORT_HAL_SetMuxMode
                0x00003290       0x50 CMakeFiles/hello_world.dir/home/james/Downloads/KSDK_1.3.0/examples/frdmkl46z/board.c.obj
 .text.CLOCK_HAL_SetLpsciSrc
                0x000032e0       0x34 CMakeFiles/hello_world.dir/home/james/Downloads/KSDK_1.3.0/examples/frdmkl46z/board.c.obj
 .text.CLOCK_SYS_SetLpsciSrc
                0x00003314       0x28 CMakeFiles/hello_world.dir/home/james/Downloads/KSDK_1.3.0/examples/frdmkl46z/board.c.obj
 .text.SMC_HAL_SetProtection
                0x0000333c       0x20 CMakeFiles/hello_world.dir/home/james/Downloads/KSDK_1.3.0/examples/frdmkl46z/board.c.obj
 .text.BOARD_InitOsc0
                0x0000335c       0x3c CMakeFiles/hello_world.dir/home/james/Downloads/KSDK_1.3.0/examples/frdmkl46z/board.c.obj
                0x0000335c                BOARD_InitOsc0
 .text.CLOCK_SetBootConfig
                0x00003398       0x3c CMakeFiles/hello_world.dir/home/james/Downloads/KSDK_1.3.0/examples/frdmkl46z/board.c.obj
 .text.BOARD_ClockInit
                0x000033d4       0x44 CMakeFiles/hello_world.dir/home/james/Downloads/KSDK_1.3.0/examples/frdmkl46z/board.c.obj
                0x000033d4                BOARD_ClockInit
 .text.dbg_uart_init
                0x00003418       0x28 CMakeFiles/hello_world.dir/home/james/Downloads/KSDK_1.3.0/examples/frdmkl46z/board.c.obj
                0x00003418                dbg_uart_init
 .text.UART_HAL_EnableTransmitter
                0x00003440       0x20 CMakeFiles/hello_world.dir/home/james/Downloads/KSDK_1.3.0/platform/utilities/src/fsl_debug_console.c.obj
 .text.UART_HAL_EnableReceiver
                0x00003460       0x20 CMakeFiles/hello_world.dir/home/james/Downloads/KSDK_1.3.0/platform/utilities/src/fsl_debug_console.c.obj
 .text.UART_HAL_SetBitCountPerChar
                0x00003480       0x30 CMakeFiles/hello_world.dir/home/james/Downloads/KSDK_1.3.0/platform/utilities/src/fsl_debug_console.c.obj
 .text.UART_HAL_SetStopBitCount
                0x000034b0       0x2c CMakeFiles/hello_world.dir/home/james/Downloads/KSDK_1.3.0/platform/utilities/src/fsl_debug_console.c.obj
 .text.LPSCI_HAL_EnableTransmitter
                0x000034dc       0x20 CMakeFiles/hello_world.dir/home/james/Downloads/KSDK_1.3.0/platform/utilities/src/fsl_debug_console.c.obj
 .text.LPSCI_HAL_EnableReceiver
                0x000034fc       0x20 CMakeFiles/hello_world.dir/home/james/Downloads/KSDK_1.3.0/platform/utilities/src/fsl_debug_console.c.obj
 .text.LPSCI_HAL_SetBitCountPerChar
                0x0000351c       0x30 CMakeFiles/hello_world.dir/home/james/Downloads/KSDK_1.3.0/platform/utilities/src/fsl_debug_console.c.obj
 .text.LPSCI_HAL_SetStopBitCount
                0x0000354c       0x2c CMakeFiles/hello_world.dir/home/james/Downloads/KSDK_1.3.0/platform/utilities/src/fsl_debug_console.c.obj
 .text.DbgConsole_Init
                0x00003578      0x158 CMakeFiles/hello_world.dir/home/james/Downloads/KSDK_1.3.0/platform/utilities/src/fsl_debug_console.c.obj
                0x00003578                DbgConsole_Init
 .text._write   0x000036d0       0x58 CMakeFiles/hello_world.dir/home/james/Downloads/KSDK_1.3.0/platform/utilities/src/fsl_debug_console.c.obj
                0x000036d0                _write
 .text._read    0x00003728       0x44 CMakeFiles/hello_world.dir/home/james/Downloads/KSDK_1.3.0/platform/utilities/src/fsl_debug_console.c.obj
                0x00003728                _read
 .text.debug_printf
                0x0000376c       0x4c CMakeFiles/hello_world.dir/home/james/Downloads/KSDK_1.3.0/platform/utilities/src/fsl_debug_console.c.obj
                0x0000376c                debug_printf
 .text.debug_putc
                0x000037b8       0x44 CMakeFiles/hello_world.dir/home/james/Downloads/KSDK_1.3.0/platform/utilities/src/fsl_debug_console.c.obj
 .text._doprint
                0x000037fc      0x6c8 CMakeFiles/hello_world.dir/home/james/Downloads/KSDK_1.3.0/platform/utilities/src/print_scan.c.obj
                0x000037fc                _doprint
 .text.mknumstr
                0x00003ec4      0x10c CMakeFiles/hello_world.dir/home/james/Downloads/KSDK_1.3.0/platform/utilities/src/print_scan.c.obj
 .text.fput_pad
                0x00003fd0       0x44 CMakeFiles/hello_world.dir/home/james/Downloads/KSDK_1.3.0/platform/utilities/src/print_scan.c.obj
 .text.SystemInit
                0x00004014       0x18 CMakeFiles/hello_world.dir/home/james/Downloads/KSDK_1.3.0/platform/devices/MKL46Z4/startup/system_MKL46Z4.c.obj
                0x00004014                SystemInit
 .text.init_data_bss
                0x0000402c       0xc8 CMakeFiles/hello_world.dir/home/james/Downloads/KSDK_1.3.0/platform/devices/startup.c.obj
                0x0000402c                init_data_bss
 .text.CLOCK_HAL_SetClkOutSrc
                0x000040f4       0x30 ../../../../../lib/ksdk_platform_lib/armgcc/KL46Z4/debug/libksdk_platform.a(fsl_clock_manager.c.obj)
 .text.CLOCK_HAL_SetClksFrdivIrefs
                0x00004124       0x68 ../../../../../lib/ksdk_platform_lib/armgcc/KL46Z4/debug/libksdk_platform.a(fsl_clock_manager.c.obj)
 .text.CLOCK_HAL_GetClkOutStat
                0x0000418c       0x24 ../../../../../lib/ksdk_platform_lib/armgcc/KL46Z4/debug/libksdk_platform.a(fsl_clock_manager.c.obj)
 .text.CLOCK_HAL_GetFllSrc
                0x000041b0       0x20 ../../../../../lib/ksdk_platform_lib/armgcc/KL46Z4/debug/libksdk_platform.a(fsl_clock_manager.c.obj)
 .text.CLOCK_HAL_IsOsc0Stable
                0x000041d0       0x28 ../../../../../lib/ksdk_platform_lib/armgcc/KL46Z4/debug/libksdk_platform.a(fsl_clock_manager.c.obj)
 .text.OSC_HAL_SetExternalRefClkCmd
                0x000041f8       0x2c ../../../../../lib/ksdk_platform_lib/armgcc/KL46Z4/debug/libksdk_platform.a(fsl_clock_manager.c.obj)
 .text.OSC_HAL_SetExternalRefClkInStopModeCmd
                0x00004224       0x2c ../../../../../lib/ksdk_platform_lib/armgcc/KL46Z4/debug/libksdk_platform.a(fsl_clock_manager.c.obj)
 .text.CLOCK_SYS_BootToPee
                0x00004250       0xd0 ../../../../../lib/ksdk_platform_lib/armgcc/KL46Z4/debug/libksdk_platform.a(fsl_clock_manager.c.obj)
                0x00004250                CLOCK_SYS_BootToPee
 .text.CLOCK_SYS_OscInit
                0x00004320       0xf4 ../../../../../lib/ksdk_platform_lib/armgcc/KL46Z4/debug/libksdk_platform.a(fsl_clock_manager.c.obj)
                0x00004320                CLOCK_SYS_OscInit
 .text.CLOCK_SYS_SetOscerConfigration
                0x00004414       0x40 ../../../../../lib/ksdk_platform_lib/armgcc/KL46Z4/debug/libksdk_platform.a(fsl_clock_manager.c.obj)
                0x00004414                CLOCK_SYS_SetOscerConfigration
 .text.SIM_HAL_EnableClock
                0x00004454       0x5c ../../../../../lib/ksdk_platform_lib/armgcc/KL46Z4/debug/libksdk_platform.a(fsl_clock_MKL46Z4.c.obj)
 .text.CLOCK_HAL_GetLpsciSrc
                0x000044b0       0x2c ../../../../../lib/ksdk_platform_lib/armgcc/KL46Z4/debug/libksdk_platform.a(fsl_clock_MKL46Z4.c.obj)
 .text.CLOCK_HAL_SetExternalRefClock32kSrc
                0x000044dc       0x2c ../../../../../lib/ksdk_platform_lib/armgcc/KL46Z4/debug/libksdk_platform.a(fsl_clock_MKL46Z4.c.obj)
 .text.CLOCK_HAL_SetPllfllSel
                0x00004508       0x34 ../../../../../lib/ksdk_platform_lib/armgcc/KL46Z4/debug/libksdk_platform.a(fsl_clock_MKL46Z4.c.obj)
 .text.CLOCK_HAL_GetPllfllSel
                0x0000453c       0x28 ../../../../../lib/ksdk_platform_lib/armgcc/KL46Z4/debug/libksdk_platform.a(fsl_clock_MKL46Z4.c.obj)
 .text.CLOCK_HAL_GetOutDiv1
                0x00004564       0x2c ../../../../../lib/ksdk_platform_lib/armgcc/KL46Z4/debug/libksdk_platform.a(fsl_clock_MKL46Z4.c.obj)
 .text.CLOCK_HAL_GetOutDiv4
                0x00004590       0x2c ../../../../../lib/ksdk_platform_lib/armgcc/KL46Z4/debug/libksdk_platform.a(fsl_clock_MKL46Z4.c.obj)
 .text.OSC_HAL_GetExternalRefClkCmd
                0x000045bc       0x24 ../../../../../lib/ksdk_platform_lib/armgcc/KL46Z4/debug/libksdk_platform.a(fsl_clock_MKL46Z4.c.obj)
 .text.CLOCK_SYS_SetSimConfigration
                0x000045e0       0x44 ../../../../../lib/ksdk_platform_lib/armgcc/KL46Z4/debug/libksdk_platform.a(fsl_clock_MKL46Z4.c.obj)
                0x000045e0                CLOCK_SYS_SetSimConfigration
 .text.CLOCK_SYS_GetSystemClockFreq
                0x00004624       0x34 ../../../../../lib/ksdk_platform_lib/armgcc/KL46Z4/debug/libksdk_platform.a(fsl_clock_MKL46Z4.c.obj)
                0x00004624                CLOCK_SYS_GetSystemClockFreq
 .text.CLOCK_SYS_GetBusClockFreq
                0x00004658       0x2c ../../../../../lib/ksdk_platform_lib/armgcc/KL46Z4/debug/libksdk_platform.a(fsl_clock_MKL46Z4.c.obj)
                0x00004658                CLOCK_SYS_GetBusClockFreq
 .text.CLOCK_SYS_GetPllFllClockFreq
                0x00004684       0x5c ../../../../../lib/ksdk_platform_lib/armgcc/KL46Z4/debug/libksdk_platform.a(fsl_clock_MKL46Z4.c.obj)
                0x00004684                CLOCK_SYS_GetPllFllClockFreq
 .text.CLOCK_SYS_GetOsc0ExternalRefClockFreq
                0x000046e0       0x28 ../../../../../lib/ksdk_platform_lib/armgcc/KL46Z4/debug/libksdk_platform.a(fsl_clock_MKL46Z4.c.obj)
                0x000046e0                CLOCK_SYS_GetOsc0ExternalRefClockFreq
 .text.CLOCK_SYS_GetLpsciFreq
                0x00004708       0x68 ../../../../../lib/ksdk_platform_lib/armgcc/KL46Z4/debug/libksdk_platform.a(fsl_clock_MKL46Z4.c.obj)
                0x00004708                CLOCK_SYS_GetLpsciFreq
 .text.CLOCK_SYS_GetUartFreq
                0x00004770       0x2c ../../../../../lib/ksdk_platform_lib/armgcc/KL46Z4/debug/libksdk_platform.a(fsl_clock_MKL46Z4.c.obj)
                0x00004770                CLOCK_SYS_GetUartFreq
 .text.CLOCK_SYS_EnablePortClock
                0x0000479c       0x4c ../../../../../lib/ksdk_platform_lib/armgcc/KL46Z4/debug/libksdk_platform.a(fsl_clock_MKL46Z4.c.obj)
                0x0000479c                CLOCK_SYS_EnablePortClock
 .text.CLOCK_SYS_EnableLpsciClock
                0x000047e8       0x44 ../../../../../lib/ksdk_platform_lib/armgcc/KL46Z4/debug/libksdk_platform.a(fsl_clock_MKL46Z4.c.obj)
                0x000047e8                CLOCK_SYS_EnableLpsciClock
 .text.CLOCK_SYS_EnableUartClock
                0x0000482c       0x4c ../../../../../lib/ksdk_platform_lib/armgcc/KL46Z4/debug/libksdk_platform.a(fsl_clock_MKL46Z4.c.obj)
                0x0000482c                CLOCK_SYS_EnableUartClock
 .text.LPSCI_HAL_Putchar
                0x00004878       0x20 ../../../../../lib/ksdk_platform_lib/armgcc/KL46Z4/debug/libksdk_platform.a(fsl_lpsci_hal.c.obj)
 .text.LPSCI_HAL_Getchar
                0x00004898       0x1c ../../../../../lib/ksdk_platform_lib/armgcc/KL46Z4/debug/libksdk_platform.a(fsl_lpsci_hal.c.obj)
 .text.LPSCI_HAL_SetBaudRate
                0x000048b4      0x154 ../../../../../lib/ksdk_platform_lib/armgcc/KL46Z4/debug/libksdk_platform.a(fsl_lpsci_hal.c.obj)
                0x000048b4                LPSCI_HAL_SetBaudRate
 .text.LPSCI_HAL_SetParityMode
                0x00004a08       0x4c ../../../../../lib/ksdk_platform_lib/armgcc/KL46Z4/debug/libksdk_platform.a(fsl_lpsci_hal.c.obj)
                0x00004a08                LPSCI_HAL_SetParityMode
 .text.LPSCI_HAL_SendDataPolling
                0x00004a54       0x48 ../../../../../lib/ksdk_platform_lib/armgcc/KL46Z4/debug/libksdk_platform.a(fsl_lpsci_hal.c.obj)
                0x00004a54                LPSCI_HAL_SendDataPolling
 .text.LPSCI_HAL_ReceiveDataPolling
                0x00004a9c       0x8c ../../../../../lib/ksdk_platform_lib/armgcc/KL46Z4/debug/libksdk_platform.a(fsl_lpsci_hal.c.obj)
                0x00004a9c                LPSCI_HAL_ReceiveDataPolling
 .text.LPTMR_HAL_ClearIntFlag
                0x00004b28       0x20 ../../../../../lib/ksdk_platform_lib/armgcc/KL46Z4/debug/libksdk_platform.a(fsl_lptmr_driver.c.obj)
 .text.SIM_HAL_GetGateCmd
                0x00004b48       0x54 ../../../../../lib/ksdk_platform_lib/armgcc/KL46Z4/debug/libksdk_platform.a(fsl_lptmr_driver.c.obj)
 .text.CLOCK_SYS_GetLptmrGateCmd
                0x00004b9c       0x20 ../../../../../lib/ksdk_platform_lib/armgcc/KL46Z4/debug/libksdk_platform.a(fsl_lptmr_driver.c.obj)
 .text.LPTMR_DRV_IRQHandler
                0x00004bbc       0x94 ../../../../../lib/ksdk_platform_lib/armgcc/KL46Z4/debug/libksdk_platform.a(fsl_lptmr_driver.c.obj)
                0x00004bbc                LPTMR_DRV_IRQHandler
 .text.CLOCK_HAL_GetClkOutStat
                0x00004c50       0x24 ../../../../../lib/ksdk_platform_lib/armgcc/KL46Z4/debug/libksdk_platform.a(fsl_mcg_hal.c.obj)
 .text.CLOCK_HAL_SetInternalRefClkMode
                0x00004c74       0x2c ../../../../../lib/ksdk_platform_lib/armgcc/KL46Z4/debug/libksdk_platform.a(fsl_mcg_hal.c.obj)
 .text.CLOCK_HAL_GetInternalRefClkMode
                0x00004ca0       0x20 ../../../../../lib/ksdk_platform_lib/armgcc/KL46Z4/debug/libksdk_platform.a(fsl_mcg_hal.c.obj)
 .text.CLOCK_HAL_IsPllSelected
                0x00004cc0       0x28 ../../../../../lib/ksdk_platform_lib/armgcc/KL46Z4/debug/libksdk_platform.a(fsl_mcg_hal.c.obj)
 .text.CLOCK_HAL_IsOsc0Stable
                0x00004ce8       0x28 ../../../../../lib/ksdk_platform_lib/armgcc/KL46Z4/debug/libksdk_platform.a(fsl_mcg_hal.c.obj)
 .text.CLOCK_HAL_PrepareOsc
                0x00004d10       0x44 ../../../../../lib/ksdk_platform_lib/armgcc/KL46Z4/debug/libksdk_platform.a(fsl_mcg_hal.c.obj)
                0x00004d10                CLOCK_HAL_PrepareOsc
 .text.CLOCK_HAL_GetMcgExternalClkFreq
                0x00004d54       0x18 ../../../../../lib/ksdk_platform_lib/armgcc/KL46Z4/debug/libksdk_platform.a(fsl_mcg_hal.c.obj)
 .text.CLOCK_HAL_TestFllExternalRefFreq
                0x00004d6c       0x78 ../../../../../lib/ksdk_platform_lib/armgcc/KL46Z4/debug/libksdk_platform.a(fsl_mcg_hal.c.obj)
                0x00004d6c                CLOCK_HAL_TestFllExternalRefFreq
 .text.CLOCK_HAL_GetFllRefClk
                0x00004de4       0x94 ../../../../../lib/ksdk_platform_lib/armgcc/KL46Z4/debug/libksdk_platform.a(fsl_mcg_hal.c.obj)
                0x00004de4                CLOCK_HAL_GetFllRefClk
 .text.CLOCK_HAL_TestFllFreq
                0x00004e78       0x6c ../../../../../lib/ksdk_platform_lib/armgcc/KL46Z4/debug/libksdk_platform.a(fsl_mcg_hal.c.obj)
                0x00004e78                CLOCK_HAL_TestFllFreq
 .text.CLOCK_HAL_GetFllClk
                0x00004ee4       0x80 ../../../../../lib/ksdk_platform_lib/armgcc/KL46Z4/debug/libksdk_platform.a(fsl_mcg_hal.c.obj)
                0x00004ee4                CLOCK_HAL_GetFllClk
 .text.CLOCK_HAL_UpdateFastClkInternalRefDiv
                0x00004f64       0xbc ../../../../../lib/ksdk_platform_lib/armgcc/KL46Z4/debug/libksdk_platform.a(fsl_mcg_hal.c.obj)
                0x00004f64                CLOCK_HAL_UpdateFastClkInternalRefDiv
 .text.CLOCK_HAL_UpdateInternalRefClk
                0x00005020       0x90 ../../../../../lib/ksdk_platform_lib/armgcc/KL46Z4/debug/libksdk_platform.a(fsl_mcg_hal.c.obj)
                0x00005020                CLOCK_HAL_UpdateInternalRefClk
 .text.CLOCK_HAL_GetPll0RefFreq
                0x000050b0       0x1c ../../../../../lib/ksdk_platform_lib/armgcc/KL46Z4/debug/libksdk_platform.a(fsl_mcg_hal.c.obj)
                0x000050b0                CLOCK_HAL_GetPll0RefFreq
 .text.CLOCK_HAL_GetPll0Clk
                0x000050cc       0x98 ../../../../../lib/ksdk_platform_lib/armgcc/KL46Z4/debug/libksdk_platform.a(fsl_mcg_hal.c.obj)
                0x000050cc                CLOCK_HAL_GetPll0Clk
 .text.CLOCK_HAL_GetInternalRefClk
                0x00005164       0x68 ../../../../../lib/ksdk_platform_lib/armgcc/KL46Z4/debug/libksdk_platform.a(fsl_mcg_hal.c.obj)
                0x00005164                CLOCK_HAL_GetInternalRefClk
 .text.CLOCK_HAL_GetOutClk
                0x000051cc       0x7c ../../../../../lib/ksdk_platform_lib/armgcc/KL46Z4/debug/libksdk_platform.a(fsl_mcg_hal.c.obj)
                0x000051cc                CLOCK_HAL_GetOutClk
 .text.CLOCK_HAL_SetOsc0Mode
                0x00005248       0x70 ../../../../../lib/ksdk_platform_lib/armgcc/KL46Z4/debug/libksdk_platform.a(fsl_mcg_hal.c.obj)
                0x00005248                CLOCK_HAL_SetOsc0Mode
 .text.CLOCK_HAL_GetClkOutStat
                0x000052b8       0x24 ../../../../../lib/ksdk_platform_lib/armgcc/KL46Z4/debug/libksdk_platform.a(fsl_mcg_hal_modes.c.obj)
 .text.CLOCK_HAL_SetPll0EnableCmd
                0x000052dc       0x30 ../../../../../lib/ksdk_platform_lib/armgcc/KL46Z4/debug/libksdk_platform.a(fsl_mcg_hal_modes.c.obj)
 .text.CLOCK_HAL_IsPll0Locked
                0x0000530c       0x28 ../../../../../lib/ksdk_platform_lib/armgcc/KL46Z4/debug/libksdk_platform.a(fsl_mcg_hal_modes.c.obj)
 .text.CLOCK_HAL_IsPllSelected
                0x00005334       0x28 ../../../../../lib/ksdk_platform_lib/armgcc/KL46Z4/debug/libksdk_platform.a(fsl_mcg_hal_modes.c.obj)
 .text.CLOCK_HAL_SetPbeMode
                0x0000535c      0x110 ../../../../../lib/ksdk_platform_lib/armgcc/KL46Z4/debug/libksdk_platform.a(fsl_mcg_hal_modes.c.obj)
                0x0000535c                CLOCK_HAL_SetPbeMode
 .text.OSC_HAL_SetCapacitor
                0x0000546c       0x2c ../../../../../lib/ksdk_platform_lib/armgcc/KL46Z4/debug/libksdk_platform.a(fsl_osc_hal.c.obj)
                0x0000546c                OSC_HAL_SetCapacitor
 .text.CLOCK_HAL_SetOutDiv
                0x00005498       0x58 ../../../../../lib/ksdk_platform_lib/armgcc/KL46Z4/debug/libksdk_platform.a(fsl_sim_hal_MKL46Z4.c.obj)
                0x00005498                CLOCK_HAL_SetOutDiv
 .text.UART_HAL_SetBaudRate
                0x000054f0       0x70 ../../../../../lib/ksdk_platform_lib/armgcc/KL46Z4/debug/libksdk_platform.a(fsl_uart_hal.c.obj)
                0x000054f0                UART_HAL_SetBaudRate
 .text.UART_HAL_SetParityMode
                0x00005560       0x4c ../../../../../lib/ksdk_platform_lib/armgcc/KL46Z4/debug/libksdk_platform.a(fsl_uart_hal.c.obj)
                0x00005560                UART_HAL_SetParityMode
 .text.UART_HAL_Putchar
                0x000055ac       0x38 ../../../../../lib/ksdk_platform_lib/armgcc/KL46Z4/debug/libksdk_platform.a(fsl_uart_hal.c.obj)
                0x000055ac                UART_HAL_Putchar
 .text.UART_HAL_Getchar
                0x000055e4       0x34 ../../../../../lib/ksdk_platform_lib/armgcc/KL46Z4/debug/libksdk_platform.a(fsl_uart_hal.c.obj)
                0x000055e4                UART_HAL_Getchar
 .text.UART_HAL_SendDataPolling
                0x00005618       0x48 ../../../../../lib/ksdk_platform_lib/armgcc/KL46Z4/debug/libksdk_platform.a(fsl_uart_hal.c.obj)
                0x00005618                UART_HAL_SendDataPolling
 .text.UART_HAL_ReceiveDataPolling
                0x00005660       0xa8 ../../../../../lib/ksdk_platform_lib/armgcc/KL46Z4/debug/libksdk_platform.a(fsl_uart_hal.c.obj)
                0x00005660                UART_HAL_ReceiveDataPolling
 .text.abs      0x00005708        0x8 /home/james/Downloads/gcc-arm-none-eabi-5_4-2016q3/bin/../lib/gcc/arm-none-eabi/5.4.1/../../../../arm-none-eabi/lib/armv6-m/libc_nano.a(lib_a-abs.o)
                0x00005708                abs
 .text.__assert_func
                0x00005710       0x40 /home/james/Downloads/gcc-arm-none-eabi-5_4-2016q3/bin/../lib/gcc/arm-none-eabi/5.4.1/../../../../arm-none-eabi/lib/armv6-m/libc_nano.a(lib_a-assert.o)
                0x00005710                __assert_func
 .text.__errno  0x00005750        0xc /home/james/Downloads/gcc-arm-none-eabi-5_4-2016q3/bin/../lib/gcc/arm-none-eabi/5.4.1/../../../../arm-none-eabi/lib/armv6-m/libc_nano.a(lib_a-errno.o)
                0x00005750                __errno
 .text.exit     0x0000575c       0x2c /home/james/Downloads/gcc-arm-none-eabi-5_4-2016q3/bin/../lib/gcc/arm-none-eabi/5.4.1/../../../../arm-none-eabi/lib/armv6-m/libc_nano.a(lib_a-exit.o)
                0x0000575c                exit
 .text.fprintf  0x00005788       0x20 /home/james/Downloads/gcc-arm-none-eabi-5_4-2016q3/bin/../lib/gcc/arm-none-eabi/5.4.1/../../../../arm-none-eabi/lib/armv6-m/libc_nano.a(lib_a-fprintf.o)
                0x00005788                fprintf
                0x00005788                fiprintf
 .text.__libc_init_array
                0x000057a8       0x4c /home/james/Downloads/gcc-arm-none-eabi-5_4-2016q3/bin/../lib/gcc/arm-none-eabi/5.4.1/../../../../arm-none-eabi/lib/armv6-m/libc_nano.a(lib_a-init.o)
                0x000057a8                __libc_init_array
 .text.malloc   0x000057f4       0x14 /home/james/Downloads/gcc-arm-none-eabi-5_4-2016q3/bin/../lib/gcc/arm-none-eabi/5.4.1/../../../../arm-none-eabi/lib/armv6-m/libc_nano.a(lib_a-malloc.o)
                0x000057f4                malloc
 .text.free     0x00005808       0x14 /home/james/Downloads/gcc-arm-none-eabi-5_4-2016q3/bin/../lib/gcc/arm-none-eabi/5.4.1/../../../../arm-none-eabi/lib/armv6-m/libc_nano.a(lib_a-malloc.o)
                0x00005808                free
 .text.memcpy   0x0000581c       0x12 /home/james/Downloads/gcc-arm-none-eabi-5_4-2016q3/bin/../lib/gcc/arm-none-eabi/5.4.1/../../../../arm-none-eabi/lib/armv6-m/libc_nano.a(lib_a-memcpy-stub.o)
                0x0000581c                memcpy
 .text.memset   0x0000582e       0x10 /home/james/Downloads/gcc-arm-none-eabi-5_4-2016q3/bin/../lib/gcc/arm-none-eabi/5.4.1/../../../../arm-none-eabi/lib/armv6-m/libc_nano.a(lib_a-memset.o)
                0x0000582e                memset
 *fill*         0x0000583e        0x2 
 .text._free_r  0x00005840       0x98 /home/james/Downloads/gcc-arm-none-eabi-5_4-2016q3/bin/../lib/gcc/arm-none-eabi/5.4.1/../../../../arm-none-eabi/lib/armv6-m/libc_nano.a(lib_a-nano-freer.o)
                0x00005840                _free_r
 .text._malloc_r
                0x000058d8       0xc0 /home/james/Downloads/gcc-arm-none-eabi-5_4-2016q3/bin/../lib/gcc/arm-none-eabi/5.4.1/../../../../arm-none-eabi/lib/armv6-m/libc_nano.a(lib_a-nano-mallocr.o)
                0x000058d8                _malloc_r
 .text.__sfputc_r
                0x00005998       0x2a /home/james/Downloads/gcc-arm-none-eabi-5_4-2016q3/bin/../lib/gcc/arm-none-eabi/5.4.1/../../../../arm-none-eabi/lib/armv6-m/libc_nano.a(lib_a-nano-vfprintf.o)
 .text.__sfputs_r
                0x000059c2       0x24 /home/james/Downloads/gcc-arm-none-eabi-5_4-2016q3/bin/../lib/gcc/arm-none-eabi/5.4.1/../../../../arm-none-eabi/lib/armv6-m/libc_nano.a(lib_a-nano-vfprintf.o)
                0x000059c2                __sfputs_r
 *fill*         0x000059e6        0x2 
 .text._vfprintf_r
                0x000059e8      0x238 /home/james/Downloads/gcc-arm-none-eabi-5_4-2016q3/bin/../lib/gcc/arm-none-eabi/5.4.1/../../../../arm-none-eabi/lib/armv6-m/libc_nano.a(lib_a-nano-vfprintf.o)
                0x000059e8                _vfiprintf_r
                0x000059e8                _vfprintf_r
 .text._printf_common
                0x00005c20       0xdc /home/james/Downloads/gcc-arm-none-eabi-5_4-2016q3/bin/../lib/gcc/arm-none-eabi/5.4.1/../../../../arm-none-eabi/lib/armv6-m/libc_nano.a(lib_a-nano-vfprintf_i.o)
                0x00005c20                _printf_common
 .text._printf_i
                0x00005cfc      0x244 /home/james/Downloads/gcc-arm-none-eabi-5_4-2016q3/bin/../lib/gcc/arm-none-eabi/5.4.1/../../../../arm-none-eabi/lib/armv6-m/libc_nano.a(lib_a-nano-vfprintf_i.o)
                0x00005cfc                _printf_i
 .text._sbrk_r  0x00005f40       0x24 /home/james/Downloads/gcc-arm-none-eabi-5_4-2016q3/bin/../lib/gcc/arm-none-eabi/5.4.1/../../../../arm-none-eabi/lib/armv6-m/libc_nano.a(lib_a-sbrkr.o)
                0x00005f40                _sbrk_r
 .text.__swbuf_r
                0x00005f64       0xac /home/james/Downloads/gcc-arm-none-eabi-5_4-2016q3/bin/../lib/gcc/arm-none-eabi/5.4.1/../../../../arm-none-eabi/lib/armv6-m/libc_nano.a(lib_a-wbuf.o)
                0x00005f64                __swbuf_r
 .text.__swsetup_r
                0x00006010       0xec /home/james/Downloads/gcc-arm-none-eabi-5_4-2016q3/bin/../lib/gcc/arm-none-eabi/5.4.1/../../../../arm-none-eabi/lib/armv6-m/libc_nano.a(lib_a-wsetup.o)
                0x00006010                __swsetup_r
 .text.abort    0x000060fc        0xe /home/james/Downloads/gcc-arm-none-eabi-5_4-2016q3/bin/../lib/gcc/arm-none-eabi/5.4.1/../../../../arm-none-eabi/lib/armv6-m/libc_nano.a(lib_a-abort.o)
                0x000060fc                abort
 *fill*         0x0000610a        0x2 
 .text.__sflush_r
                0x0000610c      0x10c /home/james/Downloads/gcc-arm-none-eabi-5_4-2016q3/bin/../lib/gcc/arm-none-eabi/5.4.1/../../../../arm-none-eabi/lib/armv6-m/libc_nano.a(lib_a-fflush.o)
                0x0000610c                __sflush_r
 .text._fflush_r
                0x00006218       0x58 /home/james/Downloads/gcc-arm-none-eabi-5_4-2016q3/bin/../lib/gcc/arm-none-eabi/5.4.1/../../../../arm-none-eabi/lib/armv6-m/libc_nano.a(lib_a-fflush.o)
                0x00006218                _fflush_r
 .text._cleanup_r
                0x00006270       0x10 /home/james/Downloads/gcc-arm-none-eabi-5_4-2016q3/bin/../lib/gcc/arm-none-eabi/5.4.1/../../../../arm-none-eabi/lib/armv6-m/libc_nano.a(lib_a-findfp.o)
                0x00006270                _cleanup_r
 .text.std.isra.0
                0x00006280       0x48 /home/james/Downloads/gcc-arm-none-eabi-5_4-2016q3/bin/../lib/gcc/arm-none-eabi/5.4.1/../../../../arm-none-eabi/lib/armv6-m/libc_nano.a(lib_a-findfp.o)
 .text.__sfmoreglue
                0x000062c8       0x2c /home/james/Downloads/gcc-arm-none-eabi-5_4-2016q3/bin/../lib/gcc/arm-none-eabi/5.4.1/../../../../arm-none-eabi/lib/armv6-m/libc_nano.a(lib_a-findfp.o)
                0x000062c8                __sfmoreglue
 .text.__sinit  0x000062f4       0x68 /home/james/Downloads/gcc-arm-none-eabi-5_4-2016q3/bin/../lib/gcc/arm-none-eabi/5.4.1/../../../../arm-none-eabi/lib/armv6-m/libc_nano.a(lib_a-findfp.o)
                0x000062f4                __sinit
 .text.__sfp    0x0000635c       0x7c /home/james/Downloads/gcc-arm-none-eabi-5_4-2016q3/bin/../lib/gcc/arm-none-eabi/5.4.1/../../../../arm-none-eabi/lib/armv6-m/libc_nano.a(lib_a-findfp.o)
                0x0000635c                __sfp
 .text._fwalk_reent
                0x000063d8       0x42 /home/james/Downloads/gcc-arm-none-eabi-5_4-2016q3/bin/../lib/gcc/arm-none-eabi/5.4.1/../../../../arm-none-eabi/lib/armv6-m/libc_nano.a(lib_a-fwalk.o)
                0x000063d8                _fwalk_reent
 *fill*         0x0000641a        0x2 
 .text.__swhatbuf_r
                0x0000641c       0x4c /home/james/Downloads/gcc-arm-none-eabi-5_4-2016q3/bin/../lib/gcc/arm-none-eabi/5.4.1/../../../../arm-none-eabi/lib/armv6-m/libc_nano.a(lib_a-makebuf.o)
                0x0000641c                __swhatbuf_r
 .text.__smakebuf_r
                0x00006468       0x7c /home/james/Downloads/gcc-arm-none-eabi-5_4-2016q3/bin/../lib/gcc/arm-none-eabi/5.4.1/../../../../arm-none-eabi/lib/armv6-m/libc_nano.a(lib_a-makebuf.o)
                0x00006468                __smakebuf_r
 .text.memchr   0x000064e4       0x16 /home/james/Downloads/gcc-arm-none-eabi-5_4-2016q3/bin/../lib/gcc/arm-none-eabi/5.4.1/../../../../arm-none-eabi/lib/armv6-m/libc_nano.a(lib_a-memchr-stub.o)
                0x000064e4                memchr
 .text.__malloc_lock
                0x000064fa        0x2 /home/james/Downloads/gcc-arm-none-eabi-5_4-2016q3/bin/../lib/gcc/arm-none-eabi/5.4.1/../../../../arm-none-eabi/lib/armv6-m/libc_nano.a(lib_a-mlock.o)
                0x000064fa                __malloc_lock
 .text.__malloc_unlock
                0x000064fc        0x2 /home/james/Downloads/gcc-arm-none-eabi-5_4-2016q3/bin/../lib/gcc/arm-none-eabi/5.4.1/../../../../arm-none-eabi/lib/armv6-m/libc_nano.a(lib_a-mlock.o)
                0x000064fc                __malloc_unlock
 .text._raise_r
                0x000064fe       0x54 /home/james/Downloads/gcc-arm-none-eabi-5_4-2016q3/bin/../lib/gcc/arm-none-eabi/5.4.1/../../../../arm-none-eabi/lib/armv6-m/libc_nano.a(lib_a-signal.o)
                0x000064fe                _raise_r
 *fill*         0x00006552        0x2 
 .text.raise    0x00006554       0x14 /home/james/Downloads/gcc-arm-none-eabi-5_4-2016q3/bin/../lib/gcc/arm-none-eabi/5.4.1/../../../../arm-none-eabi/lib/armv6-m/libc_nano.a(lib_a-signal.o)
                0x00006554                raise
 .text._kill_r  0x00006568       0x24 /home/james/Downloads/gcc-arm-none-eabi-5_4-2016q3/bin/../lib/gcc/arm-none-eabi/5.4.1/../../../../arm-none-eabi/lib/armv6-m/libc_nano.a(lib_a-signalr.o)
                0x00006568                _kill_r
 .text._getpid_r
                0x0000658c        0x8 /home/james/Downloads/gcc-arm-none-eabi-5_4-2016q3/bin/../lib/gcc/arm-none-eabi/5.4.1/../../../../arm-none-eabi/lib/armv6-m/libc_nano.a(lib_a-signalr.o)
                0x0000658c                _getpid_r
 .text.__sread  0x00006594       0x28 /home/james/Downloads/gcc-arm-none-eabi-5_4-2016q3/bin/../lib/gcc/arm-none-eabi/5.4.1/../../../../arm-none-eabi/lib/armv6-m/libc_nano.a(lib_a-stdio.o)
                0x00006594                __sread
 .text.__swrite
                0x000065bc       0x38 /home/james/Downloads/gcc-arm-none-eabi-5_4-2016q3/bin/../lib/gcc/arm-none-eabi/5.4.1/../../../../arm-none-eabi/lib/armv6-m/libc_nano.a(lib_a-stdio.o)
                0x000065bc                __swrite
 .text.__sseek  0x000065f4       0x2c /home/james/Downloads/gcc-arm-none-eabi-5_4-2016q3/bin/../lib/gcc/arm-none-eabi/5.4.1/../../../../arm-none-eabi/lib/armv6-m/libc_nano.a(lib_a-stdio.o)
                0x000065f4                __sseek
 .text.__sclose
                0x00006620        0xc /home/james/Downloads/gcc-arm-none-eabi-5_4-2016q3/bin/../lib/gcc/arm-none-eabi/5.4.1/../../../../arm-none-eabi/lib/armv6-m/libc_nano.a(lib_a-stdio.o)
                0x00006620                __sclose
 .text._write_r
                0x0000662c       0x28 /home/james/Downloads/gcc-arm-none-eabi-5_4-2016q3/bin/../lib/gcc/arm-none-eabi/5.4.1/../../../../arm-none-eabi/lib/armv6-m/libc_nano.a(lib_a-writer.o)
                0x0000662c                _write_r
 .text._close_r
                0x00006654       0x24 /home/james/Downloads/gcc-arm-none-eabi-5_4-2016q3/bin/../lib/gcc/arm-none-eabi/5.4.1/../../../../arm-none-eabi/lib/armv6-m/libc_nano.a(lib_a-closer.o)
                0x00006654                _close_r
 .text._fstat_r
                0x00006678       0x24 /home/james/Downloads/gcc-arm-none-eabi-5_4-2016q3/bin/../lib/gcc/arm-none-eabi/5.4.1/../../../../arm-none-eabi/lib/armv6-m/libc_nano.a(lib_a-fstatr.o)
                0x00006678                _fstat_r
 .text._isatty_r
                0x0000669c       0x24 /home/james/Downloads/gcc-arm-none-eabi-5_4-2016q3/bin/../lib/gcc/arm-none-eabi/5.4.1/../../../../arm-none-eabi/lib/armv6-m/libc_nano.a(lib_a-isattyr.o)
                0x0000669c                _isatty_r
 .text._lseek_r
                0x000066c0       0x28 /home/james/Downloads/gcc-arm-none-eabi-5_4-2016q3/bin/../lib/gcc/arm-none-eabi/5.4.1/../../../../arm-none-eabi/lib/armv6-m/libc_nano.a(lib_a-lseekr.o)
                0x000066c0                _lseek_r
 .text._read_r  0x000066e8       0x28 /home/james/Downloads/gcc-arm-none-eabi-5_4-2016q3/bin/../lib/gcc/arm-none-eabi/5.4.1/../../../../arm-none-eabi/lib/armv6-m/libc_nano.a(lib_a-readr.o)
                0x000066e8                _read_r
 .text._close   0x00006710       0x10 /home/james/Downloads/gcc-arm-none-eabi-5_4-2016q3/bin/../lib/gcc/arm-none-eabi/5.4.1/../../../../arm-none-eabi/lib/armv6-m/libnosys.a(close.o)
                0x00006710                _close
 .text._fstat   0x00006720       0x10 /home/james/Downloads/gcc-arm-none-eabi-5_4-2016q3/bin/../lib/gcc/arm-none-eabi/5.4.1/../../../../arm-none-eabi/lib/armv6-m/libnosys.a(fstat.o)
                0x00006720                _fstat
 .text._getpid  0x00006730       0x10 /home/james/Downloads/gcc-arm-none-eabi-5_4-2016q3/bin/../lib/gcc/arm-none-eabi/5.4.1/../../../../arm-none-eabi/lib/armv6-m/libnosys.a(getpid.o)
                0x00006730                _getpid
 .text._isatty  0x00006740       0x10 /home/james/Downloads/gcc-arm-none-eabi-5_4-2016q3/bin/../lib/gcc/arm-none-eabi/5.4.1/../../../../arm-none-eabi/lib/armv6-m/libnosys.a(isatty.o)
                0x00006740                _isatty
 .text._kill    0x00006750       0x10 /home/james/Downloads/gcc-arm-none-eabi-5_4-2016q3/bin/../lib/gcc/arm-none-eabi/5.4.1/../../../../arm-none-eabi/lib/armv6-m/libnosys.a(kill.o)
                0x00006750                _kill
 .text._lseek   0x00006760       0x10 /home/james/Downloads/gcc-arm-none-eabi-5_4-2016q3/bin/../lib/gcc/arm-none-eabi/5.4.1/../../../../arm-none-eabi/lib/armv6-m/libnosys.a(lseek.o)
                0x00006760                _lseek
 .text._exit    0x00006770        0x4 /home/james/Downloads/gcc-arm-none-eabi-5_4-2016q3/bin/../lib/gcc/arm-none-eabi/5.4.1/../../../../arm-none-eabi/lib/armv6-m/libnosys.a(_exit.o)
                0x00006770                _exit
 *(.rodata)
 .rodata        0x00006774       0x62 CMakeFiles/hello_world.dir/home/james/Downloads/KSDK_1.3.0/examples/frdmkl46z/demo_apps/hello_world/main.c.obj
 *fill*         0x000067d6        0x2 
 .rodata        0x000067d8        0x5 CMakeFiles/hello_world.dir/home/james/Downloads/KSDK_1.3.0/examples/frdmkl46z/demo_apps/hello_world/FreeRTOS/src/tasks.c.obj
 *fill*         0x000067dd        0x3 
 .rodata        0x000067e0        0x8 CMakeFiles/hello_world.dir/home/james/Downloads/KSDK_1.3.0/examples/frdmkl46z/demo_apps/hello_world/FreeRTOS/src/timers.c.obj
 .rodata        0x000067e8       0x8c CMakeFiles/hello_world.dir/home/james/Downloads/KSDK_1.3.0/examples/frdmkl46z/pin_mux.c.obj
 .rodata        0x00006874       0x8c CMakeFiles/hello_world.dir/home/james/Downloads/KSDK_1.3.0/examples/frdmkl46z/board.c.obj
 .rodata        0x00006900        0xc CMakeFiles/hello_world.dir/home/james/Downloads/KSDK_1.3.0/platform/utilities/src/fsl_debug_console.c.obj
 .rodata        0x0000690c       0xd2 ../../../../../lib/ksdk_platform_lib/armgcc/KL46Z4/debug/libksdk_platform.a(fsl_clock_manager.c.obj)
 *fill*         0x000069de        0x2 
 .rodata        0x000069e0      0x234 ../../../../../lib/ksdk_platform_lib/armgcc/KL46Z4/debug/libksdk_platform.a(fsl_clock_MKL46Z4.c.obj)
 .rodata        0x00006c14      0x16d ../../../../../lib/ksdk_platform_lib/armgcc/KL46Z4/debug/libksdk_platform.a(fsl_lptmr_driver.c.obj)
 *(.rodata*)
 *fill*         0x00006d81        0x3 
 .rodata.prvProcessReceivedCommands
                0x00006d84       0x28 CMakeFiles/hello_world.dir/home/james/Downloads/KSDK_1.3.0/examples/frdmkl46z/demo_apps/hello_world/FreeRTOS/src/timers.c.obj
 .rodata.__func__.5119
                0x00006dac       0x14 CMakeFiles/hello_world.dir/home/james/Downloads/KSDK_1.3.0/examples/frdmkl46z/pin_mux.c.obj
 .rodata.g_defaultClockConfigRun
                0x00006dc0       0x14 CMakeFiles/hello_world.dir/home/james/Downloads/KSDK_1.3.0/examples/frdmkl46z/board.c.obj
                0x00006dc0                g_defaultClockConfigRun
 .rodata.__func__.5143
                0x00006dd4       0x14 CMakeFiles/hello_world.dir/home/james/Downloads/KSDK_1.3.0/examples/frdmkl46z/board.c.obj
 .rodata._doprint
                0x00006de8       0xc8 CMakeFiles/hello_world.dir/home/james/Downloads/KSDK_1.3.0/platform/utilities/src/print_scan.c.obj
 .rodata.__func__.6789
                0x00006eb0       0x12 ../../../../../lib/ksdk_platform_lib/armgcc/KL46Z4/debug/libksdk_platform.a(fsl_clock_manager.c.obj)
 *fill*         0x00006ec2        0x2 
 .rodata.g_oscBase
                0x00006ec4        0x4 ../../../../../lib/ksdk_platform_lib/armgcc/KL46Z4/debug/libksdk_platform.a(fsl_clock_manager_common.c.obj)
                0x00006ec4                g_oscBase
 .rodata.portGateTable
                0x00006ec8        0x5 ../../../../../lib/ksdk_platform_lib/armgcc/KL46Z4/debug/libksdk_platform.a(fsl_clock_MKL46Z4.c.obj)
 *fill*         0x00006ecd        0x3 
 .rodata.uartGateTable
                0x00006ed0        0x3 ../../../../../lib/ksdk_platform_lib/armgcc/KL46Z4/debug/libksdk_platform.a(fsl_clock_MKL46Z4.c.obj)
 *fill*         0x00006ed3        0x1 
 .rodata.__func__.6488
                0x00006ed4       0x1a ../../../../../lib/ksdk_platform_lib/armgcc/KL46Z4/debug/libksdk_platform.a(fsl_clock_MKL46Z4.c.obj)
 *fill*         0x00006eee        0x2 
 .rodata.__func__.6561
                0x00006ef0       0x1b ../../../../../lib/ksdk_platform_lib/armgcc/KL46Z4/debug/libksdk_platform.a(fsl_clock_MKL46Z4.c.obj)
 *fill*         0x00006f0b        0x1 
 .rodata.__func__.6566
                0x00006f0c       0x1a ../../../../../lib/ksdk_platform_lib/armgcc/KL46Z4/debug/libksdk_platform.a(fsl_clock_MKL46Z4.c.obj)
 *fill*         0x00006f26        0x2 
 .rodata.__func__.6755
                0x00006f28       0x15 ../../../../../lib/ksdk_platform_lib/armgcc/KL46Z4/debug/libksdk_platform.a(fsl_lptmr_driver.c.obj)
 *fill*         0x00006f3d        0x3 
 .rodata.g_lptmrBase
                0x00006f40        0x4 ../../../../../lib/ksdk_platform_lib/armgcc/KL46Z4/debug/libksdk_platform.a(fsl_lptmr_common.c.obj)
                0x00006f40                g_lptmrBase
 .rodata.fllFactorTable.5344
                0x00006f44       0x10 ../../../../../lib/ksdk_platform_lib/armgcc/KL46Z4/debug/libksdk_platform.a(fsl_mcg_hal.c.obj)
 .rodata.str1.1
                0x00006f54       0x3c /home/james/Downloads/gcc-arm-none-eabi-5_4-2016q3/bin/../lib/gcc/arm-none-eabi/5.4.1/../../../../arm-none-eabi/lib/armv6-m/libc_nano.a(lib_a-assert.o)
                                 0x3d (size before relaxing)
 .rodata._global_impure_ptr
                0x00006f90        0x4 /home/james/Downloads/gcc-arm-none-eabi-5_4-2016q3/bin/../lib/gcc/arm-none-eabi/5.4.1/../../../../arm-none-eabi/lib/armv6-m/libc_nano.a(lib_a-impure.o)
                0x00006f90                _global_impure_ptr
 .rodata.str1.1
                0x00006f94       0x11 /home/james/Downloads/gcc-arm-none-eabi-5_4-2016q3/bin/../lib/gcc/arm-none-eabi/5.4.1/../../../../arm-none-eabi/lib/armv6-m/libc_nano.a(lib_a-nano-vfprintf.o)
 .rodata.str1.1
                0x00006fa5       0x22 /home/james/Downloads/gcc-arm-none-eabi-5_4-2016q3/bin/../lib/gcc/arm-none-eabi/5.4.1/../../../../arm-none-eabi/lib/armv6-m/libc_nano.a(lib_a-nano-vfprintf_i.o)
 *fill*         0x00006fc7        0x1 
 .rodata.__sf_fake_stdin
                0x00006fc8       0x20 /home/james/Downloads/gcc-arm-none-eabi-5_4-2016q3/bin/../lib/gcc/arm-none-eabi/5.4.1/../../../../arm-none-eabi/lib/armv6-m/libc_nano.a(lib_a-findfp.o)
                0x00006fc8                __sf_fake_stdin
 .rodata.__sf_fake_stdout
                0x00006fe8       0x20 /home/james/Downloads/gcc-arm-none-eabi-5_4-2016q3/bin/../lib/gcc/arm-none-eabi/5.4.1/../../../../arm-none-eabi/lib/armv6-m/libc_nano.a(lib_a-findfp.o)
                0x00006fe8                __sf_fake_stdout
 .rodata.__sf_fake_stderr
                0x00007008       0x20 /home/james/Downloads/gcc-arm-none-eabi-5_4-2016q3/bin/../lib/gcc/arm-none-eabi/5.4.1/../../../../arm-none-eabi/lib/armv6-m/libc_nano.a(lib_a-findfp.o)
                0x00007008                __sf_fake_stderr
 *(.glue_7)
 .glue_7        0x00007028        0x0 linker stubs
 *(.glue_7t)
 .glue_7t       0x00007028        0x0 linker stubs
 *(.eh_frame)
 .eh_frame      0x00007028        0x0 /home/james/Downloads/gcc-arm-none-eabi-5_4-2016q3/bin/../lib/gcc/arm-none-eabi/5.4.1/armv6-m/crtbegin.o
 *(.init)
 .init          0x00007028        0x4 /home/james/Downloads/gcc-arm-none-eabi-5_4-2016q3/bin/../lib/gcc/arm-none-eabi/5.4.1/armv6-m/crti.o
                0x00007028                _init
 .init          0x0000702c        0x8 /home/james/Downloads/gcc-arm-none-eabi-5_4-2016q3/bin/../lib/gcc/arm-none-eabi/5.4.1/armv6-m/crtn.o
 *(.fini)
 .fini          0x00007034        0x4 /home/james/Downloads/gcc-arm-none-eabi-5_4-2016q3/bin/../lib/gcc/arm-none-eabi/5.4.1/armv6-m/crti.o
                0x00007034                _fini
 .fini          0x00007038        0x8 /home/james/Downloads/gcc-arm-none-eabi-5_4-2016q3/bin/../lib/gcc/arm-none-eabi/5.4.1/armv6-m/crtn.o
                0x00007040                . = ALIGN (0x4)

.vfp11_veneer   0x00007040        0x0
 .vfp11_veneer  0x00007040        0x0 linker stubs

.v4_bx          0x00007040        0x0
 .v4_bx         0x00007040        0x0 linker stubs

.iplt           0x00007040        0x0
 .iplt          0x00007040        0x0 /home/james/Downloads/gcc-arm-none-eabi-5_4-2016q3/bin/../lib/gcc/arm-none-eabi/5.4.1/armv6-m/crtbegin.o

.ARM.extab
 *(.ARM.extab* .gnu.linkonce.armextab.*)

.ARM            0x00007040        0x8
                0x00007040                __exidx_start = .
 *(.ARM.exidx*)
 .ARM.exidx     0x00007040        0x8 /home/james/Downloads/gcc-arm-none-eabi-5_4-2016q3/bin/../lib/gcc/arm-none-eabi/5.4.1/../../../../arm-none-eabi/lib/armv6-m/crt0.o
                0x00007048                __exidx_end = .

.rel.dyn        0x00007048        0x0
 .rel.iplt      0x00007048        0x0 /home/james/Downloads/gcc-arm-none-eabi-5_4-2016q3/bin/../lib/gcc/arm-none-eabi/5.4.1/armv6-m/crtbegin.o

.ctors          0x00007048        0x0
                0x00007048                __CTOR_LIST__ = .
 *crtbegin.o(.ctors)
 *crtbegin?.o(.ctors)
 *(EXCLUDE_FILE(*crtend.o *crtend?.o) .ctors)
 *(SORT(.ctors.*))
 *(.ctors)
                0x00007048                __CTOR_END__ = .

.dtors          0x00007048        0x0
                0x00007048                __DTOR_LIST__ = .
 *crtbegin.o(.dtors)
 *crtbegin?.o(.dtors)
 *(EXCLUDE_FILE(*crtend.o *crtend?.o) .dtors)
 *(SORT(.dtors.*))
 *(.dtors)
                0x00007048                __DTOR_END__ = .

.preinit_array  0x00007048        0x0
                0x00007048                PROVIDE (__preinit_array_start, .)
 *(.preinit_array*)
                0x00007048                PROVIDE (__preinit_array_end, .)

.init_array     0x00007048        0x4
                0x00007048                PROVIDE (__init_array_start, .)
 *(SORT(.init_array.*))
 *(.init_array*)
 .init_array    0x00007048        0x4 /home/james/Downloads/gcc-arm-none-eabi-5_4-2016q3/bin/../lib/gcc/arm-none-eabi/5.4.1/armv6-m/crtbegin.o
                0x0000704c                PROVIDE (__init_array_end, .)

.fini_array     0x0000704c        0x4
                [!provide]                PROVIDE (__fini_array_start, .)
 *(SORT(.fini_array.*))
 *(.fini_array*)
 .fini_array    0x0000704c        0x4 /home/james/Downloads/gcc-arm-none-eabi-5_4-2016q3/bin/../lib/gcc/arm-none-eabi/5.4.1/armv6-m/crtbegin.o
                [!provide]                PROVIDE (__fini_array_end, .)
                0x00007050                __etext = .
                0x00007050                __DATA_ROM = .

.mtb            0x1fffe000        0x0
                0x1fffe000                . = ALIGN (0x8)
                0x1fffe000                _mtb_start = .
 *(.mtb_buf)
                0x1fffe000                . = ALIGN (0x8)
                0x1fffe000                _mtb_end = .

.interrupts_ram
                0x1fffe000        0x0
                0x1fffe000                . = ALIGN (0x4)
                0x1fffe000                __VECTOR_RAM__ = .
                0x1fffe000                __interrupts_ram_start__ = .
 *(.m_interrupts_ram)
                0x1fffe000                . = (. + M_VECTOR_RAM_SIZE)
                0x1fffe000                . = ALIGN (0x4)
                0x1fffe000                __interrupts_ram_end__ = .
                0x00000000                __VECTOR_RAM = DEFINED (__ram_vector_table__)?__VECTOR_RAM__:ORIGIN (m_interrupts)
                0x00000000                __RAM_VECTOR_TABLE_SIZE_BYTES = DEFINED (__ram_vector_table__)?(__interrupts_ram_end__ - __interrupts_ram_start__):0x0

.data           0x1fffe000       0x7c load address 0x00007050
                0x1fffe000                . = ALIGN (0x4)
                0x1fffe000                __DATA_RAM = .
                0x1fffe000                __data_start__ = .
 *(.data)
 *(.data*)
 .data.uxCriticalNesting
                0x1fffe000        0x4 CMakeFiles/hello_world.dir/home/james/Downloads/KSDK_1.3.0/examples/frdmkl46z/demo_apps/hello_world/FreeRTOS/port/gcc/port.c.obj
 .data.xNextTaskUnblockTime
                0x1fffe004        0x4 CMakeFiles/hello_world.dir/home/james/Downloads/KSDK_1.3.0/examples/frdmkl46z/demo_apps/hello_world/FreeRTOS/src/tasks.c.obj
 .data.SystemCoreClock
                0x1fffe008        0x4 CMakeFiles/hello_world.dir/home/james/Downloads/KSDK_1.3.0/platform/devices/MKL46Z4/startup/system_MKL46Z4.c.obj
                0x1fffe008                SystemCoreClock
 .data.g_fastInternalRefClkFreq
                0x1fffe00c        0x4 ../../../../../lib/ksdk_platform_lib/armgcc/KL46Z4/debug/libksdk_platform.a(fsl_mcg_hal.c.obj)
                0x1fffe00c                g_fastInternalRefClkFreq
 .data.g_slowInternalRefClkFreq
                0x1fffe010        0x4 ../../../../../lib/ksdk_platform_lib/armgcc/KL46Z4/debug/libksdk_platform.a(fsl_mcg_hal.c.obj)
                0x1fffe010                g_slowInternalRefClkFreq
 .data.impure_data
                0x1fffe014       0x60 /home/james/Downloads/gcc-arm-none-eabi-5_4-2016q3/bin/../lib/gcc/arm-none-eabi/5.4.1/../../../../arm-none-eabi/lib/armv6-m/libc_nano.a(lib_a-impure.o)
 .data._impure_ptr
                0x1fffe074        0x4 /home/james/Downloads/gcc-arm-none-eabi-5_4-2016q3/bin/../lib/gcc/arm-none-eabi/5.4.1/../../../../arm-none-eabi/lib/armv6-m/libc_nano.a(lib_a-impure.o)
                0x1fffe074                _impure_ptr
 *(.jcr*)
 .jcr           0x1fffe078        0x0 /home/james/Downloads/gcc-arm-none-eabi-5_4-2016q3/bin/../lib/gcc/arm-none-eabi/5.4.1/armv6-m/crtbegin.o
 .jcr           0x1fffe078        0x4 /home/james/Downloads/gcc-arm-none-eabi-5_4-2016q3/bin/../lib/gcc/arm-none-eabi/5.4.1/armv6-m/crtend.o
                0x1fffe07c                . = ALIGN (0x4)
                0x1fffe07c                __data_end__ = .
                0x000070cc                __DATA_END = (__DATA_ROM + (__data_end__ - __data_start__))
                0x00040000                text_end = (ORIGIN (m_text) + LENGTH (m_text))
                0x00000001                ASSERT ((__DATA_END <= text_end), region m_text overflowed with text and data)

.igot.plt       0x1fffe07c        0x0 load address 0x000070cc
 .igot.plt      0x1fffe07c        0x0 /home/james/Downloads/gcc-arm-none-eabi-5_4-2016q3/bin/../lib/gcc/arm-none-eabi/5.4.1/armv6-m/crtbegin.o

.bss            0x1fffe07c      0x4bc load address 0x000070cc
                0x1fffe07c                . = ALIGN (0x4)
                0x1fffe07c                __START_BSS = .
                0x1fffe07c                __bss_start__ = .
 *(.bss)
 .bss           0x1fffe07c       0x1c /home/james/Downloads/gcc-arm-none-eabi-5_4-2016q3/bin/../lib/gcc/arm-none-eabi/5.4.1/armv6-m/crtbegin.o
 *(.bss*)
 .bss.heap_end.5297
                0x1fffe098        0x4 CMakeFiles/hello_world.dir/home/james/Downloads/KSDK_1.3.0/platform/utilities/src/fsl_misc_utilities.c.obj
 .bss.X         0x1fffe09c       0x40 CMakeFiles/hello_world.dir/home/james/Downloads/KSDK_1.3.0/examples/frdmkl46z/demo_apps/hello_world/main.c.obj
                0x1fffe09c                X
 .bss.Y         0x1fffe0dc       0x40 CMakeFiles/hello_world.dir/home/james/Downloads/KSDK_1.3.0/examples/frdmkl46z/demo_apps/hello_world/main.c.obj
                0x1fffe0dc                Y
 .bss.Z         0x1fffe11c       0x40 CMakeFiles/hello_world.dir/home/james/Downloads/KSDK_1.3.0/examples/frdmkl46z/demo_apps/hello_world/main.c.obj
                0x1fffe11c                Z
 .bss.T         0x1fffe15c       0x40 CMakeFiles/hello_world.dir/home/james/Downloads/KSDK_1.3.0/examples/frdmkl46z/demo_apps/hello_world/main.c.obj
                0x1fffe15c                T
 .bss.T1        0x1fffe19c       0x40 CMakeFiles/hello_world.dir/home/james/Downloads/KSDK_1.3.0/examples/frdmkl46z/demo_apps/hello_world/main.c.obj
                0x1fffe19c                T1
 .bss.L         0x1fffe1dc       0x80 CMakeFiles/hello_world.dir/home/james/Downloads/KSDK_1.3.0/examples/frdmkl46z/demo_apps/hello_world/main.c.obj
                0x1fffe1dc                L
 .bss.i         0x1fffe25c        0x1 CMakeFiles/hello_world.dir/home/james/Downloads/KSDK_1.3.0/examples/frdmkl46z/demo_apps/hello_world/main.c.obj
                0x1fffe25c                i
 *fill*         0x1fffe25d        0x1 
 .bss.Xv        0x1fffe25e        0x2 CMakeFiles/hello_world.dir/home/james/Downloads/KSDK_1.3.0/examples/frdmkl46z/demo_apps/hello_world/main.c.obj
                0x1fffe25e                Xv
 .bss.Yv        0x1fffe260        0x2 CMakeFiles/hello_world.dir/home/james/Downloads/KSDK_1.3.0/examples/frdmkl46z/demo_apps/hello_world/main.c.obj
                0x1fffe260                Yv
 .bss.Zv        0x1fffe262        0x2 CMakeFiles/hello_world.dir/home/james/Downloads/KSDK_1.3.0/examples/frdmkl46z/demo_apps/hello_world/main.c.obj
                0x1fffe262                Zv
 .bss.Lv        0x1fffe264        0x4 CMakeFiles/hello_world.dir/home/james/Downloads/KSDK_1.3.0/examples/frdmkl46z/demo_apps/hello_world/main.c.obj
                0x1fffe264                Lv
 .bss.Tv        0x1fffe268        0x4 CMakeFiles/hello_world.dir/home/james/Downloads/KSDK_1.3.0/examples/frdmkl46z/demo_apps/hello_world/main.c.obj
                0x1fffe268                Tv
 .bss.T1v       0x1fffe26c        0x4 CMakeFiles/hello_world.dir/home/james/Downloads/KSDK_1.3.0/examples/frdmkl46z/demo_apps/hello_world/main.c.obj
                0x1fffe26c                T1v
 .bss.baseline  0x1fffe270        0x1 CMakeFiles/hello_world.dir/home/james/Downloads/KSDK_1.3.0/examples/frdmkl46z/demo_apps/hello_world/main.c.obj
                0x1fffe270                baseline
 .bss.baseline1
                0x1fffe271        0x1 CMakeFiles/hello_world.dir/home/james/Downloads/KSDK_1.3.0/examples/frdmkl46z/demo_apps/hello_world/main.c.obj
                0x1fffe271                baseline1
 .bss.lightBaseline
                0x1fffe272        0x2 CMakeFiles/hello_world.dir/home/james/Downloads/KSDK_1.3.0/examples/frdmkl46z/demo_apps/hello_world/main.c.obj
                0x1fffe272                lightBaseline
 .bss.lbPressed
                0x1fffe274        0x1 CMakeFiles/hello_world.dir/home/james/Downloads/KSDK_1.3.0/examples/frdmkl46z/demo_apps/hello_world/main.c.obj
                0x1fffe274                lbPressed
 *fill*         0x1fffe275        0x3 
 .bss.m_status  0x1fffe278        0x7 CMakeFiles/hello_world.dir/home/james/Downloads/KSDK_1.3.0/examples/frdmkl46z/demo_apps/hello_world/main.c.obj
                0x1fffe278                m_status
 *fill*         0x1fffe27f        0x1 
 .bss.xJumpBuf  0x1fffe280       0x5c CMakeFiles/hello_world.dir/home/james/Downloads/KSDK_1.3.0/examples/frdmkl46z/demo_apps/hello_world/FreeRTOS/port/gcc/port.c.obj
 .bss.pxCurrentTCB
                0x1fffe2dc        0x4 CMakeFiles/hello_world.dir/home/james/Downloads/KSDK_1.3.0/examples/frdmkl46z/demo_apps/hello_world/FreeRTOS/src/tasks.c.obj
                0x1fffe2dc                pxCurrentTCB
 .bss.pxReadyTasksLists
                0x1fffe2e0      0x168 CMakeFiles/hello_world.dir/home/james/Downloads/KSDK_1.3.0/examples/frdmkl46z/demo_apps/hello_world/FreeRTOS/src/tasks.c.obj
 .bss.xDelayedTaskList1
                0x1fffe448       0x14 CMakeFiles/hello_world.dir/home/james/Downloads/KSDK_1.3.0/examples/frdmkl46z/demo_apps/hello_world/FreeRTOS/src/tasks.c.obj
 .bss.xDelayedTaskList2
                0x1fffe45c       0x14 CMakeFiles/hello_world.dir/home/james/Downloads/KSDK_1.3.0/examples/frdmkl46z/demo_apps/hello_world/FreeRTOS/src/tasks.c.obj
 .bss.pxDelayedTaskList
                0x1fffe470        0x4 CMakeFiles/hello_world.dir/home/james/Downloads/KSDK_1.3.0/examples/frdmkl46z/demo_apps/hello_world/FreeRTOS/src/tasks.c.obj
 .bss.pxOverflowDelayedTaskList
                0x1fffe474        0x4 CMakeFiles/hello_world.dir/home/james/Downloads/KSDK_1.3.0/examples/frdmkl46z/demo_apps/hello_world/FreeRTOS/src/tasks.c.obj
 .bss.xPendingReadyList
                0x1fffe478       0x14 CMakeFiles/hello_world.dir/home/james/Downloads/KSDK_1.3.0/examples/frdmkl46z/demo_apps/hello_world/FreeRTOS/src/tasks.c.obj
 .bss.xTasksWaitingTermination
                0x1fffe48c       0x14 CMakeFiles/hello_world.dir/home/james/Downloads/KSDK_1.3.0/examples/frdmkl46z/demo_apps/hello_world/FreeRTOS/src/tasks.c.obj
 .bss.uxTasksDeleted
                0x1fffe4a0        0x4 CMakeFiles/hello_world.dir/home/james/Downloads/KSDK_1.3.0/examples/frdmkl46z/demo_apps/hello_world/FreeRTOS/src/tasks.c.obj
 .bss.xSuspendedTaskList
                0x1fffe4a4       0x14 CMakeFiles/hello_world.dir/home/james/Downloads/KSDK_1.3.0/examples/frdmkl46z/demo_apps/hello_world/FreeRTOS/src/tasks.c.obj
 .bss.uxCurrentNumberOfTasks
                0x1fffe4b8        0x4 CMakeFiles/hello_world.dir/home/james/Downloads/KSDK_1.3.0/examples/frdmkl46z/demo_apps/hello_world/FreeRTOS/src/tasks.c.obj
 .bss.xTickCount
                0x1fffe4bc        0x4 CMakeFiles/hello_world.dir/home/james/Downloads/KSDK_1.3.0/examples/frdmkl46z/demo_apps/hello_world/FreeRTOS/src/tasks.c.obj
 .bss.uxTopReadyPriority
                0x1fffe4c0        0x4 CMakeFiles/hello_world.dir/home/james/Downloads/KSDK_1.3.0/examples/frdmkl46z/demo_apps/hello_world/FreeRTOS/src/tasks.c.obj
 .bss.xSchedulerRunning
                0x1fffe4c4        0x4 CMakeFiles/hello_world.dir/home/james/Downloads/KSDK_1.3.0/examples/frdmkl46z/demo_apps/hello_world/FreeRTOS/src/tasks.c.obj
 .bss.uxPendedTicks
                0x1fffe4c8        0x4 CMakeFiles/hello_world.dir/home/james/Downloads/KSDK_1.3.0/examples/frdmkl46z/demo_apps/hello_world/FreeRTOS/src/tasks.c.obj
 .bss.xYieldPending
                0x1fffe4cc        0x4 CMakeFiles/hello_world.dir/home/james/Downloads/KSDK_1.3.0/examples/frdmkl46z/demo_apps/hello_world/FreeRTOS/src/tasks.c.obj
 .bss.xNumOfOverflows
                0x1fffe4d0        0x4 CMakeFiles/hello_world.dir/home/james/Downloads/KSDK_1.3.0/examples/frdmkl46z/demo_apps/hello_world/FreeRTOS/src/tasks.c.obj
 .bss.uxTaskNumber
                0x1fffe4d4        0x4 CMakeFiles/hello_world.dir/home/james/Downloads/KSDK_1.3.0/examples/frdmkl46z/demo_apps/hello_world/FreeRTOS/src/tasks.c.obj
 .bss.uxSchedulerSuspended
                0x1fffe4d8        0x4 CMakeFiles/hello_world.dir/home/james/Downloads/KSDK_1.3.0/examples/frdmkl46z/demo_apps/hello_world/FreeRTOS/src/tasks.c.obj
 .bss.xActiveTimerList1
                0x1fffe4dc       0x14 CMakeFiles/hello_world.dir/home/james/Downloads/KSDK_1.3.0/examples/frdmkl46z/demo_apps/hello_world/FreeRTOS/src/timers.c.obj
 .bss.xActiveTimerList2
                0x1fffe4f0       0x14 CMakeFiles/hello_world.dir/home/james/Downloads/KSDK_1.3.0/examples/frdmkl46z/demo_apps/hello_world/FreeRTOS/src/timers.c.obj
 .bss.pxCurrentTimerList
                0x1fffe504        0x4 CMakeFiles/hello_world.dir/home/james/Downloads/KSDK_1.3.0/examples/frdmkl46z/demo_apps/hello_world/FreeRTOS/src/timers.c.obj
 .bss.pxOverflowTimerList
                0x1fffe508        0x4 CMakeFiles/hello_world.dir/home/james/Downloads/KSDK_1.3.0/examples/frdmkl46z/demo_apps/hello_world/FreeRTOS/src/timers.c.obj
 .bss.xTimerQueue
                0x1fffe50c        0x4 CMakeFiles/hello_world.dir/home/james/Downloads/KSDK_1.3.0/examples/frdmkl46z/demo_apps/hello_world/FreeRTOS/src/timers.c.obj
 .bss.xLastTime.4839
                0x1fffe510        0x4 CMakeFiles/hello_world.dir/home/james/Downloads/KSDK_1.3.0/examples/frdmkl46z/demo_apps/hello_world/FreeRTOS/src/timers.c.obj
 .bss.s_debugConsole
                0x1fffe514       0x10 CMakeFiles/hello_world.dir/home/james/Downloads/KSDK_1.3.0/platform/utilities/src/fsl_debug_console.c.obj
 .bss.g_lptmrStatePtr
                0x1fffe524        0x4 ../../../../../lib/ksdk_platform_lib/armgcc/KL46Z4/debug/libksdk_platform.a(fsl_lptmr_common.c.obj)
                0x1fffe524                g_lptmrStatePtr
 .bss.g_xtal0ClkFreq
                0x1fffe528        0x4 ../../../../../lib/ksdk_platform_lib/armgcc/KL46Z4/debug/libksdk_platform.a(fsl_mcg_hal.c.obj)
                0x1fffe528                g_xtal0ClkFreq
 .bss.__malloc_sbrk_start
                0x1fffe52c        0x4 /home/james/Downloads/gcc-arm-none-eabi-5_4-2016q3/bin/../lib/gcc/arm-none-eabi/5.4.1/../../../../arm-none-eabi/lib/armv6-m/libc_nano.a(lib_a-nano-mallocr.o)
                0x1fffe52c                __malloc_sbrk_start
 .bss.__malloc_free_list
                0x1fffe530        0x4 /home/james/Downloads/gcc-arm-none-eabi-5_4-2016q3/bin/../lib/gcc/arm-none-eabi/5.4.1/../../../../arm-none-eabi/lib/armv6-m/libc_nano.a(lib_a-nano-mallocr.o)
                0x1fffe530                __malloc_free_list
 *(COMMON)
 COMMON         0x1fffe534        0x4 /home/james/Downloads/gcc-arm-none-eabi-5_4-2016q3/bin/../lib/gcc/arm-none-eabi/5.4.1/../../../../arm-none-eabi/lib/armv6-m/libc_nano.a(lib_a-reent.o)
                0x1fffe534                errno
                0x1fffe538                . = ALIGN (0x4)
                0x1fffe538                __bss_end__ = .
                0x1fffe538                __END_BSS = .

.heap           0x1fffe538     0x2000 load address 0x00007588
                0x1fffe538                . = ALIGN (0x8)
                0x1fffe538                __end__ = .
                0x1fffe538                PROVIDE (end, .)
                0x1fffe538                __HeapBase = .
                0x20000538                . = (. + HEAP_SIZE)
 *fill*         0x1fffe538     0x2000 
                0x20000538                __HeapLimit = .

.stack          0x20000538     0x2000 load address 0x00009588
                0x20000538                . = ALIGN (0x8)
                0x20002538                . = (. + STACK_SIZE)
 *fill*         0x20000538     0x2000 
                0x20006000                __StackTop = (ORIGIN (m_data) + LENGTH (m_data))
                0x20004000                __StackLimit = (__StackTop - STACK_SIZE)
                0x20006000                PROVIDE (__stack, __StackTop)

.ARM.attributes
                0x00000000       0x28
 *(.ARM.attributes)
 .ARM.attributes
                0x00000000       0x1e /home/james/Downloads/gcc-arm-none-eabi-5_4-2016q3/bin/../lib/gcc/arm-none-eabi/5.4.1/armv6-m/crti.o
 .ARM.attributes
                0x0000001e       0x2c /home/james/Downloads/gcc-arm-none-eabi-5_4-2016q3/bin/../lib/gcc/arm-none-eabi/5.4.1/armv6-m/crtbegin.o
 .ARM.attributes
                0x0000004a       0x1b /home/james/Downloads/gcc-arm-none-eabi-5_4-2016q3/bin/../lib/gcc/arm-none-eabi/5.4.1/../../../../arm-none-eabi/lib/armv6-m/crt0.o
 .ARM.attributes
                0x00000065       0x32 CMakeFiles/hello_world.dir/home/james/Downloads/KSDK_1.3.0/platform/utilities/src/fsl_misc_utilities.c.obj
 .ARM.attributes
                0x00000097       0x1b CMakeFiles/hello_world.dir/home/james/Downloads/KSDK_1.3.0/platform/devices/MKL46Z4/startup/gcc/startup_MKL46Z4.S.obj
 .ARM.attributes
                0x000000b2       0x32 CMakeFiles/hello_world.dir/home/james/Downloads/KSDK_1.3.0/examples/frdmkl46z/demo_apps/hello_world/main.c.obj
 .ARM.attributes
                0x000000e4       0x32 CMakeFiles/hello_world.dir/home/james/Downloads/KSDK_1.3.0/examples/frdmkl46z/demo_apps/hello_world/FreeRTOS/port/gcc/port.c.obj
 .ARM.attributes
                0x00000116       0x32 CMakeFiles/hello_world.dir/home/james/Downloads/KSDK_1.3.0/examples/frdmkl46z/demo_apps/hello_world/FreeRTOS/src/heap_3.c.obj
 .ARM.attributes
                0x00000148       0x32 CMakeFiles/hello_world.dir/home/james/Downloads/KSDK_1.3.0/examples/frdmkl46z/demo_apps/hello_world/FreeRTOS/src/list.c.obj
 .ARM.attributes
                0x0000017a       0x32 CMakeFiles/hello_world.dir/home/james/Downloads/KSDK_1.3.0/examples/frdmkl46z/demo_apps/hello_world/FreeRTOS/src/queue.c.obj
 .ARM.attributes
                0x000001ac       0x32 CMakeFiles/hello_world.dir/home/james/Downloads/KSDK_1.3.0/examples/frdmkl46z/demo_apps/hello_world/FreeRTOS/src/tasks.c.obj
 .ARM.attributes
                0x000001de       0x32 CMakeFiles/hello_world.dir/home/james/Downloads/KSDK_1.3.0/examples/frdmkl46z/demo_apps/hello_world/FreeRTOS/src/timers.c.obj
 .ARM.attributes
                0x00000210       0x32 CMakeFiles/hello_world.dir/home/james/Downloads/KSDK_1.3.0/examples/frdmkl46z/demo_apps/hello_world/fsl_lptmr_irq.c.obj
 .ARM.attributes
                0x00000242       0x32 CMakeFiles/hello_world.dir/home/james/Downloads/KSDK_1.3.0/examples/frdmkl46z/demo_apps/hello_world/hardware_init.c.obj
 .ARM.attributes
                0x00000274       0x32 CMakeFiles/hello_world.dir/home/james/Downloads/KSDK_1.3.0/examples/frdmkl46z/pin_mux.c.obj
 .ARM.attributes
                0x000002a6       0x32 CMakeFiles/hello_world.dir/home/james/Downloads/KSDK_1.3.0/examples/frdmkl46z/board.c.obj
 .ARM.attributes
                0x000002d8       0x32 CMakeFiles/hello_world.dir/home/james/Downloads/KSDK_1.3.0/platform/utilities/src/fsl_debug_console.c.obj
 .ARM.attributes
                0x0000030a       0x32 CMakeFiles/hello_world.dir/home/james/Downloads/KSDK_1.3.0/platform/utilities/src/print_scan.c.obj
 .ARM.attributes
                0x0000033c       0x32 CMakeFiles/hello_world.dir/home/james/Downloads/KSDK_1.3.0/platform/devices/MKL46Z4/startup/system_MKL46Z4.c.obj
 .ARM.attributes
                0x0000036e       0x32 CMakeFiles/hello_world.dir/home/james/Downloads/KSDK_1.3.0/platform/devices/startup.c.obj
 .ARM.attributes
                0x000003a0       0x32 ../../../../../lib/ksdk_platform_lib/armgcc/KL46Z4/debug/libksdk_platform.a(fsl_clock_manager.c.obj)
 .ARM.attributes
                0x000003d2       0x32 ../../../../../lib/ksdk_platform_lib/armgcc/KL46Z4/debug/libksdk_platform.a(fsl_clock_manager_common.c.obj)
 .ARM.attributes
                0x00000404       0x32 ../../../../../lib/ksdk_platform_lib/armgcc/KL46Z4/debug/libksdk_platform.a(fsl_clock_MKL46Z4.c.obj)
 .ARM.attributes
                0x00000436       0x32 ../../../../../lib/ksdk_platform_lib/armgcc/KL46Z4/debug/libksdk_platform.a(fsl_lpsci_hal.c.obj)
 .ARM.attributes
                0x00000468       0x32 ../../../../../lib/ksdk_platform_lib/armgcc/KL46Z4/debug/libksdk_platform.a(fsl_lptmr_driver.c.obj)
 .ARM.attributes
                0x0000049a       0x32 ../../../../../lib/ksdk_platform_lib/armgcc/KL46Z4/debug/libksdk_platform.a(fsl_lptmr_common.c.obj)
 .ARM.attributes
                0x000004cc       0x32 ../../../../../lib/ksdk_platform_lib/armgcc/KL46Z4/debug/libksdk_platform.a(fsl_mcg_hal.c.obj)
 .ARM.attributes
                0x000004fe       0x32 ../../../../../lib/ksdk_platform_lib/armgcc/KL46Z4/debug/libksdk_platform.a(fsl_mcg_hal_modes.c.obj)
 .ARM.attributes
                0x00000530       0x32 ../../../../../lib/ksdk_platform_lib/armgcc/KL46Z4/debug/libksdk_platform.a(fsl_osc_hal.c.obj)
 .ARM.attributes
                0x00000562       0x32 ../../../../../lib/ksdk_platform_lib/armgcc/KL46Z4/debug/libksdk_platform.a(fsl_sim_hal_MKL46Z4.c.obj)
 .ARM.attributes
                0x00000594       0x32 ../../../../../lib/ksdk_platform_lib/armgcc/KL46Z4/debug/libksdk_platform.a(fsl_uart_hal.c.obj)
 .ARM.attributes
                0x000005c6       0x2c /home/james/Downloads/gcc-arm-none-eabi-5_4-2016q3/bin/../lib/gcc/arm-none-eabi/5.4.1/../../../../arm-none-eabi/lib/armv6-m/libc_nano.a(lib_a-abs.o)
 .ARM.attributes
                0x000005f2       0x2c /home/james/Downloads/gcc-arm-none-eabi-5_4-2016q3/bin/../lib/gcc/arm-none-eabi/5.4.1/../../../../arm-none-eabi/lib/armv6-m/libc_nano.a(lib_a-assert.o)
 .ARM.attributes